Product: MDK-ARM Standard 5.10
Component: ARM Compiler 5.04 update 1 (build 49)
Tool: armlink [5040049]

==============================================================================

Section Cross References

    croutine.o(.text) refers to list.o(.text) for vListInitialise
    croutine.o(.text) refers to heap_2.o(.text) for pvPortMalloc
    croutine.o(.text) refers to port.o(.emb_text) for ulPortSetInterruptMask
    croutine.o(.text) refers to tasks.o(.text) for xTaskGetTickCount
    croutine.o(.text) refers to croutine.o(.bss) for pxReadyCoRoutineLists
    croutine.o(.text) refers to croutine.o(.data) for pxDelayedCoRoutineList
    event_groups.o(.text) refers to heap_2.o(.text) for pvPortMalloc
    event_groups.o(.text) refers to list.o(.text) for vListInitialise
    event_groups.o(.text) refers to tasks.o(.text) for vTaskSuspendAll
    event_groups.o(.text) refers to port.o(.text) for vPortYield
    event_groups.o(.text) refers to port.o(.emb_text) for ulPortSetInterruptMask
    queue.o(.text) refers to port.o(.text) for vPortEnterCritical
    queue.o(.text) refers to tasks.o(.text) for xTaskRemoveFromEventList
    queue.o(.text) refers to list.o(.text) for vListInitialise
    queue.o(.text) refers to heap_2.o(.text) for pvPortMalloc
    queue.o(.text) refers to memcpya.o(.text) for __aeabi_memcpy
    queue.o(.text) refers to port.o(.emb_text) for ulPortSetInterruptMask
    tasks.o(.text) refers to list.o(.text) for vListInitialise
    tasks.o(.text) refers to heap_2.o(.text) for pvPortMalloc
    tasks.o(.text) refers to port.o(.text) for pxPortInitialiseStack
    tasks.o(.text) refers to tasks.o(.bss) for pxReadyTasksLists
    tasks.o(.text) refers to tasks.o(.data) for pxDelayedTaskList
    tasks.o(.text) refers to port.o(.emb_text) for ulPortSetInterruptMask
    port.o(.emb_text) refers to tasks.o(.text) for vTaskSwitchContext
    port.o(.emb_text) refers to tasks.o(.data) for pxCurrentTCB
    port.o(.text) refers to port.o(.emb_text) for ulPortSetInterruptMask
    port.o(.text) refers to tasks.o(.text) for xTaskIncrementTick
    port.o(.text) refers to port.o(.data) for uxCriticalNesting
    heap_2.o(.text) refers to tasks.o(.text) for vTaskSuspendAll
    heap_2.o(.text) refers to heap_2.o(.bss) for ucHeap
    heap_2.o(.text) refers to heap_2.o(.data) for xStart
    system_stm32f10x.o(.text) refers to system_stm32f10x.o(.data) for SystemCoreClock
    stm32f10x_adc.o(.text) refers to stm32f10x_rcc.o(.text) for RCC_APB2PeriphResetCmd
    stm32f10x_bkp.o(.text) refers to stm32f10x_rcc.o(.text) for RCC_BackupResetCmd
    stm32f10x_can.o(.text) refers to stm32f10x_rcc.o(.text) for RCC_APB1PeriphResetCmd
    stm32f10x_cec.o(.text) refers to stm32f10x_rcc.o(.text) for RCC_APB1PeriphResetCmd
    stm32f10x_dac.o(.text) refers to stm32f10x_rcc.o(.text) for RCC_APB1PeriphResetCmd
    stm32f10x_gpio.o(.text) refers to stm32f10x_rcc.o(.text) for RCC_APB2PeriphResetCmd
    stm32f10x_i2c.o(.text) refers to stm32f10x_rcc.o(.text) for RCC_APB1PeriphResetCmd
    stm32f10x_pwr.o(.text) refers to stm32f10x_rcc.o(.text) for RCC_APB1PeriphResetCmd
    stm32f10x_rcc.o(.text) refers to stm32f10x_rcc.o(.data) for APBAHBPrescTable
    stm32f10x_spi.o(.text) refers to stm32f10x_rcc.o(.text) for RCC_APB2PeriphResetCmd
    stm32f10x_tim.o(.text) refers to stm32f10x_rcc.o(.text) for RCC_APB2PeriphResetCmd
    stm32f10x_usart.o(.text) refers to stm32f10x_rcc.o(.text) for RCC_APB2PeriphResetCmd
    stm32f10x_wwdg.o(.text) refers to stm32f10x_rcc.o(.text) for RCC_APB1PeriphResetCmd
    startup_stm32f10x_hd_rtos.o(RESET) refers to startup_stm32f10x_hd_rtos.o(STACK) for __initial_sp
    startup_stm32f10x_hd_rtos.o(RESET) refers to startup_stm32f10x_hd_rtos.o(.text) for Reset_Handler
    startup_stm32f10x_hd_rtos.o(RESET) refers to stm32f10x_it.o(.text) for NMI_Handler
    startup_stm32f10x_hd_rtos.o(RESET) refers to port.o(.emb_text) for vPortSVCHandler
    startup_stm32f10x_hd_rtos.o(RESET) refers to port.o(.text) for xPortSysTickHandler
    startup_stm32f10x_hd_rtos.o(RESET) refers to usart.o(.text) for USART1_IRQHandler
    startup_stm32f10x_hd_rtos.o(.text) refers to system_stm32f10x.o(.text) for SystemInit
    startup_stm32f10x_hd_rtos.o(.text) refers to entry.o(.ARM.Collect$$$$00000000) for __main
    main.o(.text) refers to stm32f10x_rcc.o(.text) for RCC_APB2PeriphClockCmd
    main.o(.text) refers to stm32f10x_gpio.o(.text) for GPIO_Init
    main.o(.text) refers to queue.o(.text) for xQueueGenericReceive
    main.o(.text) refers to vprintstring.o(.text) for vPrintString
    main.o(.text) refers to tasks.o(.text) for vTaskDelay
    main.o(.text) refers to dac.o(.text) for Dac1_Set_Vol
    main.o(.text) refers to printf5.o(i.__0printf$5) for __2printf
    main.o(.text) refers to gpio.o(.text) for IO_Init
    main.o(.text) refers to usart.o(.text) for uart_init
    main.o(.text) refers to pwm.o(.text) for Pwm_Init
    main.o(.text) refers to main.o(.data) for xMutex
[...]
    printf2.o(i.__0snprintf$2) refers to printf2.o(i._printf_core) for _printf_core
    printf2.o(i.__0snprintf$2) refers to printf2.o(i._snputc) for _snputc
    printf2.o(i.__0sprintf$2) refers to printf2.o(i._printf_core) for _printf_core
    printf2.o(i.__0sprintf$2) refers to printf2.o(i._sputc) for _sputc
    printf2.o(i.__0vfprintf$2) refers to printf2.o(i._printf_core) for _printf_core
    printf2.o(i.__0vfprintf$2) refers to usart.o(.text) for fputc
    printf2.o(i.__0vprintf$2) refers to printf2.o(i._printf_core) for _printf_core
    printf2.o(i.__0vprintf$2) refers to usart.o(.text) for fputc
    printf2.o(i.__0vprintf$2) refers to stdout.o(.data) for __stdout
    printf2.o(i.__0vsnprintf$2) refers to printf2.o(i._printf_core) for _printf_core
    printf2.o(i.__0vsnprintf$2) refers to printf2.o(i._snputc) for _snputc
    printf2.o(i.__0vsprintf$2) refers to printf2.o(i._printf_core) for _printf_core
    printf2.o(i.__0vsprintf$2) refers to printf2.o(i._sputc) for _sputc
    printf3.o(i.__0fprintf$3) refers to printf3.o(i._printf_core) for _printf_core
    printf3.o(i.__0fprintf$3) refers to usart.o(.text) for fputc
    printf3.o(i.__0printf$3) refers to printf3.o(i._printf_core) for _printf_core
    printf3.o(i.__0printf$3) refers to usart.o(.text) for fputc
    printf3.o(i.__0printf$3) refers to stdout.o(.data) for __stdout
    printf3.o(i.__0snprintf$3) refers to printf3.o(i._printf_core) for _printf_core
    printf3.o(i.__0snprintf$3) refers to printf3.o(i._snputc) for _snputc
    printf3.o(i.__0sprintf$3) refers to printf3.o(i._printf_core) for _printf_core
    printf3.o(i.__0sprintf$3) refers to printf3.o(i._sputc) for _sputc
    printf3.o(i.__0vfprintf$3) refers to printf3.o(i._printf_core) for _printf_core
    printf3.o(i.__0vfprintf$3) refers to usart.o(.text) for fputc
    printf3.o(i.__0vprintf$3) refers to printf3.o(i._printf_core) for _printf_core
    printf3.o(i.__0vprintf$3) refers to usart.o(.text) for fputc
    printf3.o(i.__0vprintf$3) refers to stdout.o(.data) for __stdout
    printf3.o(i.__0vsnprintf$3) refers to printf3.o(i._printf_core) for _printf_core
    printf3.o(i.__0vsnprintf$3) refers to printf3.o(i._snputc) for _snputc
    printf3.o(i.__0vsprintf$3) refers to printf3.o(i._printf_core) for _printf_core
    printf3.o(i.__0vsprintf$3) refers to printf3.o(i._sputc) for _sputc
    printf3.o(i._printf_core) refers to uidiv.o(.text) for __aeabi_uidivmod
    printf4.o(i.__0fprintf$4) refers to printf4.o(i._printf_core) for _printf_core
    printf4.o(i.__0fprintf$4) refers to usart.o(.text) for fputc
    printf4.o(i.__0printf$4) refers to printf4.o(i._printf_core) for _printf_core
    printf4.o(i.__0printf$4) refers to usart.o(.text) for fputc
    printf4.o(i.__0printf$4) refers to stdout.o(.data) for __stdout
    printf4.o(i.__0snprintf$4) refers to printf4.o(i._printf_core) for _printf_core
    printf4.o(i.__0snprintf$4) refers to printf4.o(i._snputc) for _snputc
    printf4.o(i.__0sprintf$4) refers to printf4.o(i._printf_core) for _printf_core
    printf4.o(i.__0sprintf$4) refers to printf4.o(i._sputc) for _sputc
    printf4.o(i.__0vfprintf$4) refers to printf4.o(i._printf_core) for _printf_core
    printf4.o(i.__0vfprintf$4) refers to usart.o(.text) for fputc
    printf4.o(i.__0vprintf$4) refers to printf4.o(i._printf_core) for _printf_core
    printf4.o(i.__0vprintf$4) refers to usart.o(.text) for fputc
    printf4.o(i.__0vprintf$4) refers to stdout.o(.data) for __stdout
    printf4.o(i.__0vsnprintf$4) refers to printf4.o(i._printf_core) for _printf_core
    printf4.o(i.__0vsnprintf$4) refers to printf4.o(i._snputc) for _snputc
    printf4.o(i.__0vsprintf$4) refers to printf4.o(i._printf_core) for _printf_core
    printf4.o(i.__0vsprintf$4) refers to printf4.o(i._sputc) for _sputc
    printf4.o(i._printf_core) refers to uldiv.o(.text) for __aeabi_uldivmod
    printf5.o(i.__0fprintf$5) refers to printf5.o(i._printf_core) for _printf_core
    printf5.o(i.__0fprintf$5) refers to usart.o(.text) for fputc
    printf5.o(i.__0printf$5) refers to printf5.o(i._printf_core) for _printf_core
    printf5.o(i.__0printf$5) refers to usart.o(.text) for fputc
    printf5.o(i.__0printf$5) refers to stdout.o(.data) for __stdout
    printf5.o(i.__0snprintf$5) refers to printf5.o(i._printf_core) for _printf_core
    printf5.o(i.__0snprintf$5) refers to printf5.o(i._snputc) for _snputc
    printf5.o(i.__0sprintf$5) refers to printf5.o(i._printf_core) for _printf_core
    printf5.o(i.__0sprintf$5) refers to printf5.o(i._sputc) for _sputc
    printf5.o(i.__0vfprintf$5) refers to printf5.o(i._printf_core) for _printf_core
    printf5.o(i.__0vfprintf$5) refers to usart.o(.text) for fputc
    printf5.o(i.__0vprintf$5) refers to printf5.o(i._printf_core) for _printf_core
    printf5.o(i.__0vprintf$5) refers to usart.o(.text) for fputc
    printf5.o(i.__0vprintf$5) refers to stdout.o(.data) for __stdout
    printf5.o(i.__0vsnprintf$5) refers to printf5.o(i._printf_core) for _printf_core
    printf5.o(i.__0vsnprintf$5) refers to printf5.o(i._snputc) for _snputc
    printf5.o(i.__0vsprintf$5) refers to printf5.o(i._printf_core) for _printf_core
    printf5.o(i.__0vsprintf$5) refers to printf5.o(i._sputc) for _sputc
    printf5.o(i._printf_core) refers to uldiv.o(.text) for __aeabi_uldivmod
    printf6.o(i.__0fprintf$6) refers to printf6.o(i._printf_core) for _printf_core
    printf6.o(i.__0fprintf$6) refers to usart.o(.text) for fputc
    printf6.o(i.__0printf$6) refers to printf6.o(i._printf_core) for _printf_core
    printf6.o(i.__0printf$6) refers to usart.o(.text) for fputc
    printf6.o(i.__0printf$6) refers to stdout.o(.data) for __stdout
    printf6.o(i.__0snprintf$6) refers to printf6.o(i._printf_core) for _printf_core
    printf6.o(i.__0snprintf$6) refers to printf6.o(i._snputc) for _snputc
    printf6.o(i.__0sprintf$6) refers to printf6.o(i._printf_core) for _printf_core
    printf6.o(i.__0sprintf$6) refers to printf6.o(i._sputc) for _sputc
    printf6.o(i.__0vfprintf$6) refers to printf6.o(i._printf_core) for _printf_core
    printf6.o(i.__0vfprintf$6) refers to usart.o(.text) for fputc
    printf6.o(i.__0vprintf$6) refers to printf6.o(i._printf_core) for _printf_core
    printf6.o(i.__0vprintf$6) refers to usart.o(.text) for fputc
    printf6.o(i.__0vprintf$6) refers to stdout.o(.data) for __stdout
    printf6.o(i.__0vsnprintf$6) refers to printf6.o(i._printf_core) for _printf_core
    printf6.o(i.__0vsnprintf$6) refers to printf6.o(i._snputc) for _snputc
    printf6.o(i.__0vsprintf$6) refers to printf6.o(i._printf_core) for _printf_core
    printf6.o(i.__0vsprintf$6) refers to printf6.o(i._sputc) for _sputc
    printf6.o(i._printf_core) refers to printf6.o(i._printf_pre_padding) for _printf_pre_padding
    printf6.o(i._printf_core) refers to uidiv.o(.text) for __aeabi_uidivmod
    printf6.o(i._printf_core) refers to printf6.o(i._printf_post_padding) for _printf_post_padding
    printf7.o(i.__0fprintf$7) refers to printf7.o(i._printf_core) for _printf_core
    printf7.o(i.__0fprintf$7) refers to usart.o(.text) for fputc
    printf7.o(i.__0printf$7) refers to printf7.o(i._printf_core) for _printf_core
    printf7.o(i.__0printf$7) refers to usart.o(.text) for fputc
    printf7.o(i.__0printf$7) refers to stdout.o(.data) for __stdout
    printf7.o(i.__0snprintf$7) refers to printf7.o(i._printf_core) for _printf_core
    printf7.o(i.__0snprintf$7) refers to printf7.o(i._snputc) for _snputc
    printf7.o(i.__0sprintf$7) refers to printf7.o(i._printf_core) for _printf_core
    printf7.o(i.__0sprintf$7) refers to printf7.o(i._sputc) for _sputc
    printf7.o(i.__0vfprintf$7) refers to printf7.o(i._printf_core) for _printf_core
    printf7.o(i.__0vfprintf$7) refers to usart.o(.text) for fputc
    printf7.o(i.__0vprintf$7) refers to printf7.o(i._printf_core) for _printf_core
    printf7.o(i.__0vprintf$7) refers to usart.o(.text) for fputc
    printf7.o(i.__0vprintf$7) refers to stdout.o(.data) for __stdout
    printf7.o(i.__0vsnprintf$7) refers to printf7.o(i._printf_core) for _printf_core
    printf7.o(i.__0vsnprintf$7) refers to printf7.o(i._snputc) for _snputc
    printf7.o(i.__0vsprintf$7) refers to printf7.o(i._printf_core) for _printf_core
    printf7.o(i.__0vsprintf$7) refers to printf7.o(i._sputc) for _sputc
    printf7.o(i._printf_core) refers to printf7.o(i._printf_pre_padding) for _printf_pre_padding
    printf7.o(i._printf_core) refers to uldiv.o(.text) for __aeabi_uldivmod
    printf7.o(i._printf_core) refers to printf7.o(i._printf_post_padding) for _printf_post_padding
    printf8.o(i.__0fprintf$8) refers to printf8.o(i._printf_core) for _printf_core
    printf8.o(i.__0fprintf$8) refers to usart.o(.text) for fputc
    printf8.o(i.__0printf$8) refers to printf8.o(i._printf_core) for _printf_core
    printf8.o(i.__0printf$8) refers to usart.o(.text) for fputc
    printf8.o(i.__0printf$8) refers to stdout.o(.data) for __stdout
    printf8.o(i.__0snprintf$8) refers to printf8.o(i._printf_core) for _printf_core
    printf8.o(i.__0snprintf$8) refers to printf8.o(i._snputc) for _snputc
    printf8.o(i.__0sprintf$8) refers to printf8.o(i._printf_core) for _printf_core
    printf8.o(i.__0sprintf$8) refers to printf8.o(i._sputc) for _sputc
    printf8.o(i.__0vfprintf$8) refers to printf8.o(i._printf_core) for _printf_core
    printf8.o(i.__0vfprintf$8) refers to usart.o(.text) for fputc
    printf8.o(i.__0vprintf$8) refers to printf8.o(i._printf_core) for _printf_core
    printf8.o(i.__0vprintf$8) refers to usart.o(.text) for fputc
    printf8.o(i.__0vprintf$8) refers to stdout.o(.data) for __stdout
    printf8.o(i.__0vsnprintf$8) refers to printf8.o(i._printf_core) for _printf_core
    printf8.o(i.__0vsnprintf$8) refers to printf8.o(i._snputc) for _snputc
    printf8.o(i.__0vsprintf$8) refers to printf8.o(i._printf_core) for _printf_core
    printf8.o(i.__0vsprintf$8) refers to printf8.o(i._sputc) for _sputc
    printf8.o(i._printf_core) refers to printf8.o(i._printf_pre_padding) for _printf_pre_padding
    printf8.o(i._printf_core) refers to uldiv.o(.text) for __aeabi_uldivmod
    printf8.o(i._printf_core) refers to printf8.o(i._printf_post_padding) for _printf_post_padding
    printfa.o(i.__0fprintf) refers (Special) to iusefp.o(.text) for __I$use$fp
    printfa.o(i.__0fprintf) refers to printfa.o(i._printf_core) for _printf_core
    printfa.o(i.__0fprintf) refers to usart.o(.text) for fputc
    printfa.o(i.__0printf) refers (Special) to iusefp.o(.text) for __I$use$fp
    printfa.o(i.__0printf) refers to printfa.o(i._printf_core) for _printf_core
    printfa.o(i.__0printf) refers to usart.o(.text) for fputc
    printfa.o(i.__0printf) refers to stdout.o(.data) for __stdout
    printfa.o(i.__0snprintf) refers (Special) to iusefp.o(.text) for __I$use$fp
    printfa.o(i.__0snprintf) refers to printfa.o(i._printf_core) for _printf_core
    printfa.o(i.__0snprintf) refers to printfa.o(i._snputc) for _snputc
    printfa.o(i.__0sprintf) refers (Special) to iusefp.o(.text) for __I$use$fp
    printfa.o(i.__0sprintf) refers to printfa.o(i._printf_core) for _printf_core
    printfa.o(i.__0sprintf) refers to printfa.o(i._sputc) for _sputc
    printfa.o(i.__0vfprintf) refers (Special) to iusefp.o(.text) for __I$use$fp
    printfa.o(i.__0vfprintf) refers to printfa.o(i._printf_core) for _printf_core
    printfa.o(i.__0vfprintf) refers to usart.o(.text) for fputc
    printfa.o(i.__0vprintf) refers (Special) to iusefp.o(.text) for __I$use$fp
    printfa.o(i.__0vprintf) refers to printfa.o(i._printf_core) for _printf_core
    printfa.o(i.__0vprintf) refers to usart.o(.text) for fputc
    printfa.o(i.__0vprintf) refers to stdout.o(.data) for __stdout
    printfa.o(i.__0vsnprintf) refers (Special) to iusefp.o(.text) for __I$use$fp
    printfa.o(i.__0vsnprintf) refers to printfa.o(i._printf_core) for _printf_core
    printfa.o(i.__0vsnprintf) refers to printfa.o(i._snputc) for _snputc
    printfa.o(i.__0vsprintf) refers (Special) to iusefp.o(.text) for __I$use$fp
    printfa.o(i.__0vsprintf) refers to printfa.o(i._printf_core) for _printf_core
    printfa.o(i.__0vsprintf) refers to printfa.o(i._sputc) for _sputc
    printfa.o(i._fp_digits) refers (Special) to iusefp.o(.text) for __I$use$fp
    printfa.o(i._fp_digits) refers to dmul.o(.text) for __aeabi_dmul
    printfa.o(i._fp_digits) refers to ddiv.o(.text) for __aeabi_ddiv
    printfa.o(i._fp_digits) refers to cdrcmple.o(.text) for __aeabi_cdrcmple
    printfa.o(i._fp_digits) refers to dadd.o(.text) for __aeabi_dadd
    printfa.o(i._fp_digits) refers to dfixul.o(.text) for __aeabi_d2ulz
    printfa.o(i._fp_digits) refers to uldiv.o(.text) for __aeabi_uldivmod
    printfa.o(i._printf_core) refers (Special) to iusefp.o(.text) for __I$use$fp
    printfa.o(i._printf_core) refers to printfa.o(i._printf_pre_padding) for _printf_pre_padding
    printfa.o(i._printf_core) refers to uldiv.o(.text) for __aeabi_uldivmod
    printfa.o(i._printf_core) refers to printfa.o(i._printf_post_padding) for _printf_post_padding
    printfa.o(i._printf_core) refers to printfa.o(i._fp_digits) for _fp_digits
    printfa.o(i._printf_core) refers to uidiv.o(.text) for __aeabi_uidivmod
    printfa.o(i._printf_post_padding) refers (Special) to iusefp.o(.text) for __I$use$fp
    printfa.o(i._printf_pre_padding) refers (Special) to iusefp.o(.text) for __I$use$fp
    printfa.o(i._snputc) refers (Special) to iusefp.o(.text) for __I$use$fp
    printfa.o(i._sputc) refers (Special) to iusefp.o(.text) for __I$use$fp
    fmul.o(.text) refers (Special) to iusefp.o(.text) for __I$use$fp
    fdiv.o(.text) refers (Special) to iusefp.o(.text) for __I$use$fp
    fdiv.o(.text) refers to fepilogue.o(.text) for _float_round
    ddiv.o(.text) refers (Special) to iusefp.o(.text) for __I$use$fp
    ddiv.o(.text) refers to depilogue.o(.text) for _double_round
    ffltui.o(.text) refers (Special) to iusefp.o(.text) for __I$use$fp
    ffltui.o(.text) refers to fepilogue.o(.text) for _float_epilogue
    ffixui.o(.text) refers (Special) to iusefp.o(.text) for __I$use$fp
    f2d.o(.text) refers (Special) to iusefp.o(.text) for __I$use$fp
    d2f.o(.text) refers (Special) to iusefp.o(.text) for __I$use$fp
    d2f.o(.text) refers to fepilogue.o(.text) for _float_round
    entry2.o(.ARM.Collect$$$$00000001) refers to entry2.o(.ARM.Collect$$$$00002712) for __lit__00000000
    entry2.o(.ARM.Collect$$$$00002712) refers to startup_stm32f10x_hd_rtos.o(STACK) for __initial_sp
    entry2.o(__vectab_stack_and_reset_area) refers to startup_stm32f10x_hd_rtos.o(STACK) for __initial_sp
    entry2.o(__vectab_stack_and_reset_area) refers to entry.o(.ARM.Collect$$$$00000000) for __main
    entry5.o(.ARM.Collect$$$$00000004) refers to init.o(.text) for __scatterload
    entry9a.o(.ARM.Collect$$$$0000000B) refers to main.o(.text) for main
    entry9b.o(.ARM.Collect$$$$0000000C) refers to main.o(.text) for main
    uldiv.o(.text) refers to llushr.o(.text) for __aeabi_llsr
    uldiv.o(.text) refers to llshl.o(.text) for __aeabi_llsl
    depilogue.o(.text) refers to llshl.o(.text) for __aeabi_llsl
    depilogue.o(.text) refers to llushr.o(.text) for __aeabi_llsr
    dadd.o(.text) refers to llshl.o(.text) for __aeabi_llsl
    dadd.o(.text) refers to llsshr.o(.text) for __aeabi_lasr
    dadd.o(.text) refers to depilogue.o(.text) for _double_epilogue
    dmul.o(.text) refers to depilogue.o(.text) for _double_epilogue
    dfixul.o(.text) refers to llushr.o(.text) for __aeabi_llsr
    dfixul.o(.text) refers to llshl.o(.text) for __aeabi_llsl
    init.o(.text) refers to entry5.o(.ARM.Collect$$$$00000004) for __main_after_scatterload


==============================================================================

Removing Unused input sections from the image.

    Removing croutine.o(.text), (752 bytes).
    Removing croutine.o(.bss), (100 bytes).
    Removing croutine.o(.data), (28 bytes).
    Removing event_groups.o(.text), (664 bytes).
    Removing core_cm3.o(.emb_text), (32 bytes).
    Removing stm32f10x_adc.o(.text), (1102 bytes).
    Removing stm32f10x_bkp.o(.text), (196 bytes).
    Removing stm32f10x_can.o(.text), (2544 bytes).
    Removing stm32f10x_cec.o(.text), (288 bytes).
    Removing stm32f10x_crc.o(.text), (72 bytes).
    Removing stm32f10x_dbgmcu.o(.text), (48 bytes).
    Removing stm32f10x_dma.o(.text), (596 bytes).
    Removing stm32f10x_exti.o(.text), (284 bytes).
    Removing stm32f10x_flash.o(.text), (1468 bytes).
    Removing stm32f10x_fsmc.o(.text), (1548 bytes).
    Removing stm32f10x_i2c.o(.text), (1028 bytes).
    Removing stm32f10x_iwdg.o(.text), (64 bytes).
    Removing stm32f10x_pwr.o(.text), (204 bytes).
    Removing stm32f10x_rtc.o(.text), (328 bytes).
    Removing stm32f10x_sdio.o(.text), (468 bytes).
    Removing stm32f10x_spi.o(.text), (780 bytes).
    Removing stm32f10x_wwdg.o(.text), (136 bytes).
    Removing startup_stm32f10x_hd_rtos.o(HEAP), (512 bytes).
    Removing dadd.o(.text), (334 bytes).
    Removing dmul.o(.text), (228 bytes).
    Removing dfixul.o(.text), (48 bytes).
    Removing cdrcmple.o(.text), (40 bytes).

27 unused section(s) (total 13892 bytes) removed from the image.

==============================================================================

Image Symbol Table

    Local Symbols

    Symbol Name                              Value     Ov Type        Size  Object(Section)

    ../clib/microlib/division.c              0x00000000   Number         0  uldiv.o ABSOLUTE
    ../clib/microlib/division.c              0x00000000   Number         0  uidiv.o ABSOLUTE
    ../clib/microlib/init/entry.s            0x00000000   Number         0  entry7a.o ABSOLUTE
    ../clib/microlib/init/entry.s            0x00000000   Number         0  entry5.o ABSOLUTE
    ../clib/microlib/init/entry.s            0x00000000   Number         0  entry10a.o ABSOLUTE
    ../clib/microlib/init/entry.s            0x00000000   Number         0  entry10b.o ABSOLUTE
    ../clib/microlib/init/entry.s            0x00000000   Number         0  entry9b.o ABSOLUTE
    ../clib/microlib/init/entry.s            0x00000000   Number         0  entry.o ABSOLUTE
    ../clib/microlib/init/entry.s            0x00000000   Number         0  entry9a.o ABSOLUTE
    ../clib/microlib/init/entry.s            0x00000000   Number         0  entry2.o ABSOLUTE
    ../clib/microlib/init/entry.s            0x00000000   Number         0  entry7b.o ABSOLUTE
    ../clib/microlib/init/entry.s            0x00000000   Number         0  entry8b.o ABSOLUTE
    ../clib/microlib/init/entry.s            0x00000000   Number         0  entry11a.o ABSOLUTE
    ../clib/microlib/init/entry.s            0x00000000   Number         0  entry8a.o ABSOLUTE
    ../clib/microlib/init/entry.s            0x00000000   Number         0  entry11b.o ABSOLUTE
    ../clib/microlib/longlong.c              0x00000000   Number         0  llshl.o ABSOLUTE
    ../clib/microlib/longlong.c              0x00000000   Number         0  llushr.o ABSOLUTE
    ../clib/microlib/longlong.c              0x00000000   Number         0  llsshr.o ABSOLUTE
    ../clib/microlib/printf/printf.c         0x00000000   Number         0  printfb.o ABSOLUTE
    ../clib/microlib/printf/printf.c         0x00000000   Number         0  printf0.o ABSOLUTE
    ../clib/microlib/printf/printf.c         0x00000000   Number         0  printf8.o ABSOLUTE
    ../clib/microlib/printf/printf.c         0x00000000   Number         0  printf7.o ABSOLUTE
    ../clib/microlib/printf/printf.c         0x00000000   Number         0  printf6.o ABSOLUTE
    ../clib/microlib/printf/printf.c         0x00000000   Number         0  printf5.o ABSOLUTE
    ../clib/microlib/printf/printf.c         0x00000000   Number         0  printf4.o ABSOLUTE
    ../clib/microlib/printf/printf.c         0x00000000   Number         0  printfa.o ABSOLUTE
    ../clib/microlib/printf/printf.c         0x00000000   Number         0  printf1.o ABSOLUTE
    ../clib/microlib/printf/printf.c         0x00000000   Number         0  printf2.o ABSOLUTE
    ../clib/microlib/printf/printf.c         0x00000000   Number         0  printf3.o ABSOLUTE
    ../clib/microlib/printf/stubs.s          0x00000000   Number         0  stubs.o ABSOLUTE
    ../clib/microlib/stdio/fflush.c          0x00000000   Number         0  fflush.o ABSOLUTE
    ../clib/microlib/stdio/streams.c         0x00000000   Number         0  stdout.o ABSOLUTE
    ../clib/microlib/string/memcpy.c         0x00000000   Number         0  memcpya.o ABSOLUTE
    ../clib/microlib/string/memcpy.c         0x00000000   Number         0  memcpyb.o ABSOLUTE
    ../clib/microlib/stubs.s                 0x00000000   Number         0  iusefp.o ABSOLUTE
    ../fplib/microlib/d2f.c                  0x00000000   Number         0  d2f.o ABSOLUTE
    ../fplib/microlib/f2d.c                  0x00000000   Number         0  f2d.o ABSOLUTE
    ../fplib/microlib/fpadd.c                0x00000000   Number         0  dadd.o ABSOLUTE
    ../fplib/microlib/fpdiv.c                0x00000000   Number         0  fdiv.o ABSOLUTE
    ../fplib/microlib/fpdiv.c                0x00000000   Number         0  ddiv.o ABSOLUTE
    ../fplib/microlib/fpepilogue.c           0x00000000   Number         0  depilogue.o ABSOLUTE
    ../fplib/microlib/fpepilogue.c           0x00000000   Number         0  fepilogue.o ABSOLUTE
    ../fplib/microlib/fpfix.c                0x00000000   Number         0  dfixul.o ABSOLUTE
    ../fplib/microlib/fpfix.c                0x00000000   Number         0  ffixui.o ABSOLUTE
    ../fplib/microlib/fpflt.c                0x00000000   Number         0  ffltui.o ABSOLUTE
    ../fplib/microlib/fpmul.c                0x00000000   Number         0  dmul.o ABSOLUTE
    ../fplib/microlib/fpmul.c                0x00000000   Number         0  fmul.o ABSOLUTE
    FreeRTOS\Source\croutine.c               0x00000000   Number         0  croutine.o ABSOLUTE
    FreeRTOS\Source\event_groups.c           0x00000000   Number         0  event_groups.o ABSOLUTE
    FreeRTOS\Source\list.c                   0x00000000   Number         0  list.o ABSOLUTE
    FreeRTOS\Source\portable\MemMang\heap_2.c 0x00000000   Number         0  heap_2.o ABSOLUTE
    FreeRTOS\Source\portable\RVDS\ARM_CM3\port.c 0x00000000   Number         0  port.o ABSOLUTE
    FreeRTOS\Source\queue.c                  0x00000000   Number         0  queue.o ABSOLUTE
    FreeRTOS\Source\tasks.c                  0x00000000   Number         0  tasks.o ABSOLUTE
    FreeRTOS\Source\timers.c                 0x00000000   Number         0  timers.o ABSOLUTE
    FreeRTOS\\Source\\portable\\RVDS\\ARM_CM3\\port.c 0x00000000   Number         0  port.o ABSOLUTE
    Libraries\CMSIS\CM3\CoreSupport\core_cm3.c 0x00000000   Number         0  core_cm3.o ABSOLUTE
    Libraries\CMSIS\CM3\DeviceSupport\ST\STM32F10x\startup\arm\startup_stm32f10x_hd_rtos.s 0x00000000   Number         0  startup_stm32f10x_hd_rtos.o ABSOLUTE
    Libraries\CMSIS\CM3\DeviceSupport\ST\STM32F10x\system_stm32f10x.c 0x00000000   Number         0  system_stm32f10x.o ABSOLUTE
    Libraries\STM32F10x_StdPeriph_Driver\src\misc.c 0x00000000   Number         0  misc.o ABSOLUTE
    Libraries\STM32F10x_StdPeriph_Driver\src\stm32f10x_adc.c 0x00000000   Number         0  stm32f10x_adc.o ABSOLUTE
    Libraries\STM32F10x_StdPeriph_Driver\src\stm32f10x_bkp.c 0x00000000   Number         0  stm32f10x_bkp.o ABSOLUTE
    Libraries\STM32F10x_StdPeriph_Driver\src\stm32f10x_can.c 0x00000000   Number         0  stm32f10x_can.o ABSOLUTE
    Libraries\STM32F10x_StdPeriph_Driver\src\stm32f10x_cec.c 0x00000000   Number         0  stm32f10x_cec.o ABSOLUTE
    Libraries\STM32F10x_StdPeriph_Driver\src\stm32f10x_crc.c 0x00000000   Number         0  stm32f10x_crc.o ABSOLUTE
    Libraries\STM32F10x_StdPeriph_Driver\src\stm32f10x_dac.c 0x00000000   Number         0  stm32f10x_dac.o ABSOLUTE
    Libraries\STM32F10x_StdPeriph_Driver\src\stm32f10x_dbgmcu.c 0x00000000   Number         0  stm32f10x_dbgmcu.o ABSOLUTE
    Libraries\STM32F10x_StdPeriph_Driver\src\stm32f10x_dma.c 0x00000000   Number         0  stm32f10x_dma.o ABSOLUTE
    Libraries\STM32F10x_StdPeriph_Driver\src\stm32f10x_exti.c 0x00000000   Number         0  stm32f10x_exti.o ABSOLUTE
    Libraries\STM32F10x_StdPeriph_Driver\src\stm32f10x_flash.c 0x00000000   Number         0  stm32f10x_flash.o ABSOLUTE
    Libraries\STM32F10x_StdPeriph_Driver\src\stm32f10x_fsmc.c 0x00000000   Number         0  stm32f10x_fsmc.o ABSOLUTE
    Libraries\STM32F10x_StdPeriph_Driver\src\stm32f10x_gpio.c 0x00000000   Number         0  stm32f10x_gpio.o ABSOLUTE
    Libraries\STM32F10x_StdPeriph_Driver\src\stm32f10x_i2c.c 0x00000000   Number         0  stm32f10x_i2c.o ABSOLUTE
    Libraries\STM32F10x_StdPeriph_Driver\src\stm32f10x_iwdg.c 0x00000000   Number         0  stm32f10x_iwdg.o ABSOLUTE
    Libraries\STM32F10x_StdPeriph_Driver\src\stm32f10x_pwr.c 0x00000000   Number         0  stm32f10x_pwr.o ABSOLUTE
    Libraries\STM32F10x_StdPeriph_Driver\src\stm32f10x_rcc.c 0x00000000   Number         0  stm32f10x_rcc.o ABSOLUTE
    Libraries\STM32F10x_StdPeriph_Driver\src\stm32f10x_rtc.c 0x00000000   Number         0  stm32f10x_rtc.o ABSOLUTE
    Libraries\STM32F10x_StdPeriph_Driver\src\stm32f10x_sdio.c 0x00000000   Number         0  stm32f10x_sdio.o ABSOLUTE
    Libraries\STM32F10x_StdPeriph_Driver\src\stm32f10x_spi.c 0x00000000   Number         0  stm32f10x_spi.o ABSOLUTE
    Libraries\STM32F10x_StdPeriph_Driver\src\stm32f10x_tim.c 0x00000000   Number         0  stm32f10x_tim.o ABSOLUTE
    Libraries\STM32F10x_StdPeriph_Driver\src\stm32f10x_usart.c 0x00000000   Number         0  stm32f10x_usart.o ABSOLUTE
    Libraries\STM32F10x_StdPeriph_Driver\src\stm32f10x_wwdg.c 0x00000000   Number         0  stm32f10x_wwdg.o ABSOLUTE
    Libraries\\CMSIS\\CM3\\CoreSupport\\core_cm3.c 0x00000000   Number         0  core_cm3.o ABSOLUTE
    cdrcmple.s                               0x00000000   Number         0  cdrcmple.o ABSOLUTE
    dc.s                                     0x00000000   Number         0  dc.o ABSOLUTE
    handlers.s                               0x00000000   Number         0  handlers.o ABSOLUTE
    init.s                                   0x00000000   Number         0  init.o ABSOLUTE
    usr\GPIO.c                               0x00000000   Number         0  gpio.o ABSOLUTE
    usr\dac.c                                0x00000000   Number         0  dac.o ABSOLUTE
    usr\main.c                               0x00000000   Number         0  main.o ABSOLUTE
    usr\pwm.c                                0x00000000   Number         0  pwm.o ABSOLUTE
    usr\stm32f10x_it.c                       0x00000000   Number         0  stm32f10x_it.o ABSOLUTE
    usr\usart.c                              0x00000000   Number         0  usart.o ABSOLUTE
    usr\vPrintString.c                       0x00000000   Number         0  vprintstring.o ABSOLUTE
    RESET                                    0x08000000   Section      304  startup_stm32f10x_hd_rtos.o(RESET)
    .ARM.Collect$$$$00000000                 0x08000130   Section        0  entry.o(.ARM.Collect$$$$00000000)
    .ARM.Collect$$$$00000001                 0x08000130   Section        4  entry2.o(.ARM.Collect$$$$00000001)
    .ARM.Collect$$$$00000004                 0x08000134   Section        4  entry5.o(.ARM.Collect$$$$00000004)
    .ARM.Collect$$$$00000008                 0x08000138   Section        0  entry7b.o(.ARM.Collect$$$$00000008)
    .ARM.Collect$$$$0000000A                 0x08000138   Section        0  entry8b.o(.ARM.Collect$$$$0000000A)
    .ARM.Collect$$$$0000000B                 0x08000138   Section        8  entry9a.o(.ARM.Collect$$$$0000000B)
    .ARM.Collect$$$$0000000D                 0x08000140   Section        0  entry10a.o(.ARM.Collect$$$$0000000D)
    .ARM.Collect$$$$0000000F                 0x08000140   Section        0  entry11a.o(.ARM.Collect$$$$0000000F)
    .ARM.Collect$$$$00002712                 0x08000140   Section        4  entry2.o(.ARM.Collect$$$$00002712)
    __lit__00000000                          0x08000140   Data           4  entry2.o(.ARM.Collect$$$$00002712)
    .emb_text                                0x08000144   Section      158  port.o(.emb_text)
    .text                                    0x080001e2   Section        0  list.o(.text)
    .text                                    0x08000276   Section        0  queue.o(.text)
    prvUnlockQueue                           0x0800032d   Thumb Code   126  queue.o(.text)
    prvIsQueueFull                           0x080003ab   Thumb Code    30  queue.o(.text)
    prvCopyDataToQueue                       0x080003c9   Thumb Code   118  queue.o(.text)
    prvIsQueueEmpty                          0x080005d1   Thumb Code    26  queue.o(.text)
    prvCopyDataFromQueue                     0x080005eb   Thumb Code    42  queue.o(.text)
    .text                                    0x0800082c   Section        0  tasks.o(.text)
    prvInitialiseTaskLists                   0x0800082d   Thumb Code    70  tasks.o(.text)
    prvInitialiseTCBVariables                0x08000873   Thumb Code    86  tasks.o(.text)
    prvAllocateTCBAndStack                   0x080008c9   Thumb Code    46  tasks.o(.text)
    prvResetNextTaskUnblockTime              0x080009d7   Thumb Code    42  tasks.o(.text)
    prvAddCurrentTaskToDelayedList           0x08000c61   Thumb Code    62  tasks.o(.text)
    prvTaskIsTaskSuspended                   0x08000eff   Thumb Code    56  tasks.o(.text)
    prvDeleteTCB                             0x08001001   Thumb Code    18  tasks.o(.text)
    prvCheckTasksWaitingTermination          0x08001013   Thumb Code   148  tasks.o(.text)
    prvIdleTask                              0x080010a7   Thumb Code    20  tasks.o(.text)
    .text                                    0x0800140c   Section        0  port.o(.text)
    prvTaskExitError                         0x0800140d   Thumb Code     8  port.o(.text)
    .text                                    0x080014e0   Section        0  heap_2.o(.text)
    prvHeapInit                              0x080014e1   Thumb Code    42  heap_2.o(.text)
    .text                                    0x08001604   Section        0  system_stm32f10x.o(.text)
    SetSysClockTo72                          0x08001605   Thumb Code   214  system_stm32f10x.o(.text)
    SetSysClock                              0x080016db   Thumb Code     8  system_stm32f10x.o(.text)
    .text                                    0x080017e4   Section        0  misc.o(.text)
    .text                                    0x080018c0   Section        0  stm32f10x_dac.o(.text)
    .text                                    0x08001a4c   Section        0  stm32f10x_gpio.o(.text)
    .text                                    0x08001da8   Section        0  stm32f10x_rcc.o(.text)
    .text                                    0x0800214c   Section        0  stm32f10x_tim.o(.text)
    TI4_Config                               0x080025f3   Thumb Code   130  stm32f10x_tim.o(.text)
    TI3_Config                               0x08002687   Thumb Code   122  stm32f10x_tim.o(.text)
    TI2_Config                               0x0800271b   Thumb Code   130  stm32f10x_tim.o(.text)
    TI1_Config                               0x080027af   Thumb Code   108  stm32f10x_tim.o(.text)
    .text                                    0x08002f68   Section        0  stm32f10x_usart.o(.text)
    .text                                    0x08003370   Section       36  startup_stm32f10x_hd_rtos.o(.text)
    .text                                    0x08003394   Section        0  main.o(.text)
    .text                                    0x08003638   Section        0  stm32f10x_it.o(.text)
    .text                                    0x08003654   Section        0  usart.o(.text)
    .text                                    0x080037b8   Section        0  vprintstring.o(.text)
    .text                                    0x08003804   Section        0  gpio.o(.text)
    .text                                    0x080038b0   Section        0  pwm.o(.text)
    .text                                    0x08003a0c   Section        0  dac.o(.text)
    .text                                    0x08003ac0   Section        0  memcpya.o(.text)
    .text                                    0x08003ae4   Section        0  fmul.o(.text)
    .text                                    0x08003b48   Section        0  fdiv.o(.text)
    .text                                    0x08003bc4   Section        0  ddiv.o(.text)
    .text                                    0x08003ca2   Section        0  ffltui.o(.text)
    .text                                    0x08003cac   Section        0  ffixui.o(.text)
    .text                                    0x08003cd4   Section        0  f2d.o(.text)
    .text                                    0x08003cfa   Section        0  d2f.o(.text)
    .text                                    0x08003d32   Section        0  uldiv.o(.text)
    .text                                    0x08003d94   Section        0  iusefp.o(.text)
    .text                                    0x08003d94   Section        0  fepilogue.o(.text)
    .text                                    0x08003e02   Section        0  depilogue.o(.text)
    .text                                    0x08003eb8   Section       36  init.o(.text)
    .text                                    0x08003edc   Section        0  llshl.o(.text)
    .text                                    0x08003efa   Section        0  llushr.o(.text)
    i.__0printf$5                            0x08003f1c   Section        0  printf5.o(i.__0printf$5)
    i.__scatterload_copy                     0x08003f3c   Section       14  handlers.o(i.__scatterload_copy)
    i.__scatterload_null                     0x08003f4a   Section        2  handlers.o(i.__scatterload_null)
    i.__scatterload_zeroinit                 0x08003f4c   Section       14  handlers.o(i.__scatterload_zeroinit)
    i._printf_core                           0x08003f5c   Section        0  printf5.o(i._printf_core)
    _printf_core                             0x08003f5d   Thumb Code   654  printf5.o(i._printf_core)
    .data                                    0x20000000   Section       56  tasks.o(.data)
    pxDelayedTaskList                        0x20000004   Data           4  tasks.o(.data)
    pxOverflowDelayedTaskList                0x20000008   Data           4  tasks.o(.data)
    uxTasksDeleted                           0x2000000c   Data           4  tasks.o(.data)
    uxCurrentNumberOfTasks                   0x20000010   Data           4  tasks.o(.data)
    xTickCount                               0x20000014   Data           4  tasks.o(.data)
    uxTopReadyPriority                       0x20000018   Data           4  tasks.o(.data)
    xSchedulerRunning                        0x2000001c   Data           4  tasks.o(.data)
    uxPendedTicks                            0x20000020   Data           4  tasks.o(.data)
    xYieldPending                            0x20000024   Data           4  tasks.o(.data)
    xNumOfOverflows                          0x20000028   Data           4  tasks.o(.data)
    uxTaskNumber                             0x2000002c   Data           4  tasks.o(.data)
    xNextTaskUnblockTime                     0x20000030   Data           4  tasks.o(.data)
    uxSchedulerSuspended                     0x20000034   Data           4  tasks.o(.data)
    .data                                    0x20000038   Section        4  port.o(.data)
    uxCriticalNesting                        0x20000038   Data           4  port.o(.data)
    .data                                    0x2000003c   Section       24  heap_2.o(.data)
    xStart                                   0x2000003c   Data           8  heap_2.o(.data)
    xEnd                                     0x20000044   Data           8  heap_2.o(.data)
    xFreeBytesRemaining                      0x2000004c   Data           4  heap_2.o(.data)
    xHeapHasBeenInitialised                  0x20000050   Data           4  heap_2.o(.data)
    .data                                    0x20000054   Section       20  system_stm32f10x.o(.data)
    .data                                    0x20000068   Section       20  stm32f10x_rcc.o(.data)
    APBAHBPrescTable                         0x20000068   Data          16  stm32f10x_rcc.o(.data)
    ADCPrescTable                            0x20000078   Data           4  stm32f10x_rcc.o(.data)
    .data                                    0x2000007c   Section        4  main.o(.data)
    .data                                    0x20000080   Section        2  usart.o(.data)
    .data                                    0x20000084   Section        4  vprintstring.o(.data)
    .data                                    0x20000088   Section        8  gpio.o(.data)
    .data                                    0x20000090   Section       10  pwm.o(.data)
    .data                                    0x2000009c   Section        4  stdout.o(.data)
    .bss                                     0x200000a0   Section      200  tasks.o(.bss)
    pxReadyTasksLists                        0x200000a0   Data         100  tasks.o(.bss)
    xDelayedTaskList1                        0x20000104   Data          20  tasks.o(.bss)
    xDelayedTaskList2                        0x20000118   Data          20  tasks.o(.bss)
    xPendingReadyList                        0x2000012c   Data          20  tasks.o(.bss)
    xTasksWaitingTermination                 0x20000140   Data          20  tasks.o(.bss)
    xSuspendedTaskList                       0x20000154   Data          20  tasks.o(.bss)
    .bss                                     0x20000168   Section    17408  heap_2.o(.bss)
    ucHeap                                   0x20000168   Data       17408  heap_2.o(.bss)
    .bss                                     0x20004568   Section      200  usart.o(.bss)
    STACK                                    0x20004630   Section     1024  startup_stm32f10x_hd_rtos.o(STACK)

    Global Symbols

    Symbol Name                              Value     Ov Type        Size  Object(Section)

    BuildAttributes$$THM_ISAv4$P$D$K$B$S$PE$A:L22UL41UL21$X:L11$S22US41US21$IEEE1$IW$USESV6$~STKCKD$USESV7$~SHL$OTIME$ROPI$EBA8$MICROLIB$REQ8$PRES8$EABIv2 0x00000000   Number         0  anon$$obj.o ABSOLUTE
    __ARM_use_no_argv                        0x00000000   Number         0  main.o ABSOLUTE
    _printf_a                                0x00000000   Number         0  stubs.o ABSOLUTE
    _printf_c                                0x00000000   Number         0  stubs.o ABSOLUTE
    _printf_charcount                        0x00000000   Number         0  stubs.o ABSOLUTE
    _printf_d                                0x00000000   Number         0  stubs.o ABSOLUTE
    _printf_e                                0x00000000   Number         0  stubs.o ABSOLUTE
    _printf_f                                0x00000000   Number         0  stubs.o ABSOLUTE
    _printf_flags                            0x00000000   Number         0  stubs.o ABSOLUTE
    _printf_fp_dec                           0x00000000   Number         0  stubs.o ABSOLUTE
    _printf_fp_hex                           0x00000000   Number         0  stubs.o ABSOLUTE
    _printf_g                                0x00000000   Number         0  stubs.o ABSOLUTE
    _printf_i                                0x00000000   Number         0  stubs.o ABSOLUTE
    _printf_int_dec                          0x00000000   Number         0  stubs.o ABSOLUTE
    _printf_l                                0x00000000   Number         0  stubs.o ABSOLUTE
    _printf_lc                               0x00000000   Number         0  stubs.o ABSOLUTE
    _printf_ll                               0x00000000   Number         0  stubs.o ABSOLUTE
    _printf_lld                              0x00000000   Number         0  stubs.o ABSOLUTE
    _printf_lli                              0x00000000   Number         0  stubs.o ABSOLUTE
    _printf_llo                              0x00000000   Number         0  stubs.o ABSOLUTE
    _printf_llu                              0x00000000   Number         0  stubs.o ABSOLUTE
    _printf_llx                              0x00000000   Number         0  stubs.o ABSOLUTE
    _printf_longlong_dec                     0x00000000   Number         0  stubs.o ABSOLUTE
    _printf_longlong_hex                     0x00000000   Number         0  stubs.o ABSOLUTE
    _printf_longlong_oct                     0x00000000   Number         0  stubs.o ABSOLUTE
    _printf_ls                               0x00000000   Number         0  stubs.o ABSOLUTE
    _printf_mbtowc                           0x00000000   Number         0  stubs.o ABSOLUTE
    _printf_n                                0x00000000   Number         0  stubs.o ABSOLUTE
    _printf_o                                0x00000000   Number         0  stubs.o ABSOLUTE
    _printf_p                                0x00000000   Number         0  stubs.o ABSOLUTE
    _printf_percent                          0x00000000   Number         0  stubs.o ABSOLUTE
    _printf_pre_padding                      0x00000000   Number         0  stubs.o ABSOLUTE
    _printf_return_value                     0x00000000   Number         0  stubs.o ABSOLUTE
    _printf_s                                0x00000000   Number         0  stubs.o ABSOLUTE
    _printf_sizespec                         0x00000000   Number         0  stubs.o ABSOLUTE
    _printf_str                              0x00000000   Number         0  stubs.o ABSOLUTE
    _printf_truncate_signed                  0x00000000   Number         0  stubs.o ABSOLUTE
    _printf_truncate_unsigned                0x00000000   Number         0  stubs.o ABSOLUTE
    _printf_u                                0x00000000   Number         0  stubs.o ABSOLUTE
    _printf_wc                               0x00000000   Number         0  stubs.o ABSOLUTE
    _printf_wctomb                           0x00000000   Number         0  stubs.o ABSOLUTE
    _printf_widthprec                        0x00000000   Number         0  stubs.o ABSOLUTE
    _printf_x                                0x00000000   Number         0  stubs.o ABSOLUTE
    __cpp_initialize__aeabi_                  - Undefined Weak Reference
    __cxa_finalize                            - Undefined Weak Reference
    __decompress                              - Undefined Weak Reference
    _clock_init                               - Undefined Weak Reference
    _microlib_exit                            - Undefined Weak Reference
    __Vectors_Size                           0x00000130   Number         0  startup_stm32f10x_hd_rtos.o ABSOLUTE
    __Vectors                                0x08000000   Data           4  startup_stm32f10x_hd_rtos.o(RESET)
    __Vectors_End                            0x08000130   Data           0  startup_stm32f10x_hd_rtos.o(RESET)
    __main                                   0x08000131   Thumb Code     0  entry.o(.ARM.Collect$$$$00000000)
    _main_stk                                0x08000131   Thumb Code     0  entry2.o(.ARM.Collect$$$$00000001)
    _main_scatterload                        0x08000135   Thumb Code     0  entry5.o(.ARM.Collect$$$$00000004)
    __main_after_scatterload                 0x08000139   Thumb Code     0  entry5.o(.ARM.Collect$$$$00000004)
    _main_clock                              0x08000139   Thumb Code     0  entry7b.o(.ARM.Collect$$$$00000008)
    _main_cpp_init                           0x08000139   Thumb Code     0  entry8b.o(.ARM.Collect$$$$0000000A)
    _main_init                               0x08000139   Thumb Code     0  entry9a.o(.ARM.Collect$$$$0000000B)
    __rt_final_cpp                           0x08000141   Thumb Code     0  entry10a.o(.ARM.Collect$$$$0000000D)
    __rt_final_exit                          0x08000141   Thumb Code     0  entry11a.o(.ARM.Collect$$$$0000000F)
    vPortSVCHandler                          0x08000145   Thumb Code    32  port.o(.emb_text)
    __asm___6_port_c_39a90d8d__prvStartFirstTask 0x08000169   Thumb Code    24  port.o(.emb_text)
    xPortPendSVHandler                       0x08000185   Thumb Code    64  port.o(.emb_text)
    ulPortSetInterruptMask                   0x080001c9   Thumb Code    14  port.o(.emb_text)
    vPortClearInterruptMask                  0x080001d7   Thumb Code     6  port.o(.emb_text)
    vPortGetIPSR                             0x080001dd   Thumb Code     6  port.o(.emb_text)
    vListInitialise                          0x080001e3   Thumb Code    26  list.o(.text)
    vListInitialiseItem                      0x080001fd   Thumb Code     6  list.o(.text)
    vListInsertEnd                           0x08000203   Thumb Code    24  list.o(.text)
    vListInsert                              0x0800021b   Thumb Code    52  list.o(.text)
    uxListRemove                             0x0800024f   Thumb Code    40  list.o(.text)
    xQueueGenericReset                       0x08000277   Thumb Code   110  queue.o(.text)
    xQueueGenericCreate                      0x080002e5   Thumb Code    72  queue.o(.text)
    xQueueGenericSend                        0x0800043f   Thumb Code   224  queue.o(.text)
    xQueueCreateMutex                        0x0800051f   Thumb Code    72  queue.o(.text)
    xQueueGenericSendFromISR                 0x08000567   Thumb Code   106  queue.o(.text)
    xQueueGenericReceive                     0x08000615   Thumb Code   284  queue.o(.text)
    xQueueReceiveFromISR                     0x08000731   Thumb Code    96  queue.o(.text)
    xQueuePeekFromISR                        0x08000791   Thumb Code    50  queue.o(.text)
    uxQueueMessagesWaiting                   0x080007c3   Thumb Code    18  queue.o(.text)
    uxQueueSpacesAvailable                   0x080007d5   Thumb Code    24  queue.o(.text)
    uxQueueMessagesWaitingFromISR            0x080007ed   Thumb Code     6  queue.o(.text)
    vQueueDelete                             0x080007f3   Thumb Code    24  queue.o(.text)
    xQueueIsQueueEmptyFromISR                0x0800080b   Thumb Code    14  queue.o(.text)
    xQueueIsQueueFullFromISR                 0x08000819   Thumb Code    18  queue.o(.text)
    xTaskGenericCreate                       0x080008f7   Thumb Code   224  tasks.o(.text)
    vTaskDelete                              0x08000a01   Thumb Code   104  tasks.o(.text)
    xTaskIncrementTick                       0x08000a69   Thumb Code   240  tasks.o(.text)
    xTaskResumeAll                           0x08000b59   Thumb Code   264  tasks.o(.text)
    vTaskSuspendAll                          0x08000c9f   Thumb Code    12  tasks.o(.text)
    vTaskDelayUntil                          0x08000cab   Thumb Code   102  tasks.o(.text)
    vTaskDelay                               0x08000d11   Thumb Code    48  tasks.o(.text)
    uxTaskPriorityGet                        0x08000d41   Thumb Code    30  tasks.o(.text)
    vTaskPrioritySet                         0x08000d5f   Thumb Code   194  tasks.o(.text)
    vTaskSwitchContext                       0x08000e21   Thumb Code   106  tasks.o(.text)
    vTaskSuspend                             0x08000e8b   Thumb Code   116  tasks.o(.text)
    vTaskResume                              0x08000f37   Thumb Code    92  tasks.o(.text)
    xTaskResumeFromISR                       0x08000f93   Thumb Code   110  tasks.o(.text)
    vTaskStartScheduler                      0x080010bb   Thumb Code    52  tasks.o(.text)
    vTaskEndScheduler                        0x080010ef   Thumb Code    18  tasks.o(.text)
    xTaskGetTickCount                        0x08001101   Thumb Code    18  tasks.o(.text)
    xTaskGetTickCountFromISR                 0x08001113   Thumb Code    22  tasks.o(.text)
    uxTaskGetNumberOfTasks                   0x08001129   Thumb Code     6  tasks.o(.text)
    vTaskPlaceOnEventList                    0x0800112f   Thumb Code    60  tasks.o(.text)
    vTaskPlaceOnUnorderedEventList           0x0800116b   Thumb Code    76  tasks.o(.text)
    xTaskRemoveFromEventList                 0x080011b7   Thumb Code   102  tasks.o(.text)
    xTaskRemoveFromUnorderedEventList        0x0800121d   Thumb Code    92  tasks.o(.text)
    vTaskSetTimeOutState                     0x08001279   Thumb Code    14  tasks.o(.text)
    xTaskCheckForTimeOut                     0x08001287   Thumb Code    84  tasks.o(.text)
    vTaskMissedYield                         0x080012db   Thumb Code     8  tasks.o(.text)
    xTaskGetCurrentTaskHandle                0x080012e3   Thumb Code     6  tasks.o(.text)
    vTaskPriorityInherit                     0x080012e9   Thumb Code   128  tasks.o(.text)
    vTaskPriorityDisinherit                  0x08001369   Thumb Code    78  tasks.o(.text)
    uxTaskResetEventItemValue                0x080013b7   Thumb Code    24  tasks.o(.text)
    pxPortInitialiseStack                    0x08001415   Thumb Code    26  port.o(.text)
    vPortSetupTimerInterrupt                 0x0800142f   Thumb Code    14  port.o(.text)
    xPortStartScheduler                      0x0800143d   Thumb Code    42  port.o(.text)
    vPortEndScheduler                        0x08001467   Thumb Code     2  port.o(.text)
    vPortYield                               0x08001469   Thumb Code    20  port.o(.text)
    vPortEnterCritical                       0x0800147d   Thumb Code    26  port.o(.text)
    vPortExitCritical                        0x08001497   Thumb Code    26  port.o(.text)
    xPortSysTickHandler                      0x080014b1   Thumb Code    30  port.o(.text)
    pvPortMalloc                             0x0800150b   Thumb Code   166  heap_2.o(.text)
    vPortFree                                0x080015b1   Thumb Code    56  heap_2.o(.text)
    xPortGetFreeHeapSize                     0x080015e9   Thumb Code     6  heap_2.o(.text)
    vPortInitialiseBlocks                    0x080015ef   Thumb Code     2  heap_2.o(.text)
    SystemInit                               0x080016e3   Thumb Code    78  system_stm32f10x.o(.text)
    SystemCoreClockUpdate                    0x08001731   Thumb Code   142  system_stm32f10x.o(.text)
    NVIC_PriorityGroupConfig                 0x080017e5   Thumb Code    10  misc.o(.text)
    NVIC_Init                                0x080017ef   Thumb Code   100  misc.o(.text)
    NVIC_SetVectorTable                      0x08001853   Thumb Code    14  misc.o(.text)
    NVIC_SystemLPConfig                      0x08001861   Thumb Code    34  misc.o(.text)
    SysTick_CLKSourceConfig                  0x08001883   Thumb Code    40  misc.o(.text)
    DAC_DeInit                               0x080018c1   Thumb Code    22  stm32f10x_dac.o(.text)
    DAC_Init                                 0x080018d7   Thumb Code    46  stm32f10x_dac.o(.text)
    DAC_StructInit                           0x08001905   Thumb Code    12  stm32f10x_dac.o(.text)
    DAC_Cmd                                  0x08001911   Thumb Code    34  stm32f10x_dac.o(.text)
    DAC_DMACmd                               0x08001933   Thumb Code    38  stm32f10x_dac.o(.text)
    DAC_SoftwareTriggerCmd                   0x08001959   Thumb Code    48  stm32f10x_dac.o(.text)
    DAC_DualSoftwareTriggerCmd               0x08001989   Thumb Code    38  stm32f10x_dac.o(.text)
    DAC_WaveGenerationCmd                    0x080019af   Thumb Code    36  stm32f10x_dac.o(.text)
    DAC_SetChannel1Data                      0x080019d3   Thumb Code    26  stm32f10x_dac.o(.text)
    DAC_SetChannel2Data                      0x080019ed   Thumb Code    26  stm32f10x_dac.o(.text)
    DAC_SetDualChannelData                   0x08001a07   Thumb Code    32  stm32f10x_dac.o(.text)
    DAC_GetDataOutputValue                   0x08001a27   Thumb Code    32  stm32f10x_dac.o(.text)
    GPIO_DeInit                              0x08001a4d   Thumb Code   172  stm32f10x_gpio.o(.text)
    GPIO_AFIODeInit                          0x08001af9   Thumb Code    20  stm32f10x_gpio.o(.text)
    GPIO_Init                                0x08001b0d   Thumb Code   278  stm32f10x_gpio.o(.text)
    GPIO_StructInit                          0x08001c23   Thumb Code    16  stm32f10x_gpio.o(.text)
    GPIO_ReadInputDataBit                    0x08001c33   Thumb Code    18  stm32f10x_gpio.o(.text)
    GPIO_ReadInputData                       0x08001c45   Thumb Code     8  stm32f10x_gpio.o(.text)
    GPIO_ReadOutputDataBit                   0x08001c4d   Thumb Code    18  stm32f10x_gpio.o(.text)
    GPIO_ReadOutputData                      0x08001c5f   Thumb Code     8  stm32f10x_gpio.o(.text)
    GPIO_SetBits                             0x08001c67   Thumb Code     4  stm32f10x_gpio.o(.text)
    GPIO_ResetBits                           0x08001c6b   Thumb Code     4  stm32f10x_gpio.o(.text)
    GPIO_WriteBit                            0x08001c6f   Thumb Code    10  stm32f10x_gpio.o(.text)
    GPIO_Write                               0x08001c79   Thumb Code     4  stm32f10x_gpio.o(.text)
    GPIO_PinLockConfig                       0x08001c7d   Thumb Code    18  stm32f10x_gpio.o(.text)
    GPIO_EventOutputConfig                   0x08001c8f   Thumb Code    26  stm32f10x_gpio.o(.text)
    GPIO_EventOutputCmd                      0x08001ca9   Thumb Code     6  stm32f10x_gpio.o(.text)
    GPIO_PinRemapConfig                      0x08001caf   Thumb Code   138  stm32f10x_gpio.o(.text)
    GPIO_EXTILineConfig                      0x08001d39   Thumb Code    66  stm32f10x_gpio.o(.text)
    GPIO_ETH_MediaInterfaceConfig            0x08001d7b   Thumb Code     8  stm32f10x_gpio.o(.text)
    RCC_DeInit                               0x08001da9   Thumb Code    64  stm32f10x_rcc.o(.text)
    RCC_HSEConfig                            0x08001de9   Thumb Code    70  stm32f10x_rcc.o(.text)
    RCC_GetFlagStatus                        0x08001e2f   Thumb Code    56  stm32f10x_rcc.o(.text)
    RCC_WaitForHSEStartUp                    0x08001e67   Thumb Code    56  stm32f10x_rcc.o(.text)
    RCC_AdjustHSICalibrationValue            0x08001e9f   Thumb Code    20  stm32f10x_rcc.o(.text)
    RCC_HSICmd                               0x08001eb3   Thumb Code     6  stm32f10x_rcc.o(.text)
    RCC_PLLConfig                            0x08001eb9   Thumb Code    24  stm32f10x_rcc.o(.text)
    RCC_PLLCmd                               0x08001ed1   Thumb Code     6  stm32f10x_rcc.o(.text)
    RCC_SYSCLKConfig                         0x08001ed7   Thumb Code    18  stm32f10x_rcc.o(.text)
    RCC_GetSYSCLKSource                      0x08001ee9   Thumb Code    10  stm32f10x_rcc.o(.text)
    RCC_HCLKConfig                           0x08001ef3   Thumb Code    18  stm32f10x_rcc.o(.text)
    RCC_PCLK1Config                          0x08001f05   Thumb Code    18  stm32f10x_rcc.o(.text)
    RCC_PCLK2Config                          0x08001f17   Thumb Code    20  stm32f10x_rcc.o(.text)
    RCC_ITConfig                             0x08001f2b   Thumb Code    26  stm32f10x_rcc.o(.text)
    RCC_USBCLKConfig                         0x08001f45   Thumb Code     8  stm32f10x_rcc.o(.text)
    RCC_ADCCLKConfig                         0x08001f4d   Thumb Code    18  stm32f10x_rcc.o(.text)
    RCC_LSEConfig                            0x08001f5f   Thumb Code    50  stm32f10x_rcc.o(.text)
    RCC_LSICmd                               0x08001f91   Thumb Code     6  stm32f10x_rcc.o(.text)
    RCC_RTCCLKConfig                         0x08001f97   Thumb Code    12  stm32f10x_rcc.o(.text)
    RCC_RTCCLKCmd                            0x08001fa3   Thumb Code     8  stm32f10x_rcc.o(.text)
    RCC_GetClocksFreq                        0x08001fab   Thumb Code   192  stm32f10x_rcc.o(.text)
    RCC_AHBPeriphClockCmd                    0x0800206b   Thumb Code    26  stm32f10x_rcc.o(.text)
    RCC_APB2PeriphClockCmd                   0x08002085   Thumb Code    26  stm32f10x_rcc.o(.text)
    RCC_APB1PeriphClockCmd                   0x0800209f   Thumb Code    26  stm32f10x_rcc.o(.text)
    RCC_APB2PeriphResetCmd                   0x080020b9   Thumb Code    26  stm32f10x_rcc.o(.text)
    RCC_APB1PeriphResetCmd                   0x080020d3   Thumb Code    26  stm32f10x_rcc.o(.text)
    RCC_BackupResetCmd                       0x080020ed   Thumb Code     8  stm32f10x_rcc.o(.text)
    RCC_ClockSecuritySystemCmd               0x080020f5   Thumb Code     6  stm32f10x_rcc.o(.text)
    RCC_MCOConfig                            0x080020fb   Thumb Code     6  stm32f10x_rcc.o(.text)
    RCC_ClearFlag                            0x08002101   Thumb Code    14  stm32f10x_rcc.o(.text)
    RCC_GetITStatus                          0x0800210f   Thumb Code    20  stm32f10x_rcc.o(.text)
    RCC_ClearITPendingBit                    0x08002123   Thumb Code     6  stm32f10x_rcc.o(.text)
    TIM_DeInit                               0x0800214d   Thumb Code   424  stm32f10x_tim.o(.text)
    TIM_TimeBaseInit                         0x080022f5   Thumb Code   122  stm32f10x_tim.o(.text)
    TIM_OC1Init                              0x0800236f   Thumb Code   132  stm32f10x_tim.o(.text)
    TIM_OC2Init                              0x080023f3   Thumb Code   154  stm32f10x_tim.o(.text)
    TIM_OC3Init                              0x0800248d   Thumb Code   150  stm32f10x_tim.o(.text)
    TIM_OC4Init                              0x08002523   Thumb Code   182  stm32f10x_tim.o(.text)
    TIM_SetIC4Prescaler                      0x080025d9   Thumb Code    26  stm32f10x_tim.o(.text)
    TIM_SetIC3Prescaler                      0x08002675   Thumb Code    18  stm32f10x_tim.o(.text)
    TIM_SetIC2Prescaler                      0x08002701   Thumb Code    26  stm32f10x_tim.o(.text)
    TIM_SetIC1Prescaler                      0x0800279d   Thumb Code    18  stm32f10x_tim.o(.text)
    TIM_ICInit                               0x0800281b   Thumb Code   150  stm32f10x_tim.o(.text)
    TIM_PWMIConfig                           0x080028b1   Thumb Code   124  stm32f10x_tim.o(.text)
    TIM_BDTRConfig                           0x0800292d   Thumb Code    32  stm32f10x_tim.o(.text)
    TIM_TimeBaseStructInit                   0x0800294d   Thumb Code    18  stm32f10x_tim.o(.text)
    TIM_OCStructInit                         0x0800295f   Thumb Code    20  stm32f10x_tim.o(.text)
    TIM_ICStructInit                         0x08002973   Thumb Code    18  stm32f10x_tim.o(.text)
    TIM_BDTRStructInit                       0x08002985   Thumb Code    40  stm32f10x_tim.o(.text)
    TIM_Cmd                                  0x080029ad   Thumb Code    24  stm32f10x_tim.o(.text)
    TIM_CtrlPWMOutputs                       0x080029c5   Thumb Code    30  stm32f10x_tim.o(.text)
    TIM_ITConfig                             0x080029e3   Thumb Code    18  stm32f10x_tim.o(.text)
    TIM_GenerateEvent                        0x080029f5   Thumb Code     4  stm32f10x_tim.o(.text)
    TIM_DMAConfig                            0x080029f9   Thumb Code    10  stm32f10x_tim.o(.text)
    TIM_DMACmd                               0x08002a03   Thumb Code    18  stm32f10x_tim.o(.text)
    TIM_InternalClockConfig                  0x08002a15   Thumb Code    12  stm32f10x_tim.o(.text)
    TIM_SelectInputTrigger                   0x08002a21   Thumb Code    18  stm32f10x_tim.o(.text)
    TIM_ITRxExternalClockConfig              0x08002a33   Thumb Code    24  stm32f10x_tim.o(.text)
    TIM_TIxExternalClockConfig               0x08002a4b   Thumb Code    62  stm32f10x_tim.o(.text)
    TIM_ETRConfig                            0x08002a89   Thumb Code    28  stm32f10x_tim.o(.text)
    TIM_ETRClockMode1Config                  0x08002aa5   Thumb Code    54  stm32f10x_tim.o(.text)
    TIM_ETRClockMode2Config                  0x08002adb   Thumb Code    32  stm32f10x_tim.o(.text)
    TIM_PrescalerConfig                      0x08002afb   Thumb Code     6  stm32f10x_tim.o(.text)
    TIM_CounterModeConfig                    0x08002b01   Thumb Code    18  stm32f10x_tim.o(.text)
    TIM_EncoderInterfaceConfig               0x08002b13   Thumb Code    66  stm32f10x_tim.o(.text)
    TIM_ForcedOC1Config                      0x08002b55   Thumb Code    18  stm32f10x_tim.o(.text)
    TIM_ForcedOC2Config                      0x08002b67   Thumb Code    26  stm32f10x_tim.o(.text)
    TIM_ForcedOC3Config                      0x08002b81   Thumb Code    18  stm32f10x_tim.o(.text)
    TIM_ForcedOC4Config                      0x08002b93   Thumb Code    26  stm32f10x_tim.o(.text)
    TIM_ARRPreloadConfig                     0x08002bad   Thumb Code    24  stm32f10x_tim.o(.text)
    TIM_SelectCOM                            0x08002bc5   Thumb Code    24  stm32f10x_tim.o(.text)
    TIM_SelectCCDMA                          0x08002bdd   Thumb Code    24  stm32f10x_tim.o(.text)
    TIM_CCPreloadControl                     0x08002bf5   Thumb Code    24  stm32f10x_tim.o(.text)
    TIM_OC1PreloadConfig                     0x08002c0d   Thumb Code    18  stm32f10x_tim.o(.text)
    TIM_OC2PreloadConfig                     0x08002c1f   Thumb Code    26  stm32f10x_tim.o(.text)
    TIM_OC3PreloadConfig                     0x08002c39   Thumb Code    18  stm32f10x_tim.o(.text)
    TIM_OC4PreloadConfig                     0x08002c4b   Thumb Code    26  stm32f10x_tim.o(.text)
    TIM_OC1FastConfig                        0x08002c65   Thumb Code    18  stm32f10x_tim.o(.text)
    TIM_OC2FastConfig                        0x08002c77   Thumb Code    26  stm32f10x_tim.o(.text)
    TIM_OC3FastConfig                        0x08002c91   Thumb Code    18  stm32f10x_tim.o(.text)
    TIM_OC4FastConfig                        0x08002ca3   Thumb Code    26  stm32f10x_tim.o(.text)
    TIM_ClearOC1Ref                          0x08002cbd   Thumb Code    18  stm32f10x_tim.o(.text)
    TIM_ClearOC2Ref                          0x08002ccf   Thumb Code    24  stm32f10x_tim.o(.text)
    TIM_ClearOC3Ref                          0x08002ce7   Thumb Code    18  stm32f10x_tim.o(.text)
    TIM_ClearOC4Ref                          0x08002cf9   Thumb Code    24  stm32f10x_tim.o(.text)
    TIM_OC1PolarityConfig                    0x08002d11   Thumb Code    18  stm32f10x_tim.o(.text)
    TIM_OC1NPolarityConfig                   0x08002d23   Thumb Code    18  stm32f10x_tim.o(.text)
    TIM_OC2PolarityConfig                    0x08002d35   Thumb Code    26  stm32f10x_tim.o(.text)
    TIM_OC2NPolarityConfig                   0x08002d4f   Thumb Code    26  stm32f10x_tim.o(.text)
    TIM_OC3PolarityConfig                    0x08002d69   Thumb Code    26  stm32f10x_tim.o(.text)
    TIM_OC3NPolarityConfig                   0x08002d83   Thumb Code    26  stm32f10x_tim.o(.text)
    TIM_OC4PolarityConfig                    0x08002d9d   Thumb Code    26  stm32f10x_tim.o(.text)
    TIM_CCxCmd                               0x08002db7   Thumb Code    30  stm32f10x_tim.o(.text)
    TIM_CCxNCmd                              0x08002dd5   Thumb Code    30  stm32f10x_tim.o(.text)
    TIM_SelectOCxM                           0x08002df3   Thumb Code    82  stm32f10x_tim.o(.text)
    TIM_UpdateDisableConfig                  0x08002e45   Thumb Code    24  stm32f10x_tim.o(.text)
    TIM_UpdateRequestConfig                  0x08002e5d   Thumb Code    24  stm32f10x_tim.o(.text)
    TIM_SelectHallSensor                     0x08002e75   Thumb Code    24  stm32f10x_tim.o(.text)
    TIM_SelectOnePulseMode                   0x08002e8d   Thumb Code    18  stm32f10x_tim.o(.text)
    TIM_SelectOutputTrigger                  0x08002e9f   Thumb Code    18  stm32f10x_tim.o(.text)
    TIM_SelectSlaveMode                      0x08002eb1   Thumb Code    18  stm32f10x_tim.o(.text)
    TIM_SelectMasterSlaveMode                0x08002ec3   Thumb Code    18  stm32f10x_tim.o(.text)
    TIM_SetCounter                           0x08002ed5   Thumb Code     4  stm32f10x_tim.o(.text)
    TIM_SetAutoreload                        0x08002ed9   Thumb Code     4  stm32f10x_tim.o(.text)
    TIM_SetCompare1                          0x08002edd   Thumb Code     4  stm32f10x_tim.o(.text)
    TIM_SetCompare2                          0x08002ee1   Thumb Code     4  stm32f10x_tim.o(.text)
    TIM_SetCompare3                          0x08002ee5   Thumb Code     4  stm32f10x_tim.o(.text)
    TIM_SetCompare4                          0x08002ee9   Thumb Code     6  stm32f10x_tim.o(.text)
    TIM_SetClockDivision                     0x08002eef   Thumb Code    18  stm32f10x_tim.o(.text)
    TIM_GetCapture1                          0x08002f01   Thumb Code     6  stm32f10x_tim.o(.text)
    TIM_GetCapture2                          0x08002f07   Thumb Code     6  stm32f10x_tim.o(.text)
    TIM_GetCapture3                          0x08002f0d   Thumb Code     6  stm32f10x_tim.o(.text)
    TIM_GetCapture4                          0x08002f13   Thumb Code     8  stm32f10x_tim.o(.text)
    TIM_GetCounter                           0x08002f1b   Thumb Code     6  stm32f10x_tim.o(.text)
    TIM_GetPrescaler                         0x08002f21   Thumb Code     6  stm32f10x_tim.o(.text)
    TIM_GetFlagStatus                        0x08002f27   Thumb Code    18  stm32f10x_tim.o(.text)
    TIM_ClearFlag                            0x08002f39   Thumb Code     6  stm32f10x_tim.o(.text)
    TIM_GetITStatus                          0x08002f3f   Thumb Code    34  stm32f10x_tim.o(.text)
    TIM_ClearITPendingBit                    0x08002f61   Thumb Code     6  stm32f10x_tim.o(.text)
    USART_DeInit                             0x08002f69   Thumb Code   134  stm32f10x_usart.o(.text)
    USART_Init                               0x08002fef   Thumb Code   210  stm32f10x_usart.o(.text)
    USART_StructInit                         0x080030c1   Thumb Code    24  stm32f10x_usart.o(.text)
    USART_ClockInit                          0x080030d9   Thumb Code    34  stm32f10x_usart.o(.text)
    USART_ClockStructInit                    0x080030fb   Thumb Code    12  stm32f10x_usart.o(.text)
    USART_Cmd                                0x08003107   Thumb Code    24  stm32f10x_usart.o(.text)
    USART_ITConfig                           0x0800311f   Thumb Code    74  stm32f10x_usart.o(.text)
    USART_DMACmd                             0x08003169   Thumb Code    18  stm32f10x_usart.o(.text)
    USART_SetAddress                         0x0800317b   Thumb Code    18  stm32f10x_usart.o(.text)
    USART_WakeUpConfig                       0x0800318d   Thumb Code    18  stm32f10x_usart.o(.text)
    USART_ReceiverWakeUpCmd                  0x0800319f   Thumb Code    24  stm32f10x_usart.o(.text)
    USART_LINBreakDetectLengthConfig         0x080031b7   Thumb Code    18  stm32f10x_usart.o(.text)
    USART_LINCmd                             0x080031c9   Thumb Code    24  stm32f10x_usart.o(.text)
    USART_SendData                           0x080031e1   Thumb Code     8  stm32f10x_usart.o(.text)
    USART_ReceiveData                        0x080031e9   Thumb Code    10  stm32f10x_usart.o(.text)
    USART_SendBreak                          0x080031f3   Thumb Code    10  stm32f10x_usart.o(.text)
    USART_SetGuardTime                       0x080031fd   Thumb Code    16  stm32f10x_usart.o(.text)
    USART_SetPrescaler                       0x0800320d   Thumb Code    16  stm32f10x_usart.o(.text)
    USART_SmartCardCmd                       0x0800321d   Thumb Code    24  stm32f10x_usart.o(.text)
    USART_SmartCardNACKCmd                   0x08003235   Thumb Code    24  stm32f10x_usart.o(.text)
    USART_HalfDuplexCmd                      0x0800324d   Thumb Code    24  stm32f10x_usart.o(.text)
    USART_OverSampling8Cmd                   0x08003265   Thumb Code    22  stm32f10x_usart.o(.text)
    USART_OneBitMethodCmd                    0x0800327b   Thumb Code    24  stm32f10x_usart.o(.text)
    USART_IrDAConfig                         0x08003293   Thumb Code    18  stm32f10x_usart.o(.text)
    USART_IrDACmd                            0x080032a5   Thumb Code    24  stm32f10x_usart.o(.text)
    USART_GetFlagStatus                      0x080032bd   Thumb Code    26  stm32f10x_usart.o(.text)
    USART_ClearFlag                          0x080032d7   Thumb Code    18  stm32f10x_usart.o(.text)
    USART_GetITStatus                        0x080032e9   Thumb Code    84  stm32f10x_usart.o(.text)
    USART_ClearITPendingBit                  0x0800333d   Thumb Code    52  stm32f10x_usart.o(.text)
    Reset_Handler                            0x08003371   Thumb Code     8  startup_stm32f10x_hd_rtos.o(.text)
    ADC1_2_IRQHandler                        0x0800338b   Thumb Code     0  startup_stm32f10x_hd_rtos.o(.text)
    ADC3_IRQHandler                          0x0800338b   Thumb Code     0  startup_stm32f10x_hd_rtos.o(.text)
    CAN1_RX1_IRQHandler                      0x0800338b   Thumb Code     0  startup_stm32f10x_hd_rtos.o(.text)
    CAN1_SCE_IRQHandler                      0x0800338b   Thumb Code     0  startup_stm32f10x_hd_rtos.o(.text)
    DMA1_Channel1_IRQHandler                 0x0800338b   Thumb Code     0  startup_stm32f10x_hd_rtos.o(.text)
    DMA1_Channel2_IRQHandler                 0x0800338b   Thumb Code     0  startup_stm32f10x_hd_rtos.o(.text)
    DMA1_Channel3_IRQHandler                 0x0800338b   Thumb Code     0  startup_stm32f10x_hd_rtos.o(.text)
    DMA1_Channel4_IRQHandler                 0x0800338b   Thumb Code     0  startup_stm32f10x_hd_rtos.o(.text)
    DMA1_Channel5_IRQHandler                 0x0800338b   Thumb Code     0  startup_stm32f10x_hd_rtos.o(.text)
    DMA1_Channel6_IRQHandler                 0x0800338b   Thumb Code     0  startup_stm32f10x_hd_rtos.o(.text)
    DMA1_Channel7_IRQHandler                 0x0800338b   Thumb Code     0  startup_stm32f10x_hd_rtos.o(.text)
    DMA2_Channel1_IRQHandler                 0x0800338b   Thumb Code     0  startup_stm32f10x_hd_rtos.o(.text)
    DMA2_Channel2_IRQHandler                 0x0800338b   Thumb Code     0  startup_stm32f10x_hd_rtos.o(.text)
    DMA2_Channel3_IRQHandler                 0x0800338b   Thumb Code     0  startup_stm32f10x_hd_rtos.o(.text)
    DMA2_Channel4_5_IRQHandler               0x0800338b   Thumb Code     0  startup_stm32f10x_hd_rtos.o(.text)
    EXTI0_IRQHandler                         0x0800338b   Thumb Code     0  startup_stm32f10x_hd_rtos.o(.text)
    EXTI15_10_IRQHandler                     0x0800338b   Thumb Code     0  startup_stm32f10x_hd_rtos.o(.text)
    EXTI1_IRQHandler                         0x0800338b   Thumb Code     0  startup_stm32f10x_hd_rtos.o(.text)
    EXTI2_IRQHandler                         0x0800338b   Thumb Code     0  startup_stm32f10x_hd_rtos.o(.text)
    EXTI3_IRQHandler                         0x0800338b   Thumb Code     0  startup_stm32f10x_hd_rtos.o(.text)
    EXTI4_IRQHandler                         0x0800338b   Thumb Code     0  startup_stm32f10x_hd_rtos.o(.text)
    EXTI9_5_IRQHandler                       0x0800338b   Thumb Code     0  startup_stm32f10x_hd_rtos.o(.text)
    FLASH_IRQHandler                         0x0800338b   Thumb Code     0  startup_stm32f10x_hd_rtos.o(.text)
    FSMC_IRQHandler                          0x0800338b   Thumb Code     0  startup_stm32f10x_hd_rtos.o(.text)
    I2C1_ER_IRQHandler                       0x0800338b   Thumb Code     0  startup_stm32f10x_hd_rtos.o(.text)
    I2C1_EV_IRQHandler                       0x0800338b   Thumb Code     0  startup_stm32f10x_hd_rtos.o(.text)
    I2C2_ER_IRQHandler                       0x0800338b   Thumb Code     0  startup_stm32f10x_hd_rtos.o(.text)
    I2C2_EV_IRQHandler                       0x0800338b   Thumb Code     0  startup_stm32f10x_hd_rtos.o(.text)
    PVD_IRQHandler                           0x0800338b   Thumb Code     0  startup_stm32f10x_hd_rtos.o(.text)
    RCC_IRQHandler                           0x0800338b   Thumb Code     0  startup_stm32f10x_hd_rtos.o(.text)
    RTCAlarm_IRQHandler                      0x0800338b   Thumb Code     0  startup_stm32f10x_hd_rtos.o(.text)
    RTC_IRQHandler                           0x0800338b   Thumb Code     0  startup_stm32f10x_hd_rtos.o(.text)
    SDIO_IRQHandler                          0x0800338b   Thumb Code     0  startup_stm32f10x_hd_rtos.o(.text)
    SPI1_IRQHandler                          0x0800338b   Thumb Code     0  startup_stm32f10x_hd_rtos.o(.text)
    SPI2_IRQHandler                          0x0800338b   Thumb Code     0  startup_stm32f10x_hd_rtos.o(.text)
    SPI3_IRQHandler                          0x0800338b   Thumb Code     0  startup_stm32f10x_hd_rtos.o(.text)
    TAMPER_IRQHandler                        0x0800338b   Thumb Code     0  startup_stm32f10x_hd_rtos.o(.text)
    TIM1_BRK_IRQHandler                      0x0800338b   Thumb Code     0  startup_stm32f10x_hd_rtos.o(.text)
    TIM1_CC_IRQHandler                       0x0800338b   Thumb Code     0  startup_stm32f10x_hd_rtos.o(.text)
    TIM1_TRG_COM_IRQHandler                  0x0800338b   Thumb Code     0  startup_stm32f10x_hd_rtos.o(.text)
    TIM1_UP_IRQHandler                       0x0800338b   Thumb Code     0  startup_stm32f10x_hd_rtos.o(.text)
    TIM2_IRQHandler                          0x0800338b   Thumb Code     0  startup_stm32f10x_hd_rtos.o(.text)
    TIM3_IRQHandler                          0x0800338b   Thumb Code     0  startup_stm32f10x_hd_rtos.o(.text)
    TIM4_IRQHandler                          0x0800338b   Thumb Code     0  startup_stm32f10x_hd_rtos.o(.text)
    TIM5_IRQHandler                          0x0800338b   Thumb Code     0  startup_stm32f10x_hd_rtos.o(.text)
    TIM6_IRQHandler                          0x0800338b   Thumb Code     0  startup_stm32f10x_hd_rtos.o(.text)
    TIM7_IRQHandler                          0x0800338b   Thumb Code     0  startup_stm32f10x_hd_rtos.o(.text)
    TIM8_BRK_IRQHandler                      0x0800338b   Thumb Code     0  startup_stm32f10x_hd_rtos.o(.text)
    TIM8_CC_IRQHandler                       0x0800338b   Thumb Code     0  startup_stm32f10x_hd_rtos.o(.text)
    TIM8_TRG_COM_IRQHandler                  0x0800338b   Thumb Code     0  startup_stm32f10x_hd_rtos.o(.text)
    TIM8_UP_IRQHandler                       0x0800338b   Thumb Code     0  startup_stm32f10x_hd_rtos.o(.text)
    UART4_IRQHandler                         0x0800338b   Thumb Code     0  startup_stm32f10x_hd_rtos.o(.text)
    UART5_IRQHandler                         0x0800338b   Thumb Code     0  startup_stm32f10x_hd_rtos.o(.text)
    USART2_IRQHandler                        0x0800338b   Thumb Code     0  startup_stm32f10x_hd_rtos.o(.text)
    USART3_IRQHandler                        0x0800338b   Thumb Code     0  startup_stm32f10x_hd_rtos.o(.text)
    USBWakeUp_IRQHandler                     0x0800338b   Thumb Code     0  startup_stm32f10x_hd_rtos.o(.text)
    USB_HP_CAN1_TX_IRQHandler                0x0800338b   Thumb Code     0  startup_stm32f10x_hd_rtos.o(.text)
    USB_LP_CAN1_RX0_IRQHandler               0x0800338b   Thumb Code     0  startup_stm32f10x_hd_rtos.o(.text)
    WWDG_IRQHandler                          0x0800338b   Thumb Code     0  startup_stm32f10x_hd_rtos.o(.text)
    LED_Init                                 0x08003395   Thumb Code    68  main.o(.text)
    delay                                    0x080033d9   Thumb Code    30  main.o(.text)
    vRed_led_on                              0x080033f7   Thumb Code    72  main.o(.text)
    vGreen_led_on                            0x0800343f   Thumb Code    72  main.o(.text)
    vTask1                                   0x08003487   Thumb Code   128  main.o(.text)
    main                                     0x08003507   Thumb Code   142  main.o(.text)
    NMI_Handler                              0x08003639   Thumb Code     2  stm32f10x_it.o(.text)
    HardFault_Handler                        0x0800363b   Thumb Code     4  stm32f10x_it.o(.text)
    MemManage_Handler                        0x0800363f   Thumb Code     4  stm32f10x_it.o(.text)
    BusFault_Handler                         0x08003643   Thumb Code     4  stm32f10x_it.o(.text)
    UsageFault_Handler                       0x08003647   Thumb Code     4  stm32f10x_it.o(.text)
    SVC_Handler                              0x0800364b   Thumb Code     2  stm32f10x_it.o(.text)
    DebugMon_Handler                         0x0800364d   Thumb Code     2  stm32f10x_it.o(.text)
    PendSV_Handler                           0x0800364f   Thumb Code     2  stm32f10x_it.o(.text)
    SysTick_Handler                          0x08003651   Thumb Code     2  stm32f10x_it.o(.text)
    fputc                                    0x08003655   Thumb Code    32  usart.o(.text)
    GetKey                                   0x08003675   Thumb Code    26  usart.o(.text)
    uart_init                                0x0800368f   Thumb Code   158  usart.o(.text)
    USART1_IRQHandler                        0x0800372d   Thumb Code   122  usart.o(.text)
    vPrint_init                              0x080037b9   Thumb Code    14  vprintstring.o(.text)
    vPrintString                             0x080037c7   Thumb Code    48  vprintstring.o(.text)
    IO_Init                                  0x08003805   Thumb Code    80  gpio.o(.text)
    vIO_Refresh                              0x08003855   Thumb Code    58  gpio.o(.text)
    Pwm_Init                                 0x080038b1   Thumb Code   250  pwm.o(.text)
    vPWM_Refresh                             0x080039ab   Thumb Code    60  pwm.o(.text)
    Dac1_Init                                0x08003a0d   Thumb Code    86  dac.o(.text)
    Dac1_Set_Vol                             0x08003a63   Thumb Code    80  dac.o(.text)
    __aeabi_memcpy                           0x08003ac1   Thumb Code    36  memcpya.o(.text)
    __aeabi_memcpy4                          0x08003ac1   Thumb Code     0  memcpya.o(.text)
    __aeabi_memcpy8                          0x08003ac1   Thumb Code     0  memcpya.o(.text)
    __aeabi_fmul                             0x08003ae5   Thumb Code   100  fmul.o(.text)
    __aeabi_fdiv                             0x08003b49   Thumb Code   124  fdiv.o(.text)
    __aeabi_ddiv                             0x08003bc5   Thumb Code   222  ddiv.o(.text)
    __aeabi_ui2f                             0x08003ca3   Thumb Code    10  ffltui.o(.text)
    __aeabi_f2uiz                            0x08003cad   Thumb Code    40  ffixui.o(.text)
    __aeabi_f2d                              0x08003cd5   Thumb Code    38  f2d.o(.text)
    __aeabi_d2f                              0x08003cfb   Thumb Code    56  d2f.o(.text)
    __aeabi_uldivmod                         0x08003d33   Thumb Code    98  uldiv.o(.text)
    __I$use$fp                               0x08003d95   Thumb Code     0  iusefp.o(.text)
    _float_round                             0x08003d95   Thumb Code    18  fepilogue.o(.text)
    _float_epilogue                          0x08003da7   Thumb Code    92  fepilogue.o(.text)
    _double_round                            0x08003e03   Thumb Code    26  depilogue.o(.text)
    _double_epilogue                         0x08003e1d   Thumb Code   156  depilogue.o(.text)
    __scatterload                            0x08003eb9   Thumb Code    28  init.o(.text)
    __scatterload_rt2                        0x08003eb9   Thumb Code     0  init.o(.text)
    __aeabi_llsl                             0x08003edd   Thumb Code    30  llshl.o(.text)
    _ll_shift_l                              0x08003edd   Thumb Code     0  llshl.o(.text)
    __aeabi_llsr                             0x08003efb   Thumb Code    32  llushr.o(.text)
    _ll_ushift_r                             0x08003efb   Thumb Code     0  llushr.o(.text)
    __0printf$5                              0x08003f1d   Thumb Code    22  printf5.o(i.__0printf$5)
    __1printf$5                              0x08003f1d   Thumb Code     0  printf5.o(i.__0printf$5)
    __2printf                                0x08003f1d   Thumb Code     0  printf5.o(i.__0printf$5)
    __scatterload_copy                       0x08003f3d   Thumb Code    14  handlers.o(i.__scatterload_copy)
    __scatterload_null                       0x08003f4b   Thumb Code     2  handlers.o(i.__scatterload_null)
    __scatterload_zeroinit                   0x08003f4d   Thumb Code    14  handlers.o(i.__scatterload_zeroinit)
    Region$$Table$$Base                      0x08004218   Number         0  anon$$obj.o(Region$$Table)
    Region$$Table$$Limit                     0x08004238   Number         0  anon$$obj.o(Region$$Table)
    pxCurrentTCB                             0x20000000   Data           4  tasks.o(.data)
    SystemCoreClock                          0x20000054   Data           4  system_stm32f10x.o(.data)
    AHBPrescTable                            0x20000058   Data          16  system_stm32f10x.o(.data)
    xMutex                                   0x2000007c   Data           4  main.o(.data)
    USART_RX_STA                             0x20000080   Data           2  usart.o(.data)
    xMutex_vPrintString                      0x20000084   Data           4  vprintstring.o(.data)
    GPIOD_BUFFER                             0x20000088   Data           2  gpio.o(.data)
    GPIOF_BUFFER                             0x2000008a   Data           2  gpio.o(.data)
    GPIOE_BUFFER                             0x2000008c   Data           2  gpio.o(.data)
    GPIOG_BUFFER                             0x2000008e   Data           2  gpio.o(.data)
    CCR1_Val                                 0x20000090   Data           2  pwm.o(.data)
    CCR2_Val                                 0x20000092   Data           2  pwm.o(.data)
    CCR3_Val                                 0x20000094   Data           2  pwm.o(.data)
    CCR4_Val                                 0x20000096   Data           2  pwm.o(.data)
    PrescalerValue                           0x20000098   Data           2  pwm.o(.data)
    __stdout                                 0x2000009c   Data           4  stdout.o(.data)
    USART_RX_BUF                             0x20004568   Data         200  usart.o(.bss)
    __initial_sp                             0x20004a30   Data           0  startup_stm32f10x_hd_rtos.o(STACK)



==============================================================================

Memory Map of the image

  Image Entry point : 0x08000131

  Load Region LR_IROM1 (Base: 0x08000000, Size: 0x000042d8, Max: 0x00080000, ABSOLUTE)

    Execution Region ER_IROM1 (Base: 0x08000000, Size: 0x00004238, Max: 0x00080000, ABSOLUTE)

    Base Addr    Size         Type   Attr      Idx    E Section Name        Object

    0x08000000   0x00000130   Data   RO          575    RESET               startup_stm32f10x_hd_rtos.o
    0x08000130   0x00000000   Code   RO          720  * .ARM.Collect$$$$00000000  mc_w.l(entry.o)
    0x08000130   0x00000004   Code   RO         1005    .ARM.Collect$$$$00000001  mc_w.l(entry2.o)
    0x08000134   0x00000004   Code   RO         1008    .ARM.Collect$$$$00000004  mc_w.l(entry5.o)
    0x08000138   0x00000000   Code   RO         1010    .ARM.Collect$$$$00000008  mc_w.l(entry7b.o)
    0x08000138   0x00000000   Code   RO         1012    .ARM.Collect$$$$0000000A  mc_w.l(entry8b.o)
    0x08000138   0x00000008   Code   RO         1013    .ARM.Collect$$$$0000000B  mc_w.l(entry9a.o)
    0x08000140   0x00000000   Code   RO         1015    .ARM.Collect$$$$0000000D  mc_w.l(entry10a.o)
    0x08000140   0x00000000   Code   RO         1017    .ARM.Collect$$$$0000000F  mc_w.l(entry11a.o)
    0x08000140   0x00000004   Code   RO         1006    .ARM.Collect$$$$00002712  mc_w.l(entry2.o)
    0x08000144   0x0000009e   Code   RO          125    .emb_text           port.o
    0x080001e2   0x00000094   Code   RO           76    .text               list.o
    0x08000276   0x000005b4   Code   RO           88    .text               queue.o
    0x0800082a   0x00000002   PAD
    0x0800082c   0x00000be0   Code   RO          106    .text               tasks.o
    0x0800140c   0x000000d4   Code   RO          126    .text               port.o
    0x080014e0   0x00000124   Code   RO          150    .text               heap_2.o
    0x08001604   0x000001e0   Code   RO          175    .text               system_stm32f10x.o
    0x080017e4   0x000000dc   Code   RO          272    .text               misc.o
    0x080018c0   0x0000018c   Code   RO          367    .text               stm32f10x_dac.o
    0x08001a4c   0x0000035c   Code   RO          439    .text               stm32f10x_gpio.o
    0x08001da8   0x000003a4   Code   RO          487    .text               stm32f10x_rcc.o
    0x0800214c   0x00000e1a   Code   RO          537    .text               stm32f10x_tim.o
    0x08002f66   0x00000002   PAD
    0x08002f68   0x00000408   Code   RO          549    .text               stm32f10x_usart.o
    0x08003370   0x00000024   Code   RO          576    .text               startup_stm32f10x_hd_rtos.o
    0x08003394   0x000002a4   Code   RO          580    .text               main.o
    0x08003638   0x0000001a   Code   RO          626    .text               stm32f10x_it.o
    0x08003652   0x00000002   PAD
    0x08003654   0x00000164   Code   RO          638    .text               usart.o
    0x080037b8   0x0000004c   Code   RO          660    .text               vprintstring.o
    0x08003804   0x000000ac   Code   RO          675    .text               gpio.o
    0x080038b0   0x0000015c   Code   RO          693    .text               pwm.o
    0x08003a0c   0x000000b4   Code   RO          708    .text               dac.o
    0x08003ac0   0x00000024   Code   RO          726    .text               mc_w.l(memcpya.o)
    0x08003ae4   0x00000064   Code   RO          991    .text               mf_w.l(fmul.o)
    0x08003b48   0x0000007c   Code   RO          993    .text               mf_w.l(fdiv.o)
    0x08003bc4   0x000000de   Code   RO          995    .text               mf_w.l(ddiv.o)
    0x08003ca2   0x0000000a   Code   RO          997    .text               mf_w.l(ffltui.o)
    0x08003cac   0x00000028   Code   RO          999    .text               mf_w.l(ffixui.o)
    0x08003cd4   0x00000026   Code   RO         1001    .text               mf_w.l(f2d.o)
    0x08003cfa   0x00000038   Code   RO         1003    .text               mf_w.l(d2f.o)
    0x08003d32   0x00000062   Code   RO         1021    .text               mc_w.l(uldiv.o)
    0x08003d94   0x00000000   Code   RO         1023    .text               mc_w.l(iusefp.o)
    0x08003d94   0x0000006e   Code   RO         1024    .text               mf_w.l(fepilogue.o)
    0x08003e02   0x000000b6   Code   RO         1026    .text               mf_w.l(depilogue.o)
    0x08003eb8   0x00000024   Code   RO         1036    .text               mc_w.l(init.o)
    0x08003edc   0x0000001e   Code   RO         1038    .text               mc_w.l(llshl.o)
    0x08003efa   0x00000020   Code   RO         1040    .text               mc_w.l(llushr.o)
    0x08003f1a   0x00000002   PAD
    0x08003f1c   0x00000020   Code   RO          863    i.__0printf$5       mc_w.l(printf5.o)
    0x08003f3c   0x0000000e   Code   RO         1046    i.__scatterload_copy  mc_w.l(handlers.o)
    0x08003f4a   0x00000002   Code   RO         1047    i.__scatterload_null  mc_w.l(handlers.o)
    0x08003f4c   0x0000000e   Code   RO         1048    i.__scatterload_zeroinit  mc_w.l(handlers.o)
    0x08003f5a   0x00000002   PAD
    0x08003f5c   0x000002bc   Code   RO          870    i._printf_core      mc_w.l(printf5.o)
    0x08004218   0x00000020   Data   RO         1044    Region$$Table       anon$$obj.o


    Execution Region RW_IRAM1 (Base: 0x20000000, Size: 0x00004a30, Max: 0x00010000, ABSOLUTE)

    Base Addr    Size         Type   Attr      Idx    E Section Name        Object

    0x20000000   0x00000038   Data   RW          108    .data               tasks.o
    0x20000038   0x00000004   Data   RW          127    .data               port.o
    0x2000003c   0x00000018   Data   RW          152    .data               heap_2.o
    0x20000054   0x00000014   Data   RW          176    .data               system_stm32f10x.o
    0x20000068   0x00000014   Data   RW          488    .data               stm32f10x_rcc.o
    0x2000007c   0x00000004   Data   RW          581    .data               main.o
    0x20000080   0x00000002   Data   RW          640    .data               usart.o
    0x20000082   0x00000002   PAD
    0x20000084   0x00000004   Data   RW          661    .data               vprintstring.o
    0x20000088   0x00000008   Data   RW          676    .data               gpio.o
    0x20000090   0x0000000a   Data   RW          694    .data               pwm.o
    0x2000009a   0x00000002   PAD
    0x2000009c   0x00000004   Data   RW          725    .data               mc_w.l(stdout.o)
    0x200000a0   0x000000c8   Zero   RW          107    .bss                tasks.o
    0x20000168   0x00004400   Zero   RW          151    .bss                heap_2.o
    0x20004568   0x000000c8   Zero   RW          639    .bss                usart.o
    0x20004630   0x00000400   Zero   RW          573    STACK               startup_stm32f10x_hd_rtos.o


==============================================================================

Image component sizes


      Code (inc. data)   RO Data    RW Data    ZI Data      Debug   Object Name

         0          0          0          0          0      10736   croutine.o
       180         14          0          0          0        725   dac.o
         0          0          0          0          0       1412   event_groups.o
       172         34          0          8          0       1164   gpio.o
       292         20          0         24      17408       3096   heap_2.o
       148          0          0          0          0       1782   list.o
       676        164          0          4          0       4980   main.o
       220         22          0          0          0     206757   misc.o
       370         30          0          4          0       4339   port.o
       348         38          0         10          0       1357   pwm.o
      1460          0          0          0          0      11106   queue.o
        36          8        304          0       1024        880   startup_stm32f10x_hd_rtos.o
       396          6          0          0          0       3694   stm32f10x_dac.o
       860         38          0          0          0       5689   stm32f10x_gpio.o
        26          0          0          0          0       1174   stm32f10x_it.o
       932         36          0         20          0       8856   stm32f10x_rcc.o
      3610         88          0          0          0      22176   stm32f10x_tim.o
      1032         22          0          0          0       8412   stm32f10x_usart.o
       480         38          0         20          0      50427   system_stm32f10x.o
      3040        202          0         56        200      14119   tasks.o
       356         18          0          2        200       1759   usart.o
        76         14          0          4          0        825   vprintstring.o

    ----------------------------------------------------------------------
     14716        792        336        156      18832     365465   Object Totals
         0          0         32          0          0          0   (incl. Generated)
         6          0          0          4          0          0   (incl. Padding)

    ----------------------------------------------------------------------

      Code (inc. data)   RO Data    RW Data    ZI Data      Debug   Library Member Name

         0          0          0          0          0          0   entry.o
         0          0          0          0          0          0   entry10a.o
         0          0          0          0          0          0   entry11a.o
         8          4          0          0          0          0   entry2.o
         4          0          0          0          0          0   entry5.o
         0          0          0          0          0          0   entry7b.o
         0          0          0          0          0          0   entry8b.o
         8          4          0          0          0          0   entry9a.o
        30          0          0          0          0          0   handlers.o
        36          8          0          0          0         68   init.o
         0          0          0          0          0          0   iusefp.o
        30          0          0          0          0         68   llshl.o
        32          0          0          0          0         68   llushr.o
        36          0          0          0          0         68   memcpya.o
       732         56          0          0          0        184   printf5.o
         0          0          0          4          0          0   stdout.o
        98          0          0          0          0         92   uldiv.o
        56          0          0          0          0         88   d2f.o
       222          0          0          0          0        100   ddiv.o
       182          0          0          0          0        176   depilogue.o
        38          0          0          0          0         68   f2d.o
       124          0          0          0          0         88   fdiv.o
       110          0          0          0          0        168   fepilogue.o
        40          0          0          0          0         68   ffixui.o
        10          0          0          0          0         68   ffltui.o
       100          0          0          0          0         76   fmul.o

    ----------------------------------------------------------------------
      1900         72          0          4          0       1448   Library Totals
         4          0          0          0          0          0   (incl. Padding)

    ----------------------------------------------------------------------

      Code (inc. data)   RO Data    RW Data    ZI Data      Debug   Library Name

      1014         72          0          4          0        548   mc_w.l
       882          0          0          0          0        900   mf_w.l

    ----------------------------------------------------------------------
      1900         72          0          4          0       1448   Library Totals

    ----------------------------------------------------------------------

==============================================================================


      Code (inc. data)   RO Data    RW Data    ZI Data      Debug   

     16616        864        336        160      18832     364361   Grand Totals
     16616        864        336        160      18832     364361   ELF Image Totals
     16616        864        336        160          0          0   ROM Totals

==============================================================================

    Total RO  Size (Code + RO Data)                16952 (  16.55kB)
    Total RW  Size (RW Data + ZI Data)             18992 (  18.55kB)
    Total ROM Size (Code + RO Data + RW Data)      17112 (  16.71kB)

==============================================================================

