Product: MDK-ARM Standard 5.10
Component: ARM Compiler 5.04 update 1 (build 49)
Tool: armlink [5040049]

==============================================================================

Section Cross References

    croutine.o(.text) refers to list.o(.text) for vListInitialise
    croutine.o(.text) refers to heap_2.o(.text) for pvPortMalloc
    croutine.o(.text) refers to port.o(.emb_text) for ulPortSetInterruptMask
    croutine.o(.text) refers to tasks.o(.text) for xTaskGetTickCount
    croutine.o(.text) refers to croutine.o(.bss) for pxReadyCoRoutineLists
    croutine.o(.text) refers to croutine.o(.data) for pxDelayedCoRoutineList
    event_groups.o(.text) refers to heap_2.o(.text) for pvPortMalloc
    event_groups.o(.text) refers to list.o(.text) for vListInitialise
    event_groups.o(.text) refers to tasks.o(.text) for vTaskSuspendAll
    event_groups.o(.text) refers to port.o(.text) for vPortYield
    event_groups.o(.text) refers to port.o(.emb_text) for ulPortSetInterruptMask
    queue.o(.text) refers to port.o(.text) for vPortEnterCritical
    queue.o(.text) refers to tasks.o(.text) for xTaskRemoveFromEventList
    queue.o(.text) refers to list.o(.text) for vListInitialise
    queue.o(.text) refers to heap_2.o(.text) for pvPortMalloc
    queue.o(.text) refers to memcpya.o(.text) for __aeabi_memcpy
    queue.o(.text) refers to port.o(.emb_text) for ulPortSetInterruptMask
    tasks.o(.text) refers to list.o(.text) for vListInitialise
    tasks.o(.text) refers to heap_2.o(.text) for pvPortMalloc
    tasks.o(.text) refers to port.o(.text) for pxPortInitialiseStack
    tasks.o(.text) refers to tasks.o(.bss) for pxReadyTasksLists
    tasks.o(.text) refers to tasks.o(.data) for pxDelayedTaskList
    tasks.o(.text) refers to port.o(.emb_text) for ulPortSetInterruptMask
    port.o(.emb_text) refers to tasks.o(.text) for vTaskSwitchContext
    port.o(.emb_text) refers to tasks.o(.data) for pxCurrentTCB
    port.o(.text) refers to port.o(.emb_text) for ulPortSetInterruptMask
    port.o(.text) refers to tasks.o(.text) for xTaskIncrementTick
    port.o(.text) refers to port.o(.data) for uxCriticalNesting
    heap_2.o(.text) refers to tasks.o(.text) for vTaskSuspendAll
    heap_2.o(.text) refers to heap_2.o(.bss) for ucHeap
    heap_2.o(.text) refers to heap_2.o(.data) for xStart
    system_stm32f10x.o(.text) refers to system_stm32f10x.o(.data) for SystemCoreClock
    stm32f10x_adc.o(.text) refers to stm32f10x_rcc.o(.text) for RCC_APB2PeriphResetCmd
    stm32f10x_bkp.o(.text) refers to stm32f10x_rcc.o(.text) for RCC_BackupResetCmd
    stm32f10x_can.o(.text) refers to stm32f10x_rcc.o(.text) for RCC_APB1PeriphResetCmd
    stm32f10x_cec.o(.text) refers to stm32f10x_rcc.o(.text) for RCC_APB1PeriphResetCmd
    stm32f10x_dac.o(.text) refers to stm32f10x_rcc.o(.text) for RCC_APB1PeriphResetCmd
    stm32f10x_gpio.o(.text) refers to stm32f10x_rcc.o(.text) for RCC_APB2PeriphResetCmd
    stm32f10x_i2c.o(.text) refers to stm32f10x_rcc.o(.text) for RCC_APB1PeriphResetCmd
    stm32f10x_pwr.o(.text) refers to stm32f10x_rcc.o(.text) for RCC_APB1PeriphResetCmd
    stm32f10x_rcc.o(.text) refers to stm32f10x_rcc.o(.data) for APBAHBPrescTable
    stm32f10x_spi.o(.text) refers to stm32f10x_rcc.o(.text) for RCC_APB2PeriphResetCmd
    stm32f10x_tim.o(.text) refers to stm32f10x_rcc.o(.text) for RCC_APB2PeriphResetCmd
    stm32f10x_usart.o(.text) refers to stm32f10x_rcc.o(.text) for RCC_APB2PeriphResetCmd
    stm32f10x_wwdg.o(.text) refers to stm32f10x_rcc.o(.text) for RCC_APB1PeriphResetCmd
    startup_stm32f10x_hd_rtos.o(RESET) refers to startup_stm32f10x_hd_rtos.o(STACK) for __initial_sp
    startup_stm32f10x_hd_rtos.o(RESET) refers to startup_stm32f10x_hd_rtos.o(.text) for Reset_Handler
    startup_stm32f10x_hd_rtos.o(RESET) refers to stm32f10x_it.o(.text) for NMI_Handler
    startup_stm32f10x_hd_rtos.o(RESET) refers to port.o(.emb_text) for vPortSVCHandler
    startup_stm32f10x_hd_rtos.o(RESET) refers to port.o(.text) for xPortSysTickHandler
    startup_stm32f10x_hd_rtos.o(RESET) refers to timer4.o(.text) for TIM4_IRQHandler
    startup_stm32f10x_hd_rtos.o(RESET) refers to usart.o(.text) for USART1_IRQHandler
    startup_stm32f10x_hd_rtos.o(RESET) refers to uart4.o(.text) for UART4_IRQHandler
    startup_stm32f10x_hd_rtos.o(.text) refers to system_stm32f10x.o(.text) for SystemInit
    startup_stm32f10x_hd_rtos.o(.text) refers to entry.o(.ARM.Collect$$$$00000000) for __main
    usart.o(.text) refers to stm32f10x_gpio.o(.text) for GPIO_Init
    usart.o(.text) refers to misc.o(.text) for NVIC_PriorityGroupConfig
    usart.o(.text) refers to stm32f10x_rcc.o(.text) for RCC_APB2PeriphClockCmd
    usart.o(.text) refers to stm32f10x_usart.o(.text) for USART_Init
    usart.o(.text) refers to printfa.o(i.__0vsprintf) for __c89vsprintf
    usart.o(.text) refers to strlen.o(.text) for strlen
    usart.o(.text) refers to usart.o(.data) for u1_rxcounter
    usart.o(.text) refers to usart.o(.bss) for u1_rxbuffer
[...]
    adc.o(.text) refers to stm32f10x_gpio.o(.text) for GPIO_Init
    adc.o(.text) refers to stm32f10x_dma.o(.text) for DMA_DeInit
    adc.o(.text) refers to stm32f10x_adc.o(.text) for ADC_Init
    adc.o(.text) refers to adc.o(.bss) for ADC1ConvertedValue
    dac.o(.text) refers to stm32f10x_rcc.o(.text) for RCC_APB2PeriphClockCmd
    dac.o(.text) refers to stm32f10x_gpio.o(.text) for GPIO_Init
    dac.o(.text) refers to stm32f10x_dac.o(.text) for DAC_Init
    dac.o(.text) refers to ffltui.o(.text) for __aeabi_ui2f
    dac.o(.text) refers to fdiv.o(.text) for __aeabi_fdiv
    dac.o(.text) refers to fmul.o(.text) for __aeabi_fmul
    dac.o(.text) refers to f2d.o(.text) for __aeabi_f2d
    dac.o(.text) refers to ddiv.o(.text) for __aeabi_ddiv
    dac.o(.text) refers to d2f.o(.text) for __aeabi_d2f
    dac.o(.text) refers to ffixui.o(.text) for __aeabi_f2uiz
    sim900a.o(.text) refers to strstr.o(.text) for strstr
    sim900a.o(.text) refers to stm32f10x_usart.o(.text) for USART_SendData
    sim900a.o(.text) refers to tasks.o(.text) for vTaskDelay
    sim900a.o(.text) refers to uart4.o(.text) for u4_printf
    sim900a.o(.text) refers to uart4.o(.data) for UART4_RX_STA
    sim900a.o(.text) refers to uart4.o(.bss) for UART4_RX_BUF
    sim900a.o(.text) refers to sim900a.o(.data) for Sim900a_Timeout
    sim900a.o(.data) refers to sim900a.o(.conststring) for .conststring
    main.o(.text) refers to stm32f10x_gpio.o(.text) for GPIO_SetBits
    main.o(.text) refers to tasks.o(.text) for vTaskDelay
    main.o(.text) refers to dac.o(.text) for Dac1_Set_Vol
    main.o(.text) refers to queue.o(.text) for xQueueGenericReceive
    main.o(.text) refers to usart2.o(.text) for u2_printf
    main.o(.text) refers to sim900a.o(.text) for sim900a_send_cmd
    main.o(.text) refers to usart.o(.text) for u1_printf
    main.o(.text) refers to vprintstring.o(.data) for xMutex_vPrintString
    main.o(.text) refers to gpio.o(.data) for GPIOG_BUFFER
    main.o(.text) refers to adc.o(.bss) for ADC1ConvertedValue
    main.o(.text) refers to stdout.o(.data) for __stdout
    nvic.o(.text) refers to misc.o(.text) for NVIC_PriorityGroupConfig
    timer4.o(.text) refers to stm32f10x_rcc.o(.text) for RCC_APB1PeriphClockCmd
    timer4.o(.text) refers to stm32f10x_tim.o(.text) for TIM_TimeBaseInit
    timer4.o(.text) refers to misc.o(.text) for NVIC_Init
    timer4.o(.text) refers to uart4.o(.data) for UART4_Timeout
    timer4.o(.text) refers to sim900a.o(.data) for Sim900a_Timeout
    uart4.o(.text) refers to stm32f10x_rcc.o(.text) for RCC_AHBPeriphClockCmd
    uart4.o(.text) refers to stm32f10x_gpio.o(.text) for GPIO_Init
    uart4.o(.text) refers to stm32f10x_dma.o(.text) for DMA_DeInit
    uart4.o(.text) refers to misc.o(.text) for NVIC_PriorityGroupConfig
    uart4.o(.text) refers to stm32f10x_usart.o(.text) for USART_Init
    uart4.o(.text) refers to printfa.o(i.__0vsprintf) for __c89vsprintf
    uart4.o(.text) refers to strlen.o(.text) for strlen
    uart4.o(.text) refers to tasks.o(.text) for vTaskDelay
    uart4.o(.text) refers to uart4.o(.bss) for DMA_InitStructure
    uart4.o(.text) refers to uart4.o(.data) for UART4_RX_STA
    usart2.o(.text) refers to stm32f10x_rcc.o(.text) for RCC_AHBPeriphClockCmd
    usart2.o(.text) refers to stm32f10x_gpio.o(.text) for GPIO_Init
    usart2.o(.text) refers to stm32f10x_dma.o(.text) for DMA_DeInit
    usart2.o(.text) refers to stm32f10x_usart.o(.text) for USART_Init
    usart2.o(.text) refers to printfa.o(i.__0vsprintf) for __c89vsprintf
    usart2.o(.text) refers to strlen.o(.text) for strlen
    usart2.o(.text) refers to tasks.o(.text) for vTaskDelay
    usart2.o(.text) refers to usart2.o(.bss) for DMA_InitStructure
    vprintstring.o(.text) refers to queue.o(.text) for xQueueCreateMutex
    vprintstring.o(.text) refers to vprintstring.o(.data) for xMutex_vPrintString
    entry.o(.ARM.Collect$$$$00000000) refers (Special) to entry10a.o(.ARM.Collect$$$$0000000D) for __rt_final_cpp
    entry.o(.ARM.Collect$$$$00000000) refers (Special) to entry11a.o(.ARM.Collect$$$$0000000F) for __rt_final_exit
    entry.o(.ARM.Collect$$$$00000000) refers (Special) to entry7b.o(.ARM.Collect$$$$00000008) for _main_clock
    entry.o(.ARM.Collect$$$$00000000) refers (Special) to entry8b.o(.ARM.Collect$$$$0000000A) for _main_cpp_init
    entry.o(.ARM.Collect$$$$00000000) refers (Special) to entry9a.o(.ARM.Collect$$$$0000000B) for _main_init
    entry.o(.ARM.Collect$$$$00000000) refers (Special) to entry5.o(.ARM.Collect$$$$00000004) for _main_scatterload
    entry.o(.ARM.Collect$$$$00000000) refers (Special) to entry2.o(.ARM.Collect$$$$00000001) for _main_stk
    printfa.o(i.__0fprintf) refers (Special) to iusefp.o(.text) for __I$use$fp
    printfa.o(i.__0fprintf) refers to printfa.o(i._printf_core) for _printf_core
    printfa.o(i.__0fprintf) refers to fputc.o(i.fputc) for fputc
    printfa.o(i.__0printf) refers (Special) to iusefp.o(.text) for __I$use$fp
    printfa.o(i.__0printf) refers to printfa.o(i._printf_core) for _printf_core
    printfa.o(i.__0printf) refers to fputc.o(i.fputc) for fputc
    printfa.o(i.__0printf) refers to stdout.o(.data) for __stdout
    printfa.o(i.__0snprintf) refers (Special) to iusefp.o(.text) for __I$use$fp
    printfa.o(i.__0snprintf) refers to printfa.o(i._printf_core) for _printf_core
    printfa.o(i.__0snprintf) refers to printfa.o(i._snputc) for _snputc
    printfa.o(i.__0sprintf) refers (Special) to iusefp.o(.text) for __I$use$fp
    printfa.o(i.__0sprintf) refers to printfa.o(i._printf_core) for _printf_core
    printfa.o(i.__0sprintf) refers to printfa.o(i._sputc) for _sputc
    printfa.o(i.__0vfprintf) refers (Special) to iusefp.o(.text) for __I$use$fp
    printfa.o(i.__0vfprintf) refers to printfa.o(i._printf_core) for _printf_core
    printfa.o(i.__0vfprintf) refers to fputc.o(i.fputc) for fputc
    printfa.o(i.__0vprintf) refers (Special) to iusefp.o(.text) for __I$use$fp
    printfa.o(i.__0vprintf) refers to printfa.o(i._printf_core) for _printf_core
    printfa.o(i.__0vprintf) refers to fputc.o(i.fputc) for fputc
    printfa.o(i.__0vprintf) refers to stdout.o(.data) for __stdout
    printfa.o(i.__0vsnprintf) refers (Special) to iusefp.o(.text) for __I$use$fp
    printfa.o(i.__0vsnprintf) refers to printfa.o(i._printf_core) for _printf_core
    printfa.o(i.__0vsnprintf) refers to printfa.o(i._snputc) for _snputc
    printfa.o(i.__0vsprintf) refers (Special) to iusefp.o(.text) for __I$use$fp
    printfa.o(i.__0vsprintf) refers to printfa.o(i._printf_core) for _printf_core
    printfa.o(i.__0vsprintf) refers to printfa.o(i._sputc) for _sputc
    printfa.o(i._fp_digits) refers (Special) to iusefp.o(.text) for __I$use$fp
    printfa.o(i._fp_digits) refers to dmul.o(.text) for __aeabi_dmul
    printfa.o(i._fp_digits) refers to ddiv.o(.text) for __aeabi_ddiv
    printfa.o(i._fp_digits) refers to cdrcmple.o(.text) for __aeabi_cdrcmple
    printfa.o(i._fp_digits) refers to dadd.o(.text) for __aeabi_dadd
    printfa.o(i._fp_digits) refers to dfixul.o(.text) for __aeabi_d2ulz
    printfa.o(i._fp_digits) refers to uldiv.o(.text) for __aeabi_uldivmod
    printfa.o(i._printf_core) refers (Special) to iusefp.o(.text) for __I$use$fp
    printfa.o(i._printf_core) refers to printfa.o(i._printf_pre_padding) for _printf_pre_padding
    printfa.o(i._printf_core) refers to uldiv.o(.text) for __aeabi_uldivmod
    printfa.o(i._printf_core) refers to printfa.o(i._printf_post_padding) for _printf_post_padding
    printfa.o(i._printf_core) refers to printfa.o(i._fp_digits) for _fp_digits
    printfa.o(i._printf_core) refers to uidiv.o(.text) for __aeabi_uidivmod
    printfa.o(i._printf_post_padding) refers (Special) to iusefp.o(.text) for __I$use$fp
    printfa.o(i._printf_pre_padding) refers (Special) to iusefp.o(.text) for __I$use$fp
    printfa.o(i._snputc) refers (Special) to iusefp.o(.text) for __I$use$fp
    printfa.o(i._sputc) refers (Special) to iusefp.o(.text) for __I$use$fp
    fmul.o(.text) refers (Special) to iusefp.o(.text) for __I$use$fp
    fdiv.o(.text) refers (Special) to iusefp.o(.text) for __I$use$fp
    fdiv.o(.text) refers to fepilogue.o(.text) for _float_round
    ddiv.o(.text) refers (Special) to iusefp.o(.text) for __I$use$fp
    ddiv.o(.text) refers to depilogue.o(.text) for _double_round
    ffltui.o(.text) refers (Special) to iusefp.o(.text) for __I$use$fp
    ffltui.o(.text) refers to fepilogue.o(.text) for _float_epilogue
    ffixui.o(.text) refers (Special) to iusefp.o(.text) for __I$use$fp
    f2d.o(.text) refers (Special) to iusefp.o(.text) for __I$use$fp
    d2f.o(.text) refers (Special) to iusefp.o(.text) for __I$use$fp
    d2f.o(.text) refers to fepilogue.o(.text) for _float_round
    entry2.o(.ARM.Collect$$$$00000001) refers to entry2.o(.ARM.Collect$$$$00002712) for __lit__00000000
    entry2.o(.ARM.Collect$$$$00002712) refers to startup_stm32f10x_hd_rtos.o(STACK) for __initial_sp
    entry2.o(__vectab_stack_and_reset_area) refers to startup_stm32f10x_hd_rtos.o(STACK) for __initial_sp
    entry2.o(__vectab_stack_and_reset_area) refers to entry.o(.ARM.Collect$$$$00000000) for __main
    entry5.o(.ARM.Collect$$$$00000004) refers to init.o(.text) for __scatterload
    entry9a.o(.ARM.Collect$$$$0000000B) refers to main.o(.text) for main
    entry9b.o(.ARM.Collect$$$$0000000C) refers to main.o(.text) for main
    fputc.o(i.fputc) refers (Special) to iusesemip.o(.text) for __I$use$semihosting$fputc
    fputc.o(i.fputc) refers (Special) to semi.o(.text) for __semihosting_library_function
    uldiv.o(.text) refers to llushr.o(.text) for __aeabi_llsr
    uldiv.o(.text) refers to llshl.o(.text) for __aeabi_llsl
    depilogue.o(.text) refers to llshl.o(.text) for __aeabi_llsl
    depilogue.o(.text) refers to llushr.o(.text) for __aeabi_llsr
    dadd.o(.text) refers to llshl.o(.text) for __aeabi_llsl
    dadd.o(.text) refers to llsshr.o(.text) for __aeabi_lasr
    dadd.o(.text) refers to depilogue.o(.text) for _double_epilogue
    dmul.o(.text) refers to depilogue.o(.text) for _double_epilogue
    dfixul.o(.text) refers to llushr.o(.text) for __aeabi_llsr
    dfixul.o(.text) refers to llshl.o(.text) for __aeabi_llsl
    init.o(.text) refers to entry5.o(.ARM.Collect$$$$00000004) for __main_after_scatterload


==============================================================================

Removing Unused input sections from the image.

    Removing croutine.o(.text), (752 bytes).
    Removing croutine.o(.bss), (100 bytes).
    Removing croutine.o(.data), (28 bytes).
    Removing event_groups.o(.text), (664 bytes).
    Removing core_cm3.o(.emb_text), (32 bytes).
    Removing stm32f10x_adc.o(.text), (1102 bytes).
    Removing stm32f10x_bkp.o(.text), (196 bytes).
    Removing stm32f10x_can.o(.text), (2544 bytes).
    Removing stm32f10x_cec.o(.text), (288 bytes).
    Removing stm32f10x_crc.o(.text), (72 bytes).
    Removing stm32f10x_dbgmcu.o(.text), (48 bytes).
    Removing stm32f10x_exti.o(.text), (284 bytes).
    Removing stm32f10x_flash.o(.text), (1468 bytes).
    Removing stm32f10x_fsmc.o(.text), (1548 bytes).
    Removing stm32f10x_i2c.o(.text), (1028 bytes).
    Removing stm32f10x_iwdg.o(.text), (64 bytes).
    Removing stm32f10x_pwr.o(.text), (204 bytes).
    Removing stm32f10x_rtc.o(.text), (328 bytes).
    Removing stm32f10x_sdio.o(.text), (468 bytes).
    Removing stm32f10x_spi.o(.text), (780 bytes).
    Removing stm32f10x_wwdg.o(.text), (136 bytes).
    Removing startup_stm32f10x_hd_rtos.o(HEAP), (512 bytes).
    Removing gpio.o(.text), (172 bytes).
    Removing pwm.o(.text), (360 bytes).
    Removing pwm.o(.data), (10 bytes).
    Removing adc.o(.text), (428 bytes).
    Removing sim900a.o(.bss), (16 bytes).
    Removing main.o(.data), (4 bytes).
    Removing nvic.o(.text), (12 bytes).
    Removing vprintstring.o(.text), (20 bytes).

30 unused section(s) (total 13668 bytes) removed from the image.

==============================================================================

Image Symbol Table

    Local Symbols

    Symbol Name                              Value     Ov Type        Size  Object(Section)

    ../clib/microlib/division.c              0x00000000   Number         0  uldiv.o ABSOLUTE
    ../clib/microlib/division.c              0x00000000   Number         0  uidiv.o ABSOLUTE
    ../clib/microlib/init/entry.s            0x00000000   Number         0  entry9a.o ABSOLUTE
    ../clib/microlib/init/entry.s            0x00000000   Number         0  entry8b.o ABSOLUTE
    ../clib/microlib/init/entry.s            0x00000000   Number         0  entry8a.o ABSOLUTE
    ../clib/microlib/init/entry.s            0x00000000   Number         0  entry7b.o ABSOLUTE
    ../clib/microlib/init/entry.s            0x00000000   Number         0  entry7a.o ABSOLUTE
    ../clib/microlib/init/entry.s            0x00000000   Number         0  entry11b.o ABSOLUTE
    ../clib/microlib/init/entry.s            0x00000000   Number         0  entry11a.o ABSOLUTE
    ../clib/microlib/init/entry.s            0x00000000   Number         0  entry10b.o ABSOLUTE
    ../clib/microlib/init/entry.s            0x00000000   Number         0  entry10a.o ABSOLUTE
    ../clib/microlib/init/entry.s            0x00000000   Number         0  entry9b.o ABSOLUTE
    ../clib/microlib/init/entry.s            0x00000000   Number         0  entry.o ABSOLUTE
    ../clib/microlib/init/entry.s            0x00000000   Number         0  entry5.o ABSOLUTE
    ../clib/microlib/init/entry.s            0x00000000   Number         0  entry2.o ABSOLUTE
    ../clib/microlib/longlong.c              0x00000000   Number         0  llsshr.o ABSOLUTE
    ../clib/microlib/longlong.c              0x00000000   Number         0  llushr.o ABSOLUTE
    ../clib/microlib/longlong.c              0x00000000   Number         0  llshl.o ABSOLUTE
    ../clib/microlib/printf/printf.c         0x00000000   Number         0  printfa.o ABSOLUTE
    ../clib/microlib/stdio/fflush.c          0x00000000   Number         0  fflush.o ABSOLUTE
    ../clib/microlib/stdio/fputc.c           0x00000000   Number         0  fputc.o ABSOLUTE
    ../clib/microlib/stdio/semi.s            0x00000000   Number         0  semi.o ABSOLUTE
    ../clib/microlib/stdio/streams.c         0x00000000   Number         0  stdout.o ABSOLUTE
    ../clib/microlib/string/memcpy.c         0x00000000   Number         0  memcpyb.o ABSOLUTE
    ../clib/microlib/string/memcpy.c         0x00000000   Number         0  memcpya.o ABSOLUTE
    ../clib/microlib/string/strlen.c         0x00000000   Number         0  strlen.o ABSOLUTE
    ../clib/microlib/string/strstr.c         0x00000000   Number         0  strstr.o ABSOLUTE
    ../clib/microlib/stubs.s                 0x00000000   Number         0  iusesemip.o ABSOLUTE
    ../clib/microlib/stubs.s                 0x00000000   Number         0  iusefp.o ABSOLUTE
    ../fplib/microlib/d2f.c                  0x00000000   Number         0  d2f.o ABSOLUTE
    ../fplib/microlib/f2d.c                  0x00000000   Number         0  f2d.o ABSOLUTE
    ../fplib/microlib/fpadd.c                0x00000000   Number         0  dadd.o ABSOLUTE
    ../fplib/microlib/fpdiv.c                0x00000000   Number         0  fdiv.o ABSOLUTE
    ../fplib/microlib/fpdiv.c                0x00000000   Number         0  ddiv.o ABSOLUTE
    ../fplib/microlib/fpepilogue.c           0x00000000   Number         0  depilogue.o ABSOLUTE
    ../fplib/microlib/fpepilogue.c           0x00000000   Number         0  fepilogue.o ABSOLUTE
    ../fplib/microlib/fpfix.c                0x00000000   Number         0  dfixul.o ABSOLUTE
    ../fplib/microlib/fpfix.c                0x00000000   Number         0  ffixui.o ABSOLUTE
    ../fplib/microlib/fpflt.c                0x00000000   Number         0  ffltui.o ABSOLUTE
    ../fplib/microlib/fpmul.c                0x00000000   Number         0  dmul.o ABSOLUTE
    ../fplib/microlib/fpmul.c                0x00000000   Number         0  fmul.o ABSOLUTE
    FreeRTOS\Source\croutine.c               0x00000000   Number         0  croutine.o ABSOLUTE
    FreeRTOS\Source\event_groups.c           0x00000000   Number         0  event_groups.o ABSOLUTE
    FreeRTOS\Source\list.c                   0x00000000   Number         0  list.o ABSOLUTE
    FreeRTOS\Source\portable\MemMang\heap_2.c 0x00000000   Number         0  heap_2.o ABSOLUTE
    FreeRTOS\Source\portable\RVDS\ARM_CM3\port.c 0x00000000   Number         0  port.o ABSOLUTE
    FreeRTOS\Source\queue.c                  0x00000000   Number         0  queue.o ABSOLUTE
    FreeRTOS\Source\tasks.c                  0x00000000   Number         0  tasks.o ABSOLUTE
    FreeRTOS\Source\timers.c                 0x00000000   Number         0  timers.o ABSOLUTE
    FreeRTOS\\Source\\portable\\RVDS\\ARM_CM3\\port.c 0x00000000   Number         0  port.o ABSOLUTE
    Libraries\CMSIS\CM3\CoreSupport\core_cm3.c 0x00000000   Number         0  core_cm3.o ABSOLUTE
    Libraries\CMSIS\CM3\DeviceSupport\ST\STM32F10x\startup\arm\startup_stm32f10x_hd_rtos.s 0x00000000   Number         0  startup_stm32f10x_hd_rtos.o ABSOLUTE
    Libraries\CMSIS\CM3\DeviceSupport\ST\STM32F10x\system_stm32f10x.c 0x00000000   Number         0  system_stm32f10x.o ABSOLUTE
    Libraries\STM32F10x_StdPeriph_Driver\src\misc.c 0x00000000   Number         0  misc.o ABSOLUTE
    Libraries\STM32F10x_StdPeriph_Driver\src\stm32f10x_adc.c 0x00000000   Number         0  stm32f10x_adc.o ABSOLUTE
    Libraries\STM32F10x_StdPeriph_Driver\src\stm32f10x_bkp.c 0x00000000   Number         0  stm32f10x_bkp.o ABSOLUTE
    Libraries\STM32F10x_StdPeriph_Driver\src\stm32f10x_can.c 0x00000000   Number         0  stm32f10x_can.o ABSOLUTE
    Libraries\STM32F10x_StdPeriph_Driver\src\stm32f10x_cec.c 0x00000000   Number         0  stm32f10x_cec.o ABSOLUTE
    Libraries\STM32F10x_StdPeriph_Driver\src\stm32f10x_crc.c 0x00000000   Number         0  stm32f10x_crc.o ABSOLUTE
    Libraries\STM32F10x_StdPeriph_Driver\src\stm32f10x_dac.c 0x00000000   Number         0  stm32f10x_dac.o ABSOLUTE
    Libraries\STM32F10x_StdPeriph_Driver\src\stm32f10x_dbgmcu.c 0x00000000   Number         0  stm32f10x_dbgmcu.o ABSOLUTE
    Libraries\STM32F10x_StdPeriph_Driver\src\stm32f10x_dma.c 0x00000000   Number         0  stm32f10x_dma.o ABSOLUTE
    Libraries\STM32F10x_StdPeriph_Driver\src\stm32f10x_exti.c 0x00000000   Number         0  stm32f10x_exti.o ABSOLUTE
    Libraries\STM32F10x_StdPeriph_Driver\src\stm32f10x_flash.c 0x00000000   Number         0  stm32f10x_flash.o ABSOLUTE
    Libraries\STM32F10x_StdPeriph_Driver\src\stm32f10x_fsmc.c 0x00000000   Number         0  stm32f10x_fsmc.o ABSOLUTE
    Libraries\STM32F10x_StdPeriph_Driver\src\stm32f10x_gpio.c 0x00000000   Number         0  stm32f10x_gpio.o ABSOLUTE
    Libraries\STM32F10x_StdPeriph_Driver\src\stm32f10x_i2c.c 0x00000000   Number         0  stm32f10x_i2c.o ABSOLUTE
    Libraries\STM32F10x_StdPeriph_Driver\src\stm32f10x_iwdg.c 0x00000000   Number         0  stm32f10x_iwdg.o ABSOLUTE
    Libraries\STM32F10x_StdPeriph_Driver\src\stm32f10x_pwr.c 0x00000000   Number         0  stm32f10x_pwr.o ABSOLUTE
    Libraries\STM32F10x_StdPeriph_Driver\src\stm32f10x_rcc.c 0x00000000   Number         0  stm32f10x_rcc.o ABSOLUTE
    Libraries\STM32F10x_StdPeriph_Driver\src\stm32f10x_rtc.c 0x00000000   Number         0  stm32f10x_rtc.o ABSOLUTE
    Libraries\STM32F10x_StdPeriph_Driver\src\stm32f10x_sdio.c 0x00000000   Number         0  stm32f10x_sdio.o ABSOLUTE
    Libraries\STM32F10x_StdPeriph_Driver\src\stm32f10x_spi.c 0x00000000   Number         0  stm32f10x_spi.o ABSOLUTE
    Libraries\STM32F10x_StdPeriph_Driver\src\stm32f10x_tim.c 0x00000000   Number         0  stm32f10x_tim.o ABSOLUTE
    Libraries\STM32F10x_StdPeriph_Driver\src\stm32f10x_usart.c 0x00000000   Number         0  stm32f10x_usart.o ABSOLUTE
    Libraries\STM32F10x_StdPeriph_Driver\src\stm32f10x_wwdg.c 0x00000000   Number         0  stm32f10x_wwdg.o ABSOLUTE
    Libraries\\CMSIS\\CM3\\CoreSupport\\core_cm3.c 0x00000000   Number         0  core_cm3.o ABSOLUTE
    cdrcmple.s                               0x00000000   Number         0  cdrcmple.o ABSOLUTE
    dc.s                                     0x00000000   Number         0  dc.o ABSOLUTE
    handlers.s                               0x00000000   Number         0  handlers.o ABSOLUTE
    init.s                                   0x00000000   Number         0  init.o ABSOLUTE
    usr\GPIO.c                               0x00000000   Number         0  gpio.o ABSOLUTE
    usr\adc.c                                0x00000000   Number         0  adc.o ABSOLUTE
    usr\dac.c                                0x00000000   Number         0  dac.o ABSOLUTE
    usr\main.c                               0x00000000   Number         0  main.o ABSOLUTE
    usr\nvic.c                               0x00000000   Number         0  nvic.o ABSOLUTE
    usr\pwm.c                                0x00000000   Number         0  pwm.o ABSOLUTE
    usr\sim900a.c                            0x00000000   Number         0  sim900a.o ABSOLUTE
    usr\stm32f10x_it.c                       0x00000000   Number         0  stm32f10x_it.o ABSOLUTE
    usr\timer4.c                             0x00000000   Number         0  timer4.o ABSOLUTE
    usr\uart4.c                              0x00000000   Number         0  uart4.o ABSOLUTE
    usr\usart.c                              0x00000000   Number         0  usart.o ABSOLUTE
    usr\usart2.c                             0x00000000   Number         0  usart2.o ABSOLUTE
    usr\vPrintString.c                       0x00000000   Number         0  vprintstring.o ABSOLUTE
    RESET                                    0x08000000   Section      304  startup_stm32f10x_hd_rtos.o(RESET)
    .ARM.Collect$$$$00000000                 0x08000130   Section        0  entry.o(.ARM.Collect$$$$00000000)
    .ARM.Collect$$$$00000001                 0x08000130   Section        4  entry2.o(.ARM.Collect$$$$00000001)
    .ARM.Collect$$$$00000004                 0x08000134   Section        4  entry5.o(.ARM.Collect$$$$00000004)
    .ARM.Collect$$$$00000008                 0x08000138   Section        0  entry7b.o(.ARM.Collect$$$$00000008)
    .ARM.Collect$$$$0000000A                 0x08000138   Section        0  entry8b.o(.ARM.Collect$$$$0000000A)
    .ARM.Collect$$$$0000000B                 0x08000138   Section        8  entry9a.o(.ARM.Collect$$$$0000000B)
    .ARM.Collect$$$$0000000D                 0x08000140   Section        0  entry10a.o(.ARM.Collect$$$$0000000D)
    .ARM.Collect$$$$0000000F                 0x08000140   Section        0  entry11a.o(.ARM.Collect$$$$0000000F)
    .ARM.Collect$$$$00002712                 0x08000140   Section        4  entry2.o(.ARM.Collect$$$$00002712)
    __lit__00000000                          0x08000140   Data           4  entry2.o(.ARM.Collect$$$$00002712)
    .emb_text                                0x08000144   Section      158  port.o(.emb_text)
    .text                                    0x080001e2   Section        0  list.o(.text)
    .text                                    0x08000276   Section        0  queue.o(.text)
    prvUnlockQueue                           0x0800032d   Thumb Code   126  queue.o(.text)
    prvIsQueueFull                           0x080003ab   Thumb Code    30  queue.o(.text)
    prvCopyDataToQueue                       0x080003c9   Thumb Code   118  queue.o(.text)
    prvIsQueueEmpty                          0x080005d1   Thumb Code    26  queue.o(.text)
    prvCopyDataFromQueue                     0x080005eb   Thumb Code    42  queue.o(.text)
    .text                                    0x0800082c   Section        0  tasks.o(.text)
    prvInitialiseTaskLists                   0x0800082d   Thumb Code    70  tasks.o(.text)
    prvInitialiseTCBVariables                0x08000873   Thumb Code    86  tasks.o(.text)
    prvAllocateTCBAndStack                   0x080008c9   Thumb Code    46  tasks.o(.text)
    prvResetNextTaskUnblockTime              0x080009d7   Thumb Code    42  tasks.o(.text)
    prvAddCurrentTaskToDelayedList           0x08000c61   Thumb Code    62  tasks.o(.text)
    prvTaskIsTaskSuspended                   0x08000eff   Thumb Code    56  tasks.o(.text)
    prvDeleteTCB                             0x08001001   Thumb Code    18  tasks.o(.text)
    prvCheckTasksWaitingTermination          0x08001013   Thumb Code   148  tasks.o(.text)
    prvIdleTask                              0x080010a7   Thumb Code    20  tasks.o(.text)
    .text                                    0x0800140c   Section        0  port.o(.text)
    prvTaskExitError                         0x0800140d   Thumb Code     8  port.o(.text)
    .text                                    0x080014e0   Section        0  heap_2.o(.text)
    prvHeapInit                              0x080014e1   Thumb Code    42  heap_2.o(.text)
    .text                                    0x08001604   Section        0  system_stm32f10x.o(.text)
    SetSysClockTo72                          0x08001605   Thumb Code   214  system_stm32f10x.o(.text)
    SetSysClock                              0x080016db   Thumb Code     8  system_stm32f10x.o(.text)
    .text                                    0x080017e4   Section        0  misc.o(.text)
    .text                                    0x080018c0   Section        0  stm32f10x_dac.o(.text)
    .text                                    0x08001a4c   Section        0  stm32f10x_dma.o(.text)
    .text                                    0x08001ca0   Section        0  stm32f10x_gpio.o(.text)
    .text                                    0x08001ffc   Section        0  stm32f10x_rcc.o(.text)
    .text                                    0x080023a0   Section        0  stm32f10x_tim.o(.text)
    TI4_Config                               0x08002847   Thumb Code   130  stm32f10x_tim.o(.text)
    TI3_Config                               0x080028db   Thumb Code   122  stm32f10x_tim.o(.text)
    TI2_Config                               0x0800296f   Thumb Code   130  stm32f10x_tim.o(.text)
    TI1_Config                               0x08002a03   Thumb Code   108  stm32f10x_tim.o(.text)
    .text                                    0x080031bc   Section        0  stm32f10x_usart.o(.text)
    .text                                    0x080035c4   Section       36  startup_stm32f10x_hd_rtos.o(.text)
    .text                                    0x080035e8   Section        0  stm32f10x_it.o(.text)
    .text                                    0x08003604   Section        0  usart.o(.text)
    GPIO_Configuration                       0x08003605   Thumb Code    54  usart.o(.text)
    NVIC_Configuration                       0x0800363b   Thumb Code    48  usart.o(.text)
    RCC_Configuration                        0x0800366b   Thumb Code    14  usart.o(.text)
    .text                                    0x080037b4   Section        0  dac.o(.text)
    .text                                    0x08003868   Section        0  sim900a.o(.text)
    .text                                    0x08003a34   Section        0  main.o(.text)
    .text                                    0x08003bb4   Section        0  timer4.o(.text)
    .text                                    0x08003c7c   Section        0  uart4.o(.text)
    RCC_Configuration                        0x08003c7d   Thumb Code    28  uart4.o(.text)
    GPIO_Configuration                       0x08003c99   Thumb Code    54  uart4.o(.text)
    DMA_Configuration                        0x08003ccf   Thumb Code    58  uart4.o(.text)
    NVIC_Config_UART4                        0x08003d09   Thumb Code    42  uart4.o(.text)
    UART4_DMA_TX_ENABLE                      0x08003d91   Thumb Code    34  uart4.o(.text)
    .text                                    0x08003e5c   Section        0  usart2.o(.text)
    RCC_Configuration                        0x08003e5d   Thumb Code    28  usart2.o(.text)
    GPIO_Configuration                       0x08003e79   Thumb Code    50  usart2.o(.text)
    DMA_Configuration                        0x08003eab   Thumb Code    58  usart2.o(.text)
    USART2_DMA_TX_ENABLE                     0x08003f31   Thumb Code    34  usart2.o(.text)
    .text                                    0x08003fac   Section        0  memcpya.o(.text)
    .text                                    0x08003fd0   Section        0  strstr.o(.text)
    .text                                    0x08003ff4   Section        0  strlen.o(.text)
    .text                                    0x08004002   Section        0  fmul.o(.text)
    .text                                    0x08004066   Section        0  fdiv.o(.text)
    .text                                    0x080040e2   Section        0  ddiv.o(.text)
    .text                                    0x080041c0   Section        0  ffltui.o(.text)
    .text                                    0x080041ca   Section        0  ffixui.o(.text)
    .text                                    0x080041f2   Section        0  f2d.o(.text)
    .text                                    0x08004218   Section        0  d2f.o(.text)
    .text                                    0x08004250   Section        0  uidiv.o(.text)
    .text                                    0x0800427c   Section        0  uldiv.o(.text)
    .text                                    0x080042de   Section        0  fepilogue.o(.text)
    .text                                    0x080042de   Section        0  iusefp.o(.text)
    .text                                    0x0800434c   Section        0  depilogue.o(.text)
    .text                                    0x08004402   Section        0  dadd.o(.text)
    .text                                    0x08004550   Section        0  dmul.o(.text)
    .text                                    0x08004634   Section        0  dfixul.o(.text)
    .text                                    0x08004664   Section       40  cdrcmple.o(.text)
    .text                                    0x0800468c   Section       36  init.o(.text)
    .text                                    0x080046b0   Section        0  llshl.o(.text)
    .text                                    0x080046ce   Section        0  llushr.o(.text)
    .text                                    0x080046ee   Section        0  llsshr.o(.text)
    i.__0vsprintf                            0x08004714   Section        0  printfa.o(i.__0vsprintf)
    i.__scatterload_copy                     0x08004738   Section       14  handlers.o(i.__scatterload_copy)
    i.__scatterload_null                     0x08004746   Section        2  handlers.o(i.__scatterload_null)
    i.__scatterload_zeroinit                 0x08004748   Section       14  handlers.o(i.__scatterload_zeroinit)
    i._fp_digits                             0x08004758   Section        0  printfa.o(i._fp_digits)
    _fp_digits                               0x08004759   Thumb Code   334  printfa.o(i._fp_digits)
    i._printf_core                           0x080048bc   Section        0  printfa.o(i._printf_core)
    _printf_core                             0x080048bd   Thumb Code  1744  printfa.o(i._printf_core)
    i._printf_post_padding                   0x08004f98   Section        0  printfa.o(i._printf_post_padding)
    _printf_post_padding                     0x08004f99   Thumb Code    36  printfa.o(i._printf_post_padding)
    i._printf_pre_padding                    0x08004fbc   Section        0  printfa.o(i._printf_pre_padding)
    _printf_pre_padding                      0x08004fbd   Thumb Code    46  printfa.o(i._printf_pre_padding)
    i._sputc                                 0x08004fea   Section        0  printfa.o(i._sputc)
    _sputc                                   0x08004feb   Thumb Code    10  printfa.o(i._sputc)
    .conststring                             0x08004ff4   Section        5  sim900a.o(.conststring)
    .data                                    0x20000000   Section       56  tasks.o(.data)
    pxDelayedTaskList                        0x20000004   Data           4  tasks.o(.data)
    pxOverflowDelayedTaskList                0x20000008   Data           4  tasks.o(.data)
    uxTasksDeleted                           0x2000000c   Data           4  tasks.o(.data)
    uxCurrentNumberOfTasks                   0x20000010   Data           4  tasks.o(.data)
    xTickCount                               0x20000014   Data           4  tasks.o(.data)
    uxTopReadyPriority                       0x20000018   Data           4  tasks.o(.data)
    xSchedulerRunning                        0x2000001c   Data           4  tasks.o(.data)
    uxPendedTicks                            0x20000020   Data           4  tasks.o(.data)
    xYieldPending                            0x20000024   Data           4  tasks.o(.data)
    xNumOfOverflows                          0x20000028   Data           4  tasks.o(.data)
    uxTaskNumber                             0x2000002c   Data           4  tasks.o(.data)
    xNextTaskUnblockTime                     0x20000030   Data           4  tasks.o(.data)
    uxSchedulerSuspended                     0x20000034   Data           4  tasks.o(.data)
    .data                                    0x20000038   Section        4  port.o(.data)
    uxCriticalNesting                        0x20000038   Data           4  port.o(.data)
    .data                                    0x2000003c   Section       24  heap_2.o(.data)
    xStart                                   0x2000003c   Data           8  heap_2.o(.data)
    xEnd                                     0x20000044   Data           8  heap_2.o(.data)
    xFreeBytesRemaining                      0x2000004c   Data           4  heap_2.o(.data)
    xHeapHasBeenInitialised                  0x20000050   Data           4  heap_2.o(.data)
    .data                                    0x20000054   Section       20  system_stm32f10x.o(.data)
    .data                                    0x20000068   Section       20  stm32f10x_rcc.o(.data)
    APBAHBPrescTable                         0x20000068   Data          16  stm32f10x_rcc.o(.data)
    ADCPrescTable                            0x20000078   Data           4  stm32f10x_rcc.o(.data)
    .data                                    0x2000007c   Section        6  usart.o(.data)
    .data                                    0x20000082   Section        8  gpio.o(.data)
    .data                                    0x2000008c   Section       10  sim900a.o(.data)
    .data                                    0x20000096   Section        4  uart4.o(.data)
    .data                                    0x2000009c   Section        4  vprintstring.o(.data)
    .data                                    0x200000a0   Section        4  stdout.o(.data)
    .bss                                     0x200000a4   Section      200  tasks.o(.bss)
    pxReadyTasksLists                        0x200000a4   Data         100  tasks.o(.bss)
    xDelayedTaskList1                        0x20000108   Data          20  tasks.o(.bss)
    xDelayedTaskList2                        0x2000011c   Data          20  tasks.o(.bss)
    xPendingReadyList                        0x20000130   Data          20  tasks.o(.bss)
    xTasksWaitingTermination                 0x20000144   Data          20  tasks.o(.bss)
    xSuspendedTaskList                       0x20000158   Data          20  tasks.o(.bss)
    .bss                                     0x2000016c   Section    17408  heap_2.o(.bss)
    ucHeap                                   0x2000016c   Data       17408  heap_2.o(.bss)
    .bss                                     0x2000456c   Section      256  usart.o(.bss)
    .bss                                     0x2000466c   Section       20  adc.o(.bss)
    .bss                                     0x20004680   Section      300  uart4.o(.bss)
    DMA_InitStructure                        0x20004780   Data          44  uart4.o(.bss)
    .bss                                     0x200047b0   Section     2092  usart2.o(.bss)
    DMA_InitStructure                        0x20004fb0   Data          44  usart2.o(.bss)
    STACK                                    0x20004fe0   Section     1024  startup_stm32f10x_hd_rtos.o(STACK)

    Global Symbols

    Symbol Name                              Value     Ov Type        Size  Object(Section)

    BuildAttributes$$THM_ISAv4$P$D$K$B$S$PE$A:L22UL41UL21$X:L11$S22US41US21$IEEE1$IW$USESV6$~STKCKD$USESV7$~SHL$OTIME$ROPI$EBA8$MICROLIB$REQ8$PRES8$EABIv2 0x00000000   Number         0  anon$$obj.o ABSOLUTE
    __ARM_use_no_argv                        0x00000000   Number         0  main.o ABSOLUTE
    __cpp_initialize__aeabi_                  - Undefined Weak Reference
    __cxa_finalize                            - Undefined Weak Reference
    __decompress                              - Undefined Weak Reference
    _clock_init                               - Undefined Weak Reference
    _microlib_exit                            - Undefined Weak Reference
    __Vectors_Size                           0x00000130   Number         0  startup_stm32f10x_hd_rtos.o ABSOLUTE
    __Vectors                                0x08000000   Data           4  startup_stm32f10x_hd_rtos.o(RESET)
    __Vectors_End                            0x08000130   Data           0  startup_stm32f10x_hd_rtos.o(RESET)
    __main                                   0x08000131   Thumb Code     0  entry.o(.ARM.Collect$$$$00000000)
    _main_stk                                0x08000131   Thumb Code     0  entry2.o(.ARM.Collect$$$$00000001)
    _main_scatterload                        0x08000135   Thumb Code     0  entry5.o(.ARM.Collect$$$$00000004)
    __main_after_scatterload                 0x08000139   Thumb Code     0  entry5.o(.ARM.Collect$$$$00000004)
    _main_clock                              0x08000139   Thumb Code     0  entry7b.o(.ARM.Collect$$$$00000008)
    _main_cpp_init                           0x08000139   Thumb Code     0  entry8b.o(.ARM.Collect$$$$0000000A)
    _main_init                               0x08000139   Thumb Code     0  entry9a.o(.ARM.Collect$$$$0000000B)
    __rt_final_cpp                           0x08000141   Thumb Code     0  entry10a.o(.ARM.Collect$$$$0000000D)
    __rt_final_exit                          0x08000141   Thumb Code     0  entry11a.o(.ARM.Collect$$$$0000000F)
    vPortSVCHandler                          0x08000145   Thumb Code    32  port.o(.emb_text)
    __asm___6_port_c_39a90d8d__prvStartFirstTask 0x08000169   Thumb Code    24  port.o(.emb_text)
    xPortPendSVHandler                       0x08000185   Thumb Code    64  port.o(.emb_text)
    ulPortSetInterruptMask                   0x080001c9   Thumb Code    14  port.o(.emb_text)
    vPortClearInterruptMask                  0x080001d7   Thumb Code     6  port.o(.emb_text)
    vPortGetIPSR                             0x080001dd   Thumb Code     6  port.o(.emb_text)
    vListInitialise                          0x080001e3   Thumb Code    26  list.o(.text)
    vListInitialiseItem                      0x080001fd   Thumb Code     6  list.o(.text)
    vListInsertEnd                           0x08000203   Thumb Code    24  list.o(.text)
    vListInsert                              0x0800021b   Thumb Code    52  list.o(.text)
    uxListRemove                             0x0800024f   Thumb Code    40  list.o(.text)
    xQueueGenericReset                       0x08000277   Thumb Code   110  queue.o(.text)
    xQueueGenericCreate                      0x080002e5   Thumb Code    72  queue.o(.text)
    xQueueGenericSend                        0x0800043f   Thumb Code   224  queue.o(.text)
    xQueueCreateMutex                        0x0800051f   Thumb Code    72  queue.o(.text)
    xQueueGenericSendFromISR                 0x08000567   Thumb Code   106  queue.o(.text)
    xQueueGenericReceive                     0x08000615   Thumb Code   284  queue.o(.text)
    xQueueReceiveFromISR                     0x08000731   Thumb Code    96  queue.o(.text)
    xQueuePeekFromISR                        0x08000791   Thumb Code    50  queue.o(.text)
    uxQueueMessagesWaiting                   0x080007c3   Thumb Code    18  queue.o(.text)
    uxQueueSpacesAvailable                   0x080007d5   Thumb Code    24  queue.o(.text)
    uxQueueMessagesWaitingFromISR            0x080007ed   Thumb Code     6  queue.o(.text)
    vQueueDelete                             0x080007f3   Thumb Code    24  queue.o(.text)
    xQueueIsQueueEmptyFromISR                0x0800080b   Thumb Code    14  queue.o(.text)
    xQueueIsQueueFullFromISR                 0x08000819   Thumb Code    18  queue.o(.text)
    xTaskGenericCreate                       0x080008f7   Thumb Code   224  tasks.o(.text)
    vTaskDelete                              0x08000a01   Thumb Code   104  tasks.o(.text)
    xTaskIncrementTick                       0x08000a69   Thumb Code   240  tasks.o(.text)
    xTaskResumeAll                           0x08000b59   Thumb Code   264  tasks.o(.text)
    vTaskSuspendAll                          0x08000c9f   Thumb Code    12  tasks.o(.text)
    vTaskDelayUntil                          0x08000cab   Thumb Code   102  tasks.o(.text)
    vTaskDelay                               0x08000d11   Thumb Code    48  tasks.o(.text)
    uxTaskPriorityGet                        0x08000d41   Thumb Code    30  tasks.o(.text)
    vTaskPrioritySet                         0x08000d5f   Thumb Code   194  tasks.o(.text)
    vTaskSwitchContext                       0x08000e21   Thumb Code   106  tasks.o(.text)
    vTaskSuspend                             0x08000e8b   Thumb Code   116  tasks.o(.text)
    vTaskResume                              0x08000f37   Thumb Code    92  tasks.o(.text)
    xTaskResumeFromISR                       0x08000f93   Thumb Code   110  tasks.o(.text)
    vTaskStartScheduler                      0x080010bb   Thumb Code    52  tasks.o(.text)
    vTaskEndScheduler                        0x080010ef   Thumb Code    18  tasks.o(.text)
    xTaskGetTickCount                        0x08001101   Thumb Code    18  tasks.o(.text)
    xTaskGetTickCountFromISR                 0x08001113   Thumb Code    22  tasks.o(.text)
    uxTaskGetNumberOfTasks                   0x08001129   Thumb Code     6  tasks.o(.text)
    vTaskPlaceOnEventList                    0x0800112f   Thumb Code    60  tasks.o(.text)
    vTaskPlaceOnUnorderedEventList           0x0800116b   Thumb Code    76  tasks.o(.text)
    xTaskRemoveFromEventList                 0x080011b7   Thumb Code   102  tasks.o(.text)
    xTaskRemoveFromUnorderedEventList        0x0800121d   Thumb Code    92  tasks.o(.text)
    vTaskSetTimeOutState                     0x08001279   Thumb Code    14  tasks.o(.text)
    xTaskCheckForTimeOut                     0x08001287   Thumb Code    84  tasks.o(.text)
    vTaskMissedYield                         0x080012db   Thumb Code     8  tasks.o(.text)
    xTaskGetCurrentTaskHandle                0x080012e3   Thumb Code     6  tasks.o(.text)
    vTaskPriorityInherit                     0x080012e9   Thumb Code   128  tasks.o(.text)
    vTaskPriorityDisinherit                  0x08001369   Thumb Code    78  tasks.o(.text)
    uxTaskResetEventItemValue                0x080013b7   Thumb Code    24  tasks.o(.text)
    pxPortInitialiseStack                    0x08001415   Thumb Code    26  port.o(.text)
    vPortSetupTimerInterrupt                 0x0800142f   Thumb Code    14  port.o(.text)
    xPortStartScheduler                      0x0800143d   Thumb Code    42  port.o(.text)
    vPortEndScheduler                        0x08001467   Thumb Code     2  port.o(.text)
    vPortYield                               0x08001469   Thumb Code    20  port.o(.text)
    vPortEnterCritical                       0x0800147d   Thumb Code    26  port.o(.text)
    vPortExitCritical                        0x08001497   Thumb Code    26  port.o(.text)
    xPortSysTickHandler                      0x080014b1   Thumb Code    30  port.o(.text)
    pvPortMalloc                             0x0800150b   Thumb Code   166  heap_2.o(.text)
    vPortFree                                0x080015b1   Thumb Code    56  heap_2.o(.text)
    xPortGetFreeHeapSize                     0x080015e9   Thumb Code     6  heap_2.o(.text)
    vPortInitialiseBlocks                    0x080015ef   Thumb Code     2  heap_2.o(.text)
    SystemInit                               0x080016e3   Thumb Code    78  system_stm32f10x.o(.text)
    SystemCoreClockUpdate                    0x08001731   Thumb Code   142  system_stm32f10x.o(.text)
    NVIC_PriorityGroupConfig                 0x080017e5   Thumb Code    10  misc.o(.text)
    NVIC_Init                                0x080017ef   Thumb Code   100  misc.o(.text)
    NVIC_SetVectorTable                      0x08001853   Thumb Code    14  misc.o(.text)
    NVIC_SystemLPConfig                      0x08001861   Thumb Code    34  misc.o(.text)
    SysTick_CLKSourceConfig                  0x08001883   Thumb Code    40  misc.o(.text)
    DAC_DeInit                               0x080018c1   Thumb Code    22  stm32f10x_dac.o(.text)
    DAC_Init                                 0x080018d7   Thumb Code    46  stm32f10x_dac.o(.text)
    DAC_StructInit                           0x08001905   Thumb Code    12  stm32f10x_dac.o(.text)
    DAC_Cmd                                  0x08001911   Thumb Code    34  stm32f10x_dac.o(.text)
    DAC_DMACmd                               0x08001933   Thumb Code    38  stm32f10x_dac.o(.text)
    DAC_SoftwareTriggerCmd                   0x08001959   Thumb Code    48  stm32f10x_dac.o(.text)
    DAC_DualSoftwareTriggerCmd               0x08001989   Thumb Code    38  stm32f10x_dac.o(.text)
    DAC_WaveGenerationCmd                    0x080019af   Thumb Code    36  stm32f10x_dac.o(.text)
    DAC_SetChannel1Data                      0x080019d3   Thumb Code    26  stm32f10x_dac.o(.text)
    DAC_SetChannel2Data                      0x080019ed   Thumb Code    26  stm32f10x_dac.o(.text)
    DAC_SetDualChannelData                   0x08001a07   Thumb Code    32  stm32f10x_dac.o(.text)
    DAC_GetDataOutputValue                   0x08001a27   Thumb Code    32  stm32f10x_dac.o(.text)
    DMA_DeInit                               0x08001a4d   Thumb Code   324  stm32f10x_dma.o(.text)
    DMA_Init                                 0x08001b91   Thumb Code    60  stm32f10x_dma.o(.text)
    DMA_StructInit                           0x08001bcd   Thumb Code    26  stm32f10x_dma.o(.text)
    DMA_Cmd                                  0x08001be7   Thumb Code    24  stm32f10x_dma.o(.text)
    DMA_ITConfig                             0x08001bff   Thumb Code    18  stm32f10x_dma.o(.text)
    DMA_SetCurrDataCounter                   0x08001c11   Thumb Code     4  stm32f10x_dma.o(.text)
    DMA_GetCurrDataCounter                   0x08001c15   Thumb Code     8  stm32f10x_dma.o(.text)
    DMA_GetFlagStatus                        0x08001c1d   Thumb Code    40  stm32f10x_dma.o(.text)
    DMA_ClearFlag                            0x08001c45   Thumb Code    22  stm32f10x_dma.o(.text)
    DMA_GetITStatus                          0x08001c5b   Thumb Code    40  stm32f10x_dma.o(.text)
    DMA_ClearITPendingBit                    0x08001c83   Thumb Code    22  stm32f10x_dma.o(.text)
    GPIO_DeInit                              0x08001ca1   Thumb Code   172  stm32f10x_gpio.o(.text)
    GPIO_AFIODeInit                          0x08001d4d   Thumb Code    20  stm32f10x_gpio.o(.text)
    GPIO_Init                                0x08001d61   Thumb Code   278  stm32f10x_gpio.o(.text)
    GPIO_StructInit                          0x08001e77   Thumb Code    16  stm32f10x_gpio.o(.text)
    GPIO_ReadInputDataBit                    0x08001e87   Thumb Code    18  stm32f10x_gpio.o(.text)
    GPIO_ReadInputData                       0x08001e99   Thumb Code     8  stm32f10x_gpio.o(.text)
    GPIO_ReadOutputDataBit                   0x08001ea1   Thumb Code    18  stm32f10x_gpio.o(.text)
    GPIO_ReadOutputData                      0x08001eb3   Thumb Code     8  stm32f10x_gpio.o(.text)
    GPIO_SetBits                             0x08001ebb   Thumb Code     4  stm32f10x_gpio.o(.text)
    GPIO_ResetBits                           0x08001ebf   Thumb Code     4  stm32f10x_gpio.o(.text)
    GPIO_WriteBit                            0x08001ec3   Thumb Code    10  stm32f10x_gpio.o(.text)
    GPIO_Write                               0x08001ecd   Thumb Code     4  stm32f10x_gpio.o(.text)
    GPIO_PinLockConfig                       0x08001ed1   Thumb Code    18  stm32f10x_gpio.o(.text)
    GPIO_EventOutputConfig                   0x08001ee3   Thumb Code    26  stm32f10x_gpio.o(.text)
    GPIO_EventOutputCmd                      0x08001efd   Thumb Code     6  stm32f10x_gpio.o(.text)
    GPIO_PinRemapConfig                      0x08001f03   Thumb Code   138  stm32f10x_gpio.o(.text)
    GPIO_EXTILineConfig                      0x08001f8d   Thumb Code    66  stm32f10x_gpio.o(.text)
    GPIO_ETH_MediaInterfaceConfig            0x08001fcf   Thumb Code     8  stm32f10x_gpio.o(.text)
    RCC_DeInit                               0x08001ffd   Thumb Code    64  stm32f10x_rcc.o(.text)
    RCC_HSEConfig                            0x0800203d   Thumb Code    70  stm32f10x_rcc.o(.text)
    RCC_GetFlagStatus                        0x08002083   Thumb Code    56  stm32f10x_rcc.o(.text)
    RCC_WaitForHSEStartUp                    0x080020bb   Thumb Code    56  stm32f10x_rcc.o(.text)
    RCC_AdjustHSICalibrationValue            0x080020f3   Thumb Code    20  stm32f10x_rcc.o(.text)
    RCC_HSICmd                               0x08002107   Thumb Code     6  stm32f10x_rcc.o(.text)
    RCC_PLLConfig                            0x0800210d   Thumb Code    24  stm32f10x_rcc.o(.text)
    RCC_PLLCmd                               0x08002125   Thumb Code     6  stm32f10x_rcc.o(.text)
    RCC_SYSCLKConfig                         0x0800212b   Thumb Code    18  stm32f10x_rcc.o(.text)
    RCC_GetSYSCLKSource                      0x0800213d   Thumb Code    10  stm32f10x_rcc.o(.text)
    RCC_HCLKConfig                           0x08002147   Thumb Code    18  stm32f10x_rcc.o(.text)
    RCC_PCLK1Config                          0x08002159   Thumb Code    18  stm32f10x_rcc.o(.text)
    RCC_PCLK2Config                          0x0800216b   Thumb Code    20  stm32f10x_rcc.o(.text)
    RCC_ITConfig                             0x0800217f   Thumb Code    26  stm32f10x_rcc.o(.text)
    RCC_USBCLKConfig                         0x08002199   Thumb Code     8  stm32f10x_rcc.o(.text)
    RCC_ADCCLKConfig                         0x080021a1   Thumb Code    18  stm32f10x_rcc.o(.text)
    RCC_LSEConfig                            0x080021b3   Thumb Code    50  stm32f10x_rcc.o(.text)
    RCC_LSICmd                               0x080021e5   Thumb Code     6  stm32f10x_rcc.o(.text)
    RCC_RTCCLKConfig                         0x080021eb   Thumb Code    12  stm32f10x_rcc.o(.text)
    RCC_RTCCLKCmd                            0x080021f7   Thumb Code     8  stm32f10x_rcc.o(.text)
    RCC_GetClocksFreq                        0x080021ff   Thumb Code   192  stm32f10x_rcc.o(.text)
    RCC_AHBPeriphClockCmd                    0x080022bf   Thumb Code    26  stm32f10x_rcc.o(.text)
    RCC_APB2PeriphClockCmd                   0x080022d9   Thumb Code    26  stm32f10x_rcc.o(.text)
    RCC_APB1PeriphClockCmd                   0x080022f3   Thumb Code    26  stm32f10x_rcc.o(.text)
    RCC_APB2PeriphResetCmd                   0x0800230d   Thumb Code    26  stm32f10x_rcc.o(.text)
    RCC_APB1PeriphResetCmd                   0x08002327   Thumb Code    26  stm32f10x_rcc.o(.text)
    RCC_BackupResetCmd                       0x08002341   Thumb Code     8  stm32f10x_rcc.o(.text)
    RCC_ClockSecuritySystemCmd               0x08002349   Thumb Code     6  stm32f10x_rcc.o(.text)
    RCC_MCOConfig                            0x0800234f   Thumb Code     6  stm32f10x_rcc.o(.text)
    RCC_ClearFlag                            0x08002355   Thumb Code    14  stm32f10x_rcc.o(.text)
    RCC_GetITStatus                          0x08002363   Thumb Code    20  stm32f10x_rcc.o(.text)
    RCC_ClearITPendingBit                    0x08002377   Thumb Code     6  stm32f10x_rcc.o(.text)
    TIM_DeInit                               0x080023a1   Thumb Code   424  stm32f10x_tim.o(.text)
    TIM_TimeBaseInit                         0x08002549   Thumb Code   122  stm32f10x_tim.o(.text)
    TIM_OC1Init                              0x080025c3   Thumb Code   132  stm32f10x_tim.o(.text)
    TIM_OC2Init                              0x08002647   Thumb Code   154  stm32f10x_tim.o(.text)
    TIM_OC3Init                              0x080026e1   Thumb Code   150  stm32f10x_tim.o(.text)
    TIM_OC4Init                              0x08002777   Thumb Code   182  stm32f10x_tim.o(.text)
    TIM_SetIC4Prescaler                      0x0800282d   Thumb Code    26  stm32f10x_tim.o(.text)
    TIM_SetIC3Prescaler                      0x080028c9   Thumb Code    18  stm32f10x_tim.o(.text)
    TIM_SetIC2Prescaler                      0x08002955   Thumb Code    26  stm32f10x_tim.o(.text)
    TIM_SetIC1Prescaler                      0x080029f1   Thumb Code    18  stm32f10x_tim.o(.text)
    TIM_ICInit                               0x08002a6f   Thumb Code   150  stm32f10x_tim.o(.text)
    TIM_PWMIConfig                           0x08002b05   Thumb Code   124  stm32f10x_tim.o(.text)
    TIM_BDTRConfig                           0x08002b81   Thumb Code    32  stm32f10x_tim.o(.text)
    TIM_TimeBaseStructInit                   0x08002ba1   Thumb Code    18  stm32f10x_tim.o(.text)
    TIM_OCStructInit                         0x08002bb3   Thumb Code    20  stm32f10x_tim.o(.text)
    TIM_ICStructInit                         0x08002bc7   Thumb Code    18  stm32f10x_tim.o(.text)
    TIM_BDTRStructInit                       0x08002bd9   Thumb Code    40  stm32f10x_tim.o(.text)
    TIM_Cmd                                  0x08002c01   Thumb Code    24  stm32f10x_tim.o(.text)
    TIM_CtrlPWMOutputs                       0x08002c19   Thumb Code    30  stm32f10x_tim.o(.text)
    TIM_ITConfig                             0x08002c37   Thumb Code    18  stm32f10x_tim.o(.text)
    TIM_GenerateEvent                        0x08002c49   Thumb Code     4  stm32f10x_tim.o(.text)
    TIM_DMAConfig                            0x08002c4d   Thumb Code    10  stm32f10x_tim.o(.text)
    TIM_DMACmd                               0x08002c57   Thumb Code    18  stm32f10x_tim.o(.text)
    TIM_InternalClockConfig                  0x08002c69   Thumb Code    12  stm32f10x_tim.o(.text)
    TIM_SelectInputTrigger                   0x08002c75   Thumb Code    18  stm32f10x_tim.o(.text)
    TIM_ITRxExternalClockConfig              0x08002c87   Thumb Code    24  stm32f10x_tim.o(.text)
    TIM_TIxExternalClockConfig               0x08002c9f   Thumb Code    62  stm32f10x_tim.o(.text)
    TIM_ETRConfig                            0x08002cdd   Thumb Code    28  stm32f10x_tim.o(.text)
    TIM_ETRClockMode1Config                  0x08002cf9   Thumb Code    54  stm32f10x_tim.o(.text)
    TIM_ETRClockMode2Config                  0x08002d2f   Thumb Code    32  stm32f10x_tim.o(.text)
    TIM_PrescalerConfig                      0x08002d4f   Thumb Code     6  stm32f10x_tim.o(.text)
    TIM_CounterModeConfig                    0x08002d55   Thumb Code    18  stm32f10x_tim.o(.text)
    TIM_EncoderInterfaceConfig               0x08002d67   Thumb Code    66  stm32f10x_tim.o(.text)
    TIM_ForcedOC1Config                      0x08002da9   Thumb Code    18  stm32f10x_tim.o(.text)
    TIM_ForcedOC2Config                      0x08002dbb   Thumb Code    26  stm32f10x_tim.o(.text)
    TIM_ForcedOC3Config                      0x08002dd5   Thumb Code    18  stm32f10x_tim.o(.text)
    TIM_ForcedOC4Config                      0x08002de7   Thumb Code    26  stm32f10x_tim.o(.text)
    TIM_ARRPreloadConfig                     0x08002e01   Thumb Code    24  stm32f10x_tim.o(.text)
    TIM_SelectCOM                            0x08002e19   Thumb Code    24  stm32f10x_tim.o(.text)
    TIM_SelectCCDMA                          0x08002e31   Thumb Code    24  stm32f10x_tim.o(.text)
    TIM_CCPreloadControl                     0x08002e49   Thumb Code    24  stm32f10x_tim.o(.text)
    TIM_OC1PreloadConfig                     0x08002e61   Thumb Code    18  stm32f10x_tim.o(.text)
    TIM_OC2PreloadConfig                     0x08002e73   Thumb Code    26  stm32f10x_tim.o(.text)
    TIM_OC3PreloadConfig                     0x08002e8d   Thumb Code    18  stm32f10x_tim.o(.text)
    TIM_OC4PreloadConfig                     0x08002e9f   Thumb Code    26  stm32f10x_tim.o(.text)
    TIM_OC1FastConfig                        0x08002eb9   Thumb Code    18  stm32f10x_tim.o(.text)
    TIM_OC2FastConfig                        0x08002ecb   Thumb Code    26  stm32f10x_tim.o(.text)
    TIM_OC3FastConfig                        0x08002ee5   Thumb Code    18  stm32f10x_tim.o(.text)
    TIM_OC4FastConfig                        0x08002ef7   Thumb Code    26  stm32f10x_tim.o(.text)
    TIM_ClearOC1Ref                          0x08002f11   Thumb Code    18  stm32f10x_tim.o(.text)
    TIM_ClearOC2Ref                          0x08002f23   Thumb Code    24  stm32f10x_tim.o(.text)
    TIM_ClearOC3Ref                          0x08002f3b   Thumb Code    18  stm32f10x_tim.o(.text)
    TIM_ClearOC4Ref                          0x08002f4d   Thumb Code    24  stm32f10x_tim.o(.text)
    TIM_OC1PolarityConfig                    0x08002f65   Thumb Code    18  stm32f10x_tim.o(.text)
    TIM_OC1NPolarityConfig                   0x08002f77   Thumb Code    18  stm32f10x_tim.o(.text)
    TIM_OC2PolarityConfig                    0x08002f89   Thumb Code    26  stm32f10x_tim.o(.text)
    TIM_OC2NPolarityConfig                   0x08002fa3   Thumb Code    26  stm32f10x_tim.o(.text)
    TIM_OC3PolarityConfig                    0x08002fbd   Thumb Code    26  stm32f10x_tim.o(.text)
    TIM_OC3NPolarityConfig                   0x08002fd7   Thumb Code    26  stm32f10x_tim.o(.text)
    TIM_OC4PolarityConfig                    0x08002ff1   Thumb Code    26  stm32f10x_tim.o(.text)
    TIM_CCxCmd                               0x0800300b   Thumb Code    30  stm32f10x_tim.o(.text)
    TIM_CCxNCmd                              0x08003029   Thumb Code    30  stm32f10x_tim.o(.text)
    TIM_SelectOCxM                           0x08003047   Thumb Code    82  stm32f10x_tim.o(.text)
    TIM_UpdateDisableConfig                  0x08003099   Thumb Code    24  stm32f10x_tim.o(.text)
    TIM_UpdateRequestConfig                  0x080030b1   Thumb Code    24  stm32f10x_tim.o(.text)
    TIM_SelectHallSensor                     0x080030c9   Thumb Code    24  stm32f10x_tim.o(.text)
    TIM_SelectOnePulseMode                   0x080030e1   Thumb Code    18  stm32f10x_tim.o(.text)
    TIM_SelectOutputTrigger                  0x080030f3   Thumb Code    18  stm32f10x_tim.o(.text)
    TIM_SelectSlaveMode                      0x08003105   Thumb Code    18  stm32f10x_tim.o(.text)
    TIM_SelectMasterSlaveMode                0x08003117   Thumb Code    18  stm32f10x_tim.o(.text)
    TIM_SetCounter                           0x08003129   Thumb Code     4  stm32f10x_tim.o(.text)
    TIM_SetAutoreload                        0x0800312d   Thumb Code     4  stm32f10x_tim.o(.text)
    TIM_SetCompare1                          0x08003131   Thumb Code     4  stm32f10x_tim.o(.text)
    TIM_SetCompare2                          0x08003135   Thumb Code     4  stm32f10x_tim.o(.text)
    TIM_SetCompare3                          0x08003139   Thumb Code     4  stm32f10x_tim.o(.text)
    TIM_SetCompare4                          0x0800313d   Thumb Code     6  stm32f10x_tim.o(.text)
    TIM_SetClockDivision                     0x08003143   Thumb Code    18  stm32f10x_tim.o(.text)
    TIM_GetCapture1                          0x08003155   Thumb Code     6  stm32f10x_tim.o(.text)
    TIM_GetCapture2                          0x0800315b   Thumb Code     6  stm32f10x_tim.o(.text)
    TIM_GetCapture3                          0x08003161   Thumb Code     6  stm32f10x_tim.o(.text)
    TIM_GetCapture4                          0x08003167   Thumb Code     8  stm32f10x_tim.o(.text)
    TIM_GetCounter                           0x0800316f   Thumb Code     6  stm32f10x_tim.o(.text)
    TIM_GetPrescaler                         0x08003175   Thumb Code     6  stm32f10x_tim.o(.text)
    TIM_GetFlagStatus                        0x0800317b   Thumb Code    18  stm32f10x_tim.o(.text)
    TIM_ClearFlag                            0x0800318d   Thumb Code     6  stm32f10x_tim.o(.text)
    TIM_GetITStatus                          0x08003193   Thumb Code    34  stm32f10x_tim.o(.text)
    TIM_ClearITPendingBit                    0x080031b5   Thumb Code     6  stm32f10x_tim.o(.text)
    USART_DeInit                             0x080031bd   Thumb Code   134  stm32f10x_usart.o(.text)
    USART_Init                               0x08003243   Thumb Code   210  stm32f10x_usart.o(.text)
    USART_StructInit                         0x08003315   Thumb Code    24  stm32f10x_usart.o(.text)
    USART_ClockInit                          0x0800332d   Thumb Code    34  stm32f10x_usart.o(.text)
    USART_ClockStructInit                    0x0800334f   Thumb Code    12  stm32f10x_usart.o(.text)
    USART_Cmd                                0x0800335b   Thumb Code    24  stm32f10x_usart.o(.text)
    USART_ITConfig                           0x08003373   Thumb Code    74  stm32f10x_usart.o(.text)
    USART_DMACmd                             0x080033bd   Thumb Code    18  stm32f10x_usart.o(.text)
    USART_SetAddress                         0x080033cf   Thumb Code    18  stm32f10x_usart.o(.text)
    USART_WakeUpConfig                       0x080033e1   Thumb Code    18  stm32f10x_usart.o(.text)
    USART_ReceiverWakeUpCmd                  0x080033f3   Thumb Code    24  stm32f10x_usart.o(.text)
    USART_LINBreakDetectLengthConfig         0x0800340b   Thumb Code    18  stm32f10x_usart.o(.text)
    USART_LINCmd                             0x0800341d   Thumb Code    24  stm32f10x_usart.o(.text)
    USART_SendData                           0x08003435   Thumb Code     8  stm32f10x_usart.o(.text)
    USART_ReceiveData                        0x0800343d   Thumb Code    10  stm32f10x_usart.o(.text)
    USART_SendBreak                          0x08003447   Thumb Code    10  stm32f10x_usart.o(.text)
    USART_SetGuardTime                       0x08003451   Thumb Code    16  stm32f10x_usart.o(.text)
    USART_SetPrescaler                       0x08003461   Thumb Code    16  stm32f10x_usart.o(.text)
    USART_SmartCardCmd                       0x08003471   Thumb Code    24  stm32f10x_usart.o(.text)
    USART_SmartCardNACKCmd                   0x08003489   Thumb Code    24  stm32f10x_usart.o(.text)
    USART_HalfDuplexCmd                      0x080034a1   Thumb Code    24  stm32f10x_usart.o(.text)
    USART_OverSampling8Cmd                   0x080034b9   Thumb Code    22  stm32f10x_usart.o(.text)
    USART_OneBitMethodCmd                    0x080034cf   Thumb Code    24  stm32f10x_usart.o(.text)
    USART_IrDAConfig                         0x080034e7   Thumb Code    18  stm32f10x_usart.o(.text)
    USART_IrDACmd                            0x080034f9   Thumb Code    24  stm32f10x_usart.o(.text)
    USART_GetFlagStatus                      0x08003511   Thumb Code    26  stm32f10x_usart.o(.text)
    USART_ClearFlag                          0x0800352b   Thumb Code    18  stm32f10x_usart.o(.text)
    USART_GetITStatus                        0x0800353d   Thumb Code    84  stm32f10x_usart.o(.text)
    USART_ClearITPendingBit                  0x08003591   Thumb Code    52  stm32f10x_usart.o(.text)
    Reset_Handler                            0x080035c5   Thumb Code     8  startup_stm32f10x_hd_rtos.o(.text)
    ADC1_2_IRQHandler                        0x080035df   Thumb Code     0  startup_stm32f10x_hd_rtos.o(.text)
    ADC3_IRQHandler                          0x080035df   Thumb Code     0  startup_stm32f10x_hd_rtos.o(.text)
    CAN1_RX1_IRQHandler                      0x080035df   Thumb Code     0  startup_stm32f10x_hd_rtos.o(.text)
    CAN1_SCE_IRQHandler                      0x080035df   Thumb Code     0  startup_stm32f10x_hd_rtos.o(.text)
    DMA1_Channel1_IRQHandler                 0x080035df   Thumb Code     0  startup_stm32f10x_hd_rtos.o(.text)
    DMA1_Channel2_IRQHandler                 0x080035df   Thumb Code     0  startup_stm32f10x_hd_rtos.o(.text)
    DMA1_Channel3_IRQHandler                 0x080035df   Thumb Code     0  startup_stm32f10x_hd_rtos.o(.text)
    DMA1_Channel4_IRQHandler                 0x080035df   Thumb Code     0  startup_stm32f10x_hd_rtos.o(.text)
    DMA1_Channel5_IRQHandler                 0x080035df   Thumb Code     0  startup_stm32f10x_hd_rtos.o(.text)
    DMA1_Channel6_IRQHandler                 0x080035df   Thumb Code     0  startup_stm32f10x_hd_rtos.o(.text)
    DMA1_Channel7_IRQHandler                 0x080035df   Thumb Code     0  startup_stm32f10x_hd_rtos.o(.text)
    DMA2_Channel1_IRQHandler                 0x080035df   Thumb Code     0  startup_stm32f10x_hd_rtos.o(.text)
    DMA2_Channel2_IRQHandler                 0x080035df   Thumb Code     0  startup_stm32f10x_hd_rtos.o(.text)
    DMA2_Channel3_IRQHandler                 0x080035df   Thumb Code     0  startup_stm32f10x_hd_rtos.o(.text)
    DMA2_Channel4_5_IRQHandler               0x080035df   Thumb Code     0  startup_stm32f10x_hd_rtos.o(.text)
    EXTI0_IRQHandler                         0x080035df   Thumb Code     0  startup_stm32f10x_hd_rtos.o(.text)
    EXTI15_10_IRQHandler                     0x080035df   Thumb Code     0  startup_stm32f10x_hd_rtos.o(.text)
    EXTI1_IRQHandler                         0x080035df   Thumb Code     0  startup_stm32f10x_hd_rtos.o(.text)
    EXTI2_IRQHandler                         0x080035df   Thumb Code     0  startup_stm32f10x_hd_rtos.o(.text)
    EXTI3_IRQHandler                         0x080035df   Thumb Code     0  startup_stm32f10x_hd_rtos.o(.text)
    EXTI4_IRQHandler                         0x080035df   Thumb Code     0  startup_stm32f10x_hd_rtos.o(.text)
    EXTI9_5_IRQHandler                       0x080035df   Thumb Code     0  startup_stm32f10x_hd_rtos.o(.text)
    FLASH_IRQHandler                         0x080035df   Thumb Code     0  startup_stm32f10x_hd_rtos.o(.text)
    FSMC_IRQHandler                          0x080035df   Thumb Code     0  startup_stm32f10x_hd_rtos.o(.text)
    I2C1_ER_IRQHandler                       0x080035df   Thumb Code     0  startup_stm32f10x_hd_rtos.o(.text)
    I2C1_EV_IRQHandler                       0x080035df   Thumb Code     0  startup_stm32f10x_hd_rtos.o(.text)
    I2C2_ER_IRQHandler                       0x080035df   Thumb Code     0  startup_stm32f10x_hd_rtos.o(.text)
    I2C2_EV_IRQHandler                       0x080035df   Thumb Code     0  startup_stm32f10x_hd_rtos.o(.text)
    PVD_IRQHandler                           0x080035df   Thumb Code     0  startup_stm32f10x_hd_rtos.o(.text)
    RCC_IRQHandler                           0x080035df   Thumb Code     0  startup_stm32f10x_hd_rtos.o(.text)
    RTCAlarm_IRQHandler                      0x080035df   Thumb Code     0  startup_stm32f10x_hd_rtos.o(.text)
    RTC_IRQHandler                           0x080035df   Thumb Code     0  startup_stm32f10x_hd_rtos.o(.text)
    SDIO_IRQHandler                          0x080035df   Thumb Code     0  startup_stm32f10x_hd_rtos.o(.text)
    SPI1_IRQHandler                          0x080035df   Thumb Code     0  startup_stm32f10x_hd_rtos.o(.text)
    SPI2_IRQHandler                          0x080035df   Thumb Code     0  startup_stm32f10x_hd_rtos.o(.text)
    SPI3_IRQHandler                          0x080035df   Thumb Code     0  startup_stm32f10x_hd_rtos.o(.text)
    TAMPER_IRQHandler                        0x080035df   Thumb Code     0  startup_stm32f10x_hd_rtos.o(.text)
    TIM1_BRK_IRQHandler                      0x080035df   Thumb Code     0  startup_stm32f10x_hd_rtos.o(.text)
    TIM1_CC_IRQHandler                       0x080035df   Thumb Code     0  startup_stm32f10x_hd_rtos.o(.text)
    TIM1_TRG_COM_IRQHandler                  0x080035df   Thumb Code     0  startup_stm32f10x_hd_rtos.o(.text)
    TIM1_UP_IRQHandler                       0x080035df   Thumb Code     0  startup_stm32f10x_hd_rtos.o(.text)
    TIM2_IRQHandler                          0x080035df   Thumb Code     0  startup_stm32f10x_hd_rtos.o(.text)
    TIM3_IRQHandler                          0x080035df   Thumb Code     0  startup_stm32f10x_hd_rtos.o(.text)
    TIM5_IRQHandler                          0x080035df   Thumb Code     0  startup_stm32f10x_hd_rtos.o(.text)
    TIM6_IRQHandler                          0x080035df   Thumb Code     0  startup_stm32f10x_hd_rtos.o(.text)
    TIM7_IRQHandler                          0x080035df   Thumb Code     0  startup_stm32f10x_hd_rtos.o(.text)
    TIM8_BRK_IRQHandler                      0x080035df   Thumb Code     0  startup_stm32f10x_hd_rtos.o(.text)
    TIM8_CC_IRQHandler                       0x080035df   Thumb Code     0  startup_stm32f10x_hd_rtos.o(.text)
    TIM8_TRG_COM_IRQHandler                  0x080035df   Thumb Code     0  startup_stm32f10x_hd_rtos.o(.text)
    TIM8_UP_IRQHandler                       0x080035df   Thumb Code     0  startup_stm32f10x_hd_rtos.o(.text)
    UART5_IRQHandler                         0x080035df   Thumb Code     0  startup_stm32f10x_hd_rtos.o(.text)
    USART2_IRQHandler                        0x080035df   Thumb Code     0  startup_stm32f10x_hd_rtos.o(.text)
    USART3_IRQHandler                        0x080035df   Thumb Code     0  startup_stm32f10x_hd_rtos.o(.text)
    USBWakeUp_IRQHandler                     0x080035df   Thumb Code     0  startup_stm32f10x_hd_rtos.o(.text)
    USB_HP_CAN1_TX_IRQHandler                0x080035df   Thumb Code     0  startup_stm32f10x_hd_rtos.o(.text)
    USB_LP_CAN1_RX0_IRQHandler               0x080035df   Thumb Code     0  startup_stm32f10x_hd_rtos.o(.text)
    WWDG_IRQHandler                          0x080035df   Thumb Code     0  startup_stm32f10x_hd_rtos.o(.text)
    NMI_Handler                              0x080035e9   Thumb Code     2  stm32f10x_it.o(.text)
    HardFault_Handler                        0x080035eb   Thumb Code     4  stm32f10x_it.o(.text)
    MemManage_Handler                        0x080035ef   Thumb Code     4  stm32f10x_it.o(.text)
    BusFault_Handler                         0x080035f3   Thumb Code     4  stm32f10x_it.o(.text)
    UsageFault_Handler                       0x080035f7   Thumb Code     4  stm32f10x_it.o(.text)
    SVC_Handler                              0x080035fb   Thumb Code     2  stm32f10x_it.o(.text)
    DebugMon_Handler                         0x080035fd   Thumb Code     2  stm32f10x_it.o(.text)
    PendSV_Handler                           0x080035ff   Thumb Code     2  stm32f10x_it.o(.text)
    SysTick_Handler                          0x08003601   Thumb Code     2  stm32f10x_it.o(.text)
    usart1_config                            0x08003679   Thumb Code    84  usart.o(.text)
    USART1_IRQHandler                        0x080036cd   Thumb Code   124  usart.o(.text)
    u1_printf                                0x08003749   Thumb Code    78  usart.o(.text)
    Dac1_Init                                0x080037b5   Thumb Code    86  dac.o(.text)
    Dac1_Set_Vol                             0x0800380b   Thumb Code    80  dac.o(.text)
    sim900a_check_cmd                        0x08003869   Thumb Code    44  sim900a.o(.text)
    sim900a_send_cmd                         0x08003895   Thumb Code   126  sim900a.o(.text)
    sim900a_gprs_test                        0x08003913   Thumb Code   116  sim900a.o(.text)
    vTask1                                   0x08003a35   Thumb Code   200  main.o(.text)
    main                                     0x08003afd   Thumb Code    24  main.o(.text)
    TIM4_Init                                0x08003bb5   Thumb Code    94  timer4.o(.text)
    TIM4_IRQHandler                          0x08003c13   Thumb Code    88  timer4.o(.text)
    UART4_Init                               0x08003d33   Thumb Code    94  uart4.o(.text)
    u4_printf                                0x08003db3   Thumb Code    66  uart4.o(.text)
    UART4_IRQHandler                         0x08003df5   Thumb Code    68  uart4.o(.text)
    USART2_Init                              0x08003ee5   Thumb Code    76  usart2.o(.text)
    u2_printf                                0x08003f53   Thumb Code    70  usart2.o(.text)
    __aeabi_memcpy                           0x08003fad   Thumb Code    36  memcpya.o(.text)
    __aeabi_memcpy4                          0x08003fad   Thumb Code     0  memcpya.o(.text)
    __aeabi_memcpy8                          0x08003fad   Thumb Code     0  memcpya.o(.text)
    strstr                                   0x08003fd1   Thumb Code    36  strstr.o(.text)
    strlen                                   0x08003ff5   Thumb Code    14  strlen.o(.text)
    __aeabi_fmul                             0x08004003   Thumb Code   100  fmul.o(.text)
    __aeabi_fdiv                             0x08004067   Thumb Code   124  fdiv.o(.text)
    __aeabi_ddiv                             0x080040e3   Thumb Code   222  ddiv.o(.text)
    __aeabi_ui2f                             0x080041c1   Thumb Code    10  ffltui.o(.text)
    __aeabi_f2uiz                            0x080041cb   Thumb Code    40  ffixui.o(.text)
    __aeabi_f2d                              0x080041f3   Thumb Code    38  f2d.o(.text)
    __aeabi_d2f                              0x08004219   Thumb Code    56  d2f.o(.text)
    __aeabi_uidiv                            0x08004251   Thumb Code     0  uidiv.o(.text)
    __aeabi_uidivmod                         0x08004251   Thumb Code    44  uidiv.o(.text)
    __aeabi_uldivmod                         0x0800427d   Thumb Code    98  uldiv.o(.text)
    __I$use$fp                               0x080042df   Thumb Code     0  iusefp.o(.text)
    _float_round                             0x080042df   Thumb Code    18  fepilogue.o(.text)
    _float_epilogue                          0x080042f1   Thumb Code    92  fepilogue.o(.text)
    _double_round                            0x0800434d   Thumb Code    26  depilogue.o(.text)
    _double_epilogue                         0x08004367   Thumb Code   156  depilogue.o(.text)
    __aeabi_dadd                             0x08004403   Thumb Code   322  dadd.o(.text)
    __aeabi_dsub                             0x08004545   Thumb Code     6  dadd.o(.text)
    __aeabi_drsub                            0x0800454b   Thumb Code     6  dadd.o(.text)
    __aeabi_dmul                             0x08004551   Thumb Code   228  dmul.o(.text)
    __aeabi_d2ulz                            0x08004635   Thumb Code    48  dfixul.o(.text)
    __aeabi_cdrcmple                         0x08004665   Thumb Code    38  cdrcmple.o(.text)
    __scatterload                            0x0800468d   Thumb Code    28  init.o(.text)
    __scatterload_rt2                        0x0800468d   Thumb Code     0  init.o(.text)
    __aeabi_llsl                             0x080046b1   Thumb Code    30  llshl.o(.text)
    _ll_shift_l                              0x080046b1   Thumb Code     0  llshl.o(.text)
    __aeabi_llsr                             0x080046cf   Thumb Code    32  llushr.o(.text)
    _ll_ushift_r                             0x080046cf   Thumb Code     0  llushr.o(.text)
    __aeabi_lasr                             0x080046ef   Thumb Code    36  llsshr.o(.text)
    _ll_sshift_r                             0x080046ef   Thumb Code     0  llsshr.o(.text)
    __0vsprintf                              0x08004715   Thumb Code    30  printfa.o(i.__0vsprintf)
    __1vsprintf                              0x08004715   Thumb Code     0  printfa.o(i.__0vsprintf)
    __2vsprintf                              0x08004715   Thumb Code     0  printfa.o(i.__0vsprintf)
    __c89vsprintf                            0x08004715   Thumb Code     0  printfa.o(i.__0vsprintf)
    vsprintf                                 0x08004715   Thumb Code     0  printfa.o(i.__0vsprintf)
    __scatterload_copy                       0x08004739   Thumb Code    14  handlers.o(i.__scatterload_copy)
    __scatterload_null                       0x08004747   Thumb Code     2  handlers.o(i.__scatterload_null)
    __scatterload_zeroinit                   0x08004749   Thumb Code    14  handlers.o(i.__scatterload_zeroinit)
    Region$$Table$$Base                      0x08004ffc   Number         0  anon$$obj.o(Region$$Table)
    Region$$Table$$Limit                     0x0800501c   Number         0  anon$$obj.o(Region$$Table)
    pxCurrentTCB                             0x20000000   Data           4  tasks.o(.data)
    SystemCoreClock                          0x20000054   Data           4  system_stm32f10x.o(.data)
    AHBPrescTable                            0x20000058   Data          16  system_stm32f10x.o(.data)
    u1_txcounter                             0x2000007c   Data           1  usart.o(.data)
    u1_rxcounter                             0x2000007d   Data           1  usart.o(.data)
    u1_txlength                              0x2000007e   Data           2  usart.o(.data)
    u1_rxlength                              0x20000080   Data           2  usart.o(.data)
    GPIOD_BUFFER                             0x20000082   Data           2  gpio.o(.data)
    GPIOF_BUFFER                             0x20000084   Data           2  gpio.o(.data)
    GPIOE_BUFFER                             0x20000086   Data           2  gpio.o(.data)
    GPIOG_BUFFER                             0x20000088   Data           2  gpio.o(.data)
    Sim900a_Timeout                          0x2000008c   Data           2  sim900a.o(.data)
    port                                     0x20000090   Data           4  sim900a.o(.data)
    mode                                     0x20000094   Data           1  sim900a.o(.data)
    iplen                                    0x20000095   Data           1  sim900a.o(.data)
    UART4_Timeout                            0x20000096   Data           2  uart4.o(.data)
    UART4_RX_STA                             0x20000098   Data           2  uart4.o(.data)
    xMutex_vPrintString                      0x2000009c   Data           4  vprintstring.o(.data)
    __stdout                                 0x200000a0   Data           4  stdout.o(.data)
    u1_txbuffer                              0x2000456c   Data         128  usart.o(.bss)
    u1_rxbuffer                              0x200045ec   Data         128  usart.o(.bss)
    ADC1ConvertedValue                       0x2000466c   Data          20  adc.o(.bss)
    UART4_TX_BUF                             0x20004680   Data         128  uart4.o(.bss)
    UART4_RX_BUF                             0x20004700   Data         128  uart4.o(.bss)
    USART2_TX_BUF                            0x200047b0   Data        1024  usart2.o(.bss)
    USART2_RX_BUF                            0x20004bb0   Data        1024  usart2.o(.bss)
    __initial_sp                             0x200053e0   Data           0  startup_stm32f10x_hd_rtos.o(STACK)



==============================================================================

Memory Map of the image

  Image Entry point : 0x08000131

  Load Region LR_IROM1 (Base: 0x08000000, Size: 0x000050c0, Max: 0x00080000, ABSOLUTE)

    Execution Region ER_IROM1 (Base: 0x08000000, Size: 0x0000501c, Max: 0x00080000, ABSOLUTE)

    Base Addr    Size         Type   Attr      Idx    E Section Name        Object

    0x08000000   0x00000130   Data   RO          575    RESET               startup_stm32f10x_hd_rtos.o
    0x08000130   0x00000000   Code   RO          857  * .ARM.Collect$$$$00000000  mc_w.l(entry.o)
    0x08000130   0x00000004   Code   RO          913    .ARM.Collect$$$$00000001  mc_w.l(entry2.o)
    0x08000134   0x00000004   Code   RO          916    .ARM.Collect$$$$00000004  mc_w.l(entry5.o)
    0x08000138   0x00000000   Code   RO          918    .ARM.Collect$$$$00000008  mc_w.l(entry7b.o)
    0x08000138   0x00000000   Code   RO          920    .ARM.Collect$$$$0000000A  mc_w.l(entry8b.o)
    0x08000138   0x00000008   Code   RO          921    .ARM.Collect$$$$0000000B  mc_w.l(entry9a.o)
    0x08000140   0x00000000   Code   RO          923    .ARM.Collect$$$$0000000D  mc_w.l(entry10a.o)
    0x08000140   0x00000000   Code   RO          925    .ARM.Collect$$$$0000000F  mc_w.l(entry11a.o)
    0x08000140   0x00000004   Code   RO          914    .ARM.Collect$$$$00002712  mc_w.l(entry2.o)
    0x08000144   0x0000009e   Code   RO          125    .emb_text           port.o
    0x080001e2   0x00000094   Code   RO           76    .text               list.o
    0x08000276   0x000005b4   Code   RO           88    .text               queue.o
    0x0800082a   0x00000002   PAD
    0x0800082c   0x00000be0   Code   RO          106    .text               tasks.o
    0x0800140c   0x000000d4   Code   RO          126    .text               port.o
    0x080014e0   0x00000124   Code   RO          150    .text               heap_2.o
    0x08001604   0x000001e0   Code   RO          175    .text               system_stm32f10x.o
    0x080017e4   0x000000dc   Code   RO          272    .text               misc.o
    0x080018c0   0x0000018c   Code   RO          367    .text               stm32f10x_dac.o
    0x08001a4c   0x00000254   Code   RO          391    .text               stm32f10x_dma.o
    0x08001ca0   0x0000035c   Code   RO          439    .text               stm32f10x_gpio.o
    0x08001ffc   0x000003a4   Code   RO          487    .text               stm32f10x_rcc.o
    0x080023a0   0x00000e1a   Code   RO          537    .text               stm32f10x_tim.o
    0x080031ba   0x00000002   PAD
    0x080031bc   0x00000408   Code   RO          549    .text               stm32f10x_usart.o
    0x080035c4   0x00000024   Code   RO          576    .text               startup_stm32f10x_hd_rtos.o
    0x080035e8   0x0000001a   Code   RO          580    .text               stm32f10x_it.o
    0x08003602   0x00000002   PAD
    0x08003604   0x000001b0   Code   RO          595    .text               usart.o
    0x080037b4   0x000000b4   Code   RO          688    .text               dac.o
    0x08003868   0x000001cc   Code   RO          703    .text               sim900a.o
    0x08003a34   0x00000180   Code   RO          737    .text               main.o
    0x08003bb4   0x000000c8   Code   RO          792    .text               timer4.o
    0x08003c7c   0x000001e0   Code   RO          804    .text               uart4.o
    0x08003e5c   0x00000150   Code   RO          827    .text               usart2.o
    0x08003fac   0x00000024   Code   RO          863    .text               mc_w.l(memcpya.o)
    0x08003fd0   0x00000024   Code   RO          865    .text               mc_w.l(strstr.o)
    0x08003ff4   0x0000000e   Code   RO          867    .text               mc_w.l(strlen.o)
    0x08004002   0x00000064   Code   RO          899    .text               mf_w.l(fmul.o)
    0x08004066   0x0000007c   Code   RO          901    .text               mf_w.l(fdiv.o)
    0x080040e2   0x000000de   Code   RO          903    .text               mf_w.l(ddiv.o)
    0x080041c0   0x0000000a   Code   RO          905    .text               mf_w.l(ffltui.o)
    0x080041ca   0x00000028   Code   RO          907    .text               mf_w.l(ffixui.o)
    0x080041f2   0x00000026   Code   RO          909    .text               mf_w.l(f2d.o)
    0x08004218   0x00000038   Code   RO          911    .text               mf_w.l(d2f.o)
    0x08004250   0x0000002c   Code   RO          929    .text               mc_w.l(uidiv.o)
    0x0800427c   0x00000062   Code   RO          931    .text               mc_w.l(uldiv.o)
    0x080042de   0x00000000   Code   RO          933    .text               mc_w.l(iusefp.o)
    0x080042de   0x0000006e   Code   RO          934    .text               mf_w.l(fepilogue.o)
    0x0800434c   0x000000b6   Code   RO          936    .text               mf_w.l(depilogue.o)
    0x08004402   0x0000014e   Code   RO          938    .text               mf_w.l(dadd.o)
    0x08004550   0x000000e4   Code   RO          940    .text               mf_w.l(dmul.o)
    0x08004634   0x00000030   Code   RO          942    .text               mf_w.l(dfixul.o)
    0x08004664   0x00000028   Code   RO          944    .text               mf_w.l(cdrcmple.o)
    0x0800468c   0x00000024   Code   RO          946    .text               mc_w.l(init.o)
    0x080046b0   0x0000001e   Code   RO          949    .text               mc_w.l(llshl.o)
    0x080046ce   0x00000020   Code   RO          951    .text               mc_w.l(llushr.o)
    0x080046ee   0x00000024   Code   RO          953    .text               mc_w.l(llsshr.o)
    0x08004712   0x00000002   PAD
    0x08004714   0x00000024   Code   RO          878    i.__0vsprintf       mc_w.l(printfa.o)
    0x08004738   0x0000000e   Code   RO          958    i.__scatterload_copy  mc_w.l(handlers.o)
    0x08004746   0x00000002   Code   RO          959    i.__scatterload_null  mc_w.l(handlers.o)
    0x08004748   0x0000000e   Code   RO          960    i.__scatterload_zeroinit  mc_w.l(handlers.o)
    0x08004756   0x00000002   PAD
    0x08004758   0x00000164   Code   RO          879    i._fp_digits        mc_w.l(printfa.o)
    0x080048bc   0x000006dc   Code   RO          880    i._printf_core      mc_w.l(printfa.o)
    0x08004f98   0x00000024   Code   RO          881    i._printf_post_padding  mc_w.l(printfa.o)
    0x08004fbc   0x0000002e   Code   RO          882    i._printf_pre_padding  mc_w.l(printfa.o)
    0x08004fea   0x0000000a   Code   RO          884    i._sputc            mc_w.l(printfa.o)
    0x08004ff4   0x00000005   Data   RO          705    .conststring        sim900a.o
    0x08004ff9   0x00000003   PAD
    0x08004ffc   0x00000020   Data   RO          956    Region$$Table       anon$$obj.o


    Execution Region RW_IRAM1 (Base: 0x20000000, Size: 0x000053e0, Max: 0x00010000, ABSOLUTE)

    Base Addr    Size         Type   Attr      Idx    E Section Name        Object

    0x20000000   0x00000038   Data   RW          108    .data               tasks.o
    0x20000038   0x00000004   Data   RW          127    .data               port.o
    0x2000003c   0x00000018   Data   RW          152    .data               heap_2.o
    0x20000054   0x00000014   Data   RW          176    .data               system_stm32f10x.o
    0x20000068   0x00000014   Data   RW          488    .data               stm32f10x_rcc.o
    0x2000007c   0x00000006   Data   RW          597    .data               usart.o
    0x20000082   0x00000008   Data   RW          631    .data               gpio.o
    0x2000008a   0x00000002   PAD
    0x2000008c   0x0000000a   Data   RW          706    .data               sim900a.o
    0x20000096   0x00000004   Data   RW          806    .data               uart4.o
    0x2000009a   0x00000002   PAD
    0x2000009c   0x00000004   Data   RW          843    .data               vprintstring.o
    0x200000a0   0x00000004   Data   RW          862    .data               mc_w.l(stdout.o)
    0x200000a4   0x000000c8   Zero   RW          107    .bss                tasks.o
    0x2000016c   0x00004400   Zero   RW          151    .bss                heap_2.o
    0x2000456c   0x00000100   Zero   RW          596    .bss                usart.o
    0x2000466c   0x00000014   Zero   RW          671    .bss                adc.o
    0x20004680   0x0000012c   Zero   RW          805    .bss                uart4.o
    0x200047ac   0x00000004   PAD
    0x200047b0   0x0000082c   Zero   RW          828    .bss                usart2.o
    0x20004fdc   0x00000004   PAD
    0x20004fe0   0x00000400   Zero   RW          573    STACK               startup_stm32f10x_hd_rtos.o


==============================================================================

Image component sizes


      Code (inc. data)   RO Data    RW Data    ZI Data      Debug   Object Name

         0          0          0          0         20        473   adc.o
         0          0          0          0          0      10720   croutine.o
       180         14          0          0          0        721   dac.o
         0          0          0          0          0       1412   event_groups.o
         0          0          0          8          0        554   gpio.o
       292         20          0         24      17408       3080   heap_2.o
       148          0          0          0          0       1774   list.o
       384        160          0          0          0       2954   main.o
       220         22          0          0          0     206741   misc.o
       370         30          0          4          0       4323   port.o
      1460          0          0          0          0      11094   queue.o
       460        174          5         10          0       1715   sim900a.o
        36          8        304          0       1024        876   startup_stm32f10x_hd_rtos.o
       396          6          0          0          0       3686   stm32f10x_dac.o
       596          8          0          0          0       4366   stm32f10x_dma.o
       860         38          0          0          0       5677   stm32f10x_gpio.o
        26          0          0          0          0       1166   stm32f10x_it.o
       932         36          0         20          0       8836   stm32f10x_rcc.o
      3610         88          0          0          0      22164   stm32f10x_tim.o
      1032         22          0          0          0       8404   stm32f10x_usart.o
       480         38          0         20          0      60267   system_stm32f10x.o
      3040        202          0         56        200      14107   tasks.o
       200         18          0          0          0        668   timer4.o
       480         36          0          4        300       2255   uart4.o
       432         30          0          6        256       2540   usart.o
       336         20          0          0       2092       1834   usart2.o
         0          0          0          4          0        214   vprintstring.o

    ----------------------------------------------------------------------
     15976        970        344        160      21308     382621   Object Totals
         0          0         32          0          0          0   (incl. Generated)
         6          0          3          4          8          0   (incl. Padding)

    ----------------------------------------------------------------------

      Code (inc. data)   RO Data    RW Data    ZI Data      Debug   Library Member Name

         0          0          0          0          0          0   entry.o
         0          0          0          0          0          0   entry10a.o
         0          0          0          0          0          0   entry11a.o
         8          4          0          0          0          0   entry2.o
         4          0          0          0          0          0   entry5.o
         0          0          0          0          0          0   entry7b.o
         0          0          0          0          0          0   entry8b.o
         8          4          0          0          0          0   entry9a.o
        30          0          0          0          0          0   handlers.o
        36          8          0          0          0         68   init.o
         0          0          0          0          0          0   iusefp.o
        30          0          0          0          0         68   llshl.o
        36          0          0          0          0         68   llsshr.o
        32          0          0          0          0         68   llushr.o
        36          0          0          0          0         68   memcpya.o
      2240         86          0          0          0        508   printfa.o
         0          0          0          4          0          0   stdout.o
        14          0          0          0          0         68   strlen.o
        36          0          0          0          0         80   strstr.o
        44          0          0          0          0         80   uidiv.o
        98          0          0          0          0         92   uldiv.o
        40          2          0          0          0         68   cdrcmple.o
        56          0          0          0          0         88   d2f.o
       334          0          0          0          0        148   dadd.o
       222          0          0          0          0        100   ddiv.o
       182          0          0          0          0        176   depilogue.o
        48          0          0          0          0         68   dfixul.o
       228          0          0          0          0         96   dmul.o
        38          0          0          0          0         68   f2d.o
       124          0          0          0          0         88   fdiv.o
       110          0          0          0          0        168   fepilogue.o
        40          0          0          0          0         68   ffixui.o
        10          0          0          0          0         68   ffltui.o
       100          0          0          0          0         76   fmul.o

    ----------------------------------------------------------------------
      4188        104          0          4          0       2448   Library Totals
         4          0          0          0          0          0   (incl. Padding)

    ----------------------------------------------------------------------

      Code (inc. data)   RO Data    RW Data    ZI Data      Debug   Library Name

      2652        102          0          4          0       1168   mc_w.l
      1532          2          0          0          0       1280   mf_w.l

    ----------------------------------------------------------------------
      4188        104          0          4          0       2448   Library Totals

    ----------------------------------------------------------------------

==============================================================================


      Code (inc. data)   RO Data    RW Data    ZI Data      Debug   

     20164       1074        344        164      21308     381737   Grand Totals
     20164       1074        344        164      21308     381737   ELF Image Totals
     20164       1074        344        164          0          0   ROM Totals

==============================================================================

    Total RO  Size (Code + RO Data)                20508 (  20.03kB)
    Total RW  Size (RW Data + ZI Data)             21472 (  20.97kB)
    Total ROM Size (Code + RO Data + RW Data)      20672 (  20.19kB)

==============================================================================

