ARM Linker, 4.1 [Build 894] [Standard]

==============================================================================

Section Cross References

    croutine.o(.text) refers to list.o(.text) for vListInitialise
    croutine.o(.text) refers to heap_2.o(.text) for pvPortMalloc
    croutine.o(.text) refers to port.o(.emb_text) for ulPortSetInterruptMask
    croutine.o(.text) refers to tasks.o(.text) for xTaskGetTickCount
    croutine.o(.text) refers to croutine.o(.bss) for pxReadyCoRoutineLists
    croutine.o(.text) refers to croutine.o(.data) for pxDelayedCoRoutineList
    event_groups.o(.text) refers to heap_2.o(.text) for pvPortMalloc
    event_groups.o(.text) refers to list.o(.text) for vListInitialise
    event_groups.o(.text) refers to tasks.o(.text) for vTaskSuspendAll
    event_groups.o(.text) refers to port.o(.text) for vPortYield
    event_groups.o(.text) refers to port.o(.emb_text) for ulPortSetInterruptMask
    queue.o(.text) refers to port.o(.text) for vPortEnterCritical
    queue.o(.text) refers to tasks.o(.text) for xTaskRemoveFromEventList
    queue.o(.text) refers to list.o(.text) for vListInitialise
    queue.o(.text) refers to heap_2.o(.text) for pvPortMalloc
    queue.o(.text) refers to memcpya.o(.text) for __aeabi_memcpy
    queue.o(.text) refers to port.o(.emb_text) for ulPortSetInterruptMask
    tasks.o(.text) refers to list.o(.text) for vListInitialise
    tasks.o(.text) refers to heap_2.o(.text) for pvPortMalloc
    tasks.o(.text) refers to port.o(.text) for pxPortInitialiseStack
    tasks.o(.text) refers to tasks.o(.bss) for pxReadyTasksLists
    tasks.o(.text) refers to tasks.o(.data) for pxDelayedTaskList
    tasks.o(.text) refers to port.o(.emb_text) for ulPortSetInterruptMask
    port.o(.emb_text) refers to tasks.o(.text) for vTaskSwitchContext
    port.o(.emb_text) refers to tasks.o(.data) for pxCurrentTCB
    port.o(.text) refers to port.o(.emb_text) for ulPortSetInterruptMask
    port.o(.text) refers to tasks.o(.text) for xTaskIncrementTick
    port.o(.text) refers to port.o(.data) for uxCriticalNesting
    heap_2.o(.text) refers to tasks.o(.text) for vTaskSuspendAll
    heap_2.o(.text) refers to heap_2.o(.bss) for ucHeap
    heap_2.o(.text) refers to heap_2.o(.data) for xStart
    system_stm32f10x.o(.text) refers to system_stm32f10x.o(.data) for SystemCoreClock
    stm32f10x_adc.o(.text) refers to stm32f10x_rcc.o(.text) for RCC_APB2PeriphResetCmd
    stm32f10x_bkp.o(.text) refers to stm32f10x_rcc.o(.text) for RCC_BackupResetCmd
    stm32f10x_can.o(.text) refers to stm32f10x_rcc.o(.text) for RCC_APB1PeriphResetCmd
    stm32f10x_cec.o(.text) refers to stm32f10x_rcc.o(.text) for RCC_APB1PeriphResetCmd
    stm32f10x_dac.o(.text) refers to stm32f10x_rcc.o(.text) for RCC_APB1PeriphResetCmd
    stm32f10x_gpio.o(.text) refers to stm32f10x_rcc.o(.text) for RCC_APB2PeriphResetCmd
    stm32f10x_i2c.o(.text) refers to stm32f10x_rcc.o(.text) for RCC_APB1PeriphResetCmd
    stm32f10x_pwr.o(.text) refers to stm32f10x_rcc.o(.text) for RCC_APB1PeriphResetCmd
    stm32f10x_rcc.o(.text) refers to stm32f10x_rcc.o(.data) for APBAHBPrescTable
    stm32f10x_spi.o(.text) refers to stm32f10x_rcc.o(.text) for RCC_APB2PeriphResetCmd
    stm32f10x_tim.o(.text) refers to stm32f10x_rcc.o(.text) for RCC_APB2PeriphResetCmd
    stm32f10x_usart.o(.text) refers to stm32f10x_rcc.o(.text) for RCC_APB2PeriphResetCmd
    stm32f10x_wwdg.o(.text) refers to stm32f10x_rcc.o(.text) for RCC_APB1PeriphResetCmd
    startup_stm32f10x_hd_rtos.o(RESET) refers to startup_stm32f10x_hd_rtos.o(STACK) for __initial_sp
    startup_stm32f10x_hd_rtos.o(RESET) refers to startup_stm32f10x_hd_rtos.o(.text) for Reset_Handler
    startup_stm32f10x_hd_rtos.o(RESET) refers to stm32f10x_it.o(.text) for NMI_Handler
    startup_stm32f10x_hd_rtos.o(RESET) refers to port.o(.emb_text) for vPortSVCHandler
    startup_stm32f10x_hd_rtos.o(RESET) refers to port.o(.text) for xPortSysTickHandler
    startup_stm32f10x_hd_rtos.o(RESET) refers to timer4.o(.text) for TIM4_IRQHandler
    startup_stm32f10x_hd_rtos.o(RESET) refers to usart.o(.text) for USART1_IRQHandler
    startup_stm32f10x_hd_rtos.o(RESET) refers to uart4.o(.text) for UART4_IRQHandler
    startup_stm32f10x_hd_rtos.o(.text) refers to system_stm32f10x.o(.text) for SystemInit
    startup_stm32f10x_hd_rtos.o(.text) refers to entry.o(.ARM.Collect$$$$00000000) for __main
    main.o(.text) refers to stm32f10x_rcc.o(.text) for RCC_APB2PeriphClockCmd
    main.o(.text) refers to stm32f10x_gpio.o(.text) for GPIO_Init
    main.o(.text) refers to queue.o(.text) for xQueueGenericReceive
    main.o(.text) refers to vprintstring.o(.text) for vPrintString
    main.o(.text) refers to tasks.o(.text) for vTaskDelay
    main.o(.text) refers to dac.o(.text) for Dac1_Set_Vol
    main.o(.text) refers to usart2.o(.text) for u2_printf
    main.o(.text) refers to sim900a.o(.text) for sim900a_send_cmd
    main.o(.text) refers to printf5.o(i.__0printf$5) for __2printf
[...]
    d2f.o(.text) refers to fepilogue.o(.text) for _float_round
    entry2.o(.ARM.Collect$$$$00000001) refers to entry2.o(.ARM.Collect$$$$00002712) for __lit__00000000
    entry2.o(.ARM.Collect$$$$00002712) refers to startup_stm32f10x_hd_rtos.o(STACK) for __initial_sp
    entry2.o(__vectab_stack_and_reset_area) refers to startup_stm32f10x_hd_rtos.o(STACK) for __initial_sp
    entry2.o(__vectab_stack_and_reset_area) refers to entry.o(.ARM.Collect$$$$00000000) for __main
    entry5.o(.ARM.Collect$$$$00000004) refers to init.o(.text) for __scatterload
    entry8.o(.ARM.Collect$$$$00000009) refers to main.o(.text) for main
    uldiv.o(.text) refers to llushr.o(.text) for __aeabi_llsr
    uldiv.o(.text) refers to llshl.o(.text) for __aeabi_llsl
    depilogue.o(.text) refers to llshl.o(.text) for __aeabi_llsl
    depilogue.o(.text) refers to llushr.o(.text) for __aeabi_llsr
    dadd.o(.text) refers to llshl.o(.text) for __aeabi_llsl
    dadd.o(.text) refers to llsshr.o(.text) for __aeabi_lasr
    dadd.o(.text) refers to depilogue.o(.text) for _double_epilogue
    dmul.o(.text) refers to depilogue.o(.text) for _double_epilogue
    dfixul.o(.text) refers to llushr.o(.text) for __aeabi_llsr
    dfixul.o(.text) refers to llshl.o(.text) for __aeabi_llsl
    init.o(.text) refers to entry5.o(.ARM.Collect$$$$00000004) for __main_after_scatterload


==============================================================================

Removing Unused input sections from the image.

    Removing croutine.o(.text), (752 bytes).
    Removing croutine.o(.bss), (100 bytes).
    Removing croutine.o(.data), (28 bytes).
    Removing event_groups.o(.text), (662 bytes).
    Removing core_cm3.o(.emb_text), (32 bytes).
    Removing stm32f10x_bkp.o(.text), (172 bytes).
    Removing stm32f10x_can.o(.text), (2548 bytes).
    Removing stm32f10x_cec.o(.text), (288 bytes).
    Removing stm32f10x_crc.o(.text), (72 bytes).
    Removing stm32f10x_dbgmcu.o(.text), (48 bytes).
    Removing stm32f10x_exti.o(.text), (284 bytes).
    Removing stm32f10x_flash.o(.text), (1464 bytes).
    Removing stm32f10x_fsmc.o(.text), (1560 bytes).
    Removing stm32f10x_i2c.o(.text), (1008 bytes).
    Removing stm32f10x_iwdg.o(.text), (64 bytes).
    Removing stm32f10x_pwr.o(.text), (204 bytes).
    Removing stm32f10x_rtc.o(.text), (336 bytes).
    Removing stm32f10x_sdio.o(.text), (464 bytes).
    Removing stm32f10x_spi.o(.text), (784 bytes).
    Removing stm32f10x_wwdg.o(.text), (124 bytes).
    Removing startup_stm32f10x_hd_rtos.o(HEAP), (512 bytes).
    Removing sim900a.o(.bss), (16 bytes).

22 unused section(s) (total 11522 bytes) removed from the image.

==============================================================================

Image Symbol Table

    Local Symbols

    Symbol Name                              Value     Ov Type        Size  Object(Section)

    ../../microlib/d2f.c                     0x00000000   Number         0  d2f.o ABSOLUTE
    ../../microlib/division.c                0x00000000   Number         0  uidiv.o ABSOLUTE
    ../../microlib/division.c                0x00000000   Number         0  uldiv.o ABSOLUTE
    ../../microlib/f2d.c                     0x00000000   Number         0  f2d.o ABSOLUTE
    ../../microlib/fpadd.c                   0x00000000   Number         0  dadd.o ABSOLUTE
    ../../microlib/fpdiv.c                   0x00000000   Number         0  ddiv.o ABSOLUTE
    ../../microlib/fpdiv.c                   0x00000000   Number         0  fdiv.o ABSOLUTE
    ../../microlib/fpepilogue.c              0x00000000   Number         0  fepilogue.o ABSOLUTE
    ../../microlib/fpepilogue.c              0x00000000   Number         0  depilogue.o ABSOLUTE
    ../../microlib/fpfix.c                   0x00000000   Number         0  dfixul.o ABSOLUTE
    ../../microlib/fpfix.c                   0x00000000   Number         0  ffixui.o ABSOLUTE
    ../../microlib/fpflt.c                   0x00000000   Number         0  ffltui.o ABSOLUTE
    ../../microlib/fpmul.c                   0x00000000   Number         0  fmul.o ABSOLUTE
    ../../microlib/fpmul.c                   0x00000000   Number         0  dmul.o ABSOLUTE
    ../../microlib/init/entry.s              0x00000000   Number         0  entry7a.o ABSOLUTE
    ../../microlib/init/entry.s              0x00000000   Number         0  entry7b.o ABSOLUTE
    ../../microlib/init/entry.s              0x00000000   Number         0  entry.o ABSOLUTE
    ../../microlib/init/entry.s              0x00000000   Number         0  entry8.o ABSOLUTE
    ../../microlib/init/entry.s              0x00000000   Number         0  entry2.o ABSOLUTE
    ../../microlib/init/entry.s              0x00000000   Number         0  entry5.o ABSOLUTE
    ../../microlib/longlong.c                0x00000000   Number         0  llshl.o ABSOLUTE
    ../../microlib/longlong.c                0x00000000   Number         0  llushr.o ABSOLUTE
    ../../microlib/longlong.c                0x00000000   Number         0  llsshr.o ABSOLUTE
    ../../microlib/printf/printf.c           0x00000000   Number         0  printf8.o ABSOLUTE
    ../../microlib/printf/printf.c           0x00000000   Number         0  printf6.o ABSOLUTE
    ../../microlib/printf/printf.c           0x00000000   Number         0  printf5.o ABSOLUTE
    ../../microlib/printf/printf.c           0x00000000   Number         0  printf4.o ABSOLUTE
    ../../microlib/printf/printf.c           0x00000000   Number         0  printf3.o ABSOLUTE
    ../../microlib/printf/printf.c           0x00000000   Number         0  printf2.o ABSOLUTE
    ../../microlib/printf/printf.c           0x00000000   Number         0  printf1.o ABSOLUTE
    ../../microlib/printf/printf.c           0x00000000   Number         0  printf0.o ABSOLUTE
    ../../microlib/printf/printf.c           0x00000000   Number         0  printfb.o ABSOLUTE
    ../../microlib/printf/printf.c           0x00000000   Number         0  printf7.o ABSOLUTE
    ../../microlib/printf/printf.c           0x00000000   Number         0  printfa.o ABSOLUTE
    ../../microlib/printf/stubs.s            0x00000000   Number         0  stubs.o ABSOLUTE
    ../../microlib/stdio/iostubs.c           0x00000000   Number         0  iostubs.o ABSOLUTE
    ../../microlib/stdio/streams.c           0x00000000   Number         0  stdout.o ABSOLUTE
    ../../microlib/string/memcpy.c           0x00000000   Number         0  memcpyb.o ABSOLUTE
    ../../microlib/string/memcpy.c           0x00000000   Number         0  memcpya.o ABSOLUTE
    ../../microlib/string/strlen.c           0x00000000   Number         0  strlen.o ABSOLUTE
    ../../microlib/string/strstr.c           0x00000000   Number         0  strstr.o ABSOLUTE
    ../../microlib/stubs.s                   0x00000000   Number         0  iusefp.o ABSOLUTE
    FreeRTOS\Source\croutine.c               0x00000000   Number         0  croutine.o ABSOLUTE
    FreeRTOS\Source\event_groups.c           0x00000000   Number         0  event_groups.o ABSOLUTE
    FreeRTOS\Source\list.c                   0x00000000   Number         0  list.o ABSOLUTE
    FreeRTOS\Source\portable\MemMang\heap_2.c 0x00000000   Number         0  heap_2.o ABSOLUTE
    FreeRTOS\Source\portable\RVDS\ARM_CM3\port.c 0x00000000   Number         0  port.o ABSOLUTE
    FreeRTOS\Source\queue.c                  0x00000000   Number         0  queue.o ABSOLUTE
    FreeRTOS\Source\tasks.c                  0x00000000   Number         0  tasks.o ABSOLUTE
    FreeRTOS\Source\timers.c                 0x00000000   Number         0  timers.o ABSOLUTE
    FreeRTOS\\Source\\portable\\RVDS\\ARM_CM3\\port.c 0x00000000   Number         0  port.o ABSOLUTE
    Libraries\CMSIS\CM3\CoreSupport\core_cm3.c 0x00000000   Number         0  core_cm3.o ABSOLUTE
    Libraries\CMSIS\CM3\DeviceSupport\ST\STM32F10x\startup\arm\startup_stm32f10x_hd_rtos.s 0x00000000   Number         0  startup_stm32f10x_hd_rtos.o ABSOLUTE
    Libraries\CMSIS\CM3\DeviceSupport\ST\STM32F10x\system_stm32f10x.c 0x00000000   Number         0  system_stm32f10x.o ABSOLUTE
    Libraries\STM32F10x_StdPeriph_Driver\src\misc.c 0x00000000   Number         0  misc.o ABSOLUTE
    Libraries\STM32F10x_StdPeriph_Driver\src\stm32f10x_adc.c 0x00000000   Number         0  stm32f10x_adc.o ABSOLUTE
    Libraries\STM32F10x_StdPeriph_Driver\src\stm32f10x_bkp.c 0x00000000   Number         0  stm32f10x_bkp.o ABSOLUTE
    Libraries\STM32F10x_StdPeriph_Driver\src\stm32f10x_can.c 0x00000000   Number         0  stm32f10x_can.o ABSOLUTE
    Libraries\STM32F10x_StdPeriph_Driver\src\stm32f10x_cec.c 0x00000000   Number         0  stm32f10x_cec.o ABSOLUTE
    Libraries\STM32F10x_StdPeriph_Driver\src\stm32f10x_crc.c 0x00000000   Number         0  stm32f10x_crc.o ABSOLUTE
    Libraries\STM32F10x_StdPeriph_Driver\src\stm32f10x_dac.c 0x00000000   Number         0  stm32f10x_dac.o ABSOLUTE
    Libraries\STM32F10x_StdPeriph_Driver\src\stm32f10x_dbgmcu.c 0x00000000   Number         0  stm32f10x_dbgmcu.o ABSOLUTE
    Libraries\STM32F10x_StdPeriph_Driver\src\stm32f10x_dma.c 0x00000000   Number         0  stm32f10x_dma.o ABSOLUTE
    Libraries\STM32F10x_StdPeriph_Driver\src\stm32f10x_exti.c 0x00000000   Number         0  stm32f10x_exti.o ABSOLUTE
    Libraries\STM32F10x_StdPeriph_Driver\src\stm32f10x_flash.c 0x00000000   Number         0  stm32f10x_flash.o ABSOLUTE
    Libraries\STM32F10x_StdPeriph_Driver\src\stm32f10x_fsmc.c 0x00000000   Number         0  stm32f10x_fsmc.o ABSOLUTE
    Libraries\STM32F10x_StdPeriph_Driver\src\stm32f10x_gpio.c 0x00000000   Number         0  stm32f10x_gpio.o ABSOLUTE
    Libraries\STM32F10x_StdPeriph_Driver\src\stm32f10x_i2c.c 0x00000000   Number         0  stm32f10x_i2c.o ABSOLUTE
    Libraries\STM32F10x_StdPeriph_Driver\src\stm32f10x_iwdg.c 0x00000000   Number         0  stm32f10x_iwdg.o ABSOLUTE
    Libraries\STM32F10x_StdPeriph_Driver\src\stm32f10x_pwr.c 0x00000000   Number         0  stm32f10x_pwr.o ABSOLUTE
    Libraries\STM32F10x_StdPeriph_Driver\src\stm32f10x_rcc.c 0x00000000   Number         0  stm32f10x_rcc.o ABSOLUTE
    Libraries\STM32F10x_StdPeriph_Driver\src\stm32f10x_rtc.c 0x00000000   Number         0  stm32f10x_rtc.o ABSOLUTE
    Libraries\STM32F10x_StdPeriph_Driver\src\stm32f10x_sdio.c 0x00000000   Number         0  stm32f10x_sdio.o ABSOLUTE
    Libraries\STM32F10x_StdPeriph_Driver\src\stm32f10x_spi.c 0x00000000   Number         0  stm32f10x_spi.o ABSOLUTE
    Libraries\STM32F10x_StdPeriph_Driver\src\stm32f10x_tim.c 0x00000000   Number         0  stm32f10x_tim.o ABSOLUTE
    Libraries\STM32F10x_StdPeriph_Driver\src\stm32f10x_usart.c 0x00000000   Number         0  stm32f10x_usart.o ABSOLUTE
    Libraries\STM32F10x_StdPeriph_Driver\src\stm32f10x_wwdg.c 0x00000000   Number         0  stm32f10x_wwdg.o ABSOLUTE
    Libraries\\CMSIS\\CM3\\CoreSupport\\core_cm3.c 0x00000000   Number         0  core_cm3.o ABSOLUTE
    cdrcmple.s                               0x00000000   Number         0  cdrcmple.o ABSOLUTE
    dc.s                                     0x00000000   Number         0  dc.o ABSOLUTE
    handlers.s                               0x00000000   Number         0  handlers.o ABSOLUTE
    init.s                                   0x00000000   Number         0  init.o ABSOLUTE
    usr\GPIO.c                               0x00000000   Number         0  gpio.o ABSOLUTE
    usr\adc.c                                0x00000000   Number         0  adc.o ABSOLUTE
    usr\dac.c                                0x00000000   Number         0  dac.o ABSOLUTE
    usr\main.c                               0x00000000   Number         0  main.o ABSOLUTE
    usr\pwm.c                                0x00000000   Number         0  pwm.o ABSOLUTE
    usr\sim900a.c                            0x00000000   Number         0  sim900a.o ABSOLUTE
    usr\stm32f10x_it.c                       0x00000000   Number         0  stm32f10x_it.o ABSOLUTE
    usr\timer4.c                             0x00000000   Number         0  timer4.o ABSOLUTE
    usr\uart4.c                              0x00000000   Number         0  uart4.o ABSOLUTE
    usr\usart.c                              0x00000000   Number         0  usart.o ABSOLUTE
    usr\usart2.c                             0x00000000   Number         0  usart2.o ABSOLUTE
    usr\vPrintString.c                       0x00000000   Number         0  vprintstring.o ABSOLUTE
    RESET                                    0x08000000   Section      304  startup_stm32f10x_hd_rtos.o(RESET)
    .ARM.Collect$$$$00000000                 0x08000130   Section        0  entry.o(.ARM.Collect$$$$00000000)
    .ARM.Collect$$$$00000001                 0x08000130   Section        4  entry2.o(.ARM.Collect$$$$00000001)
    .ARM.Collect$$$$00000004                 0x08000134   Section        4  entry5.o(.ARM.Collect$$$$00000004)
    .ARM.Collect$$$$00000008                 0x08000138   Section        0  entry7b.o(.ARM.Collect$$$$00000008)
    .ARM.Collect$$$$00000009                 0x08000138   Section        8  entry8.o(.ARM.Collect$$$$00000009)
    .ARM.Collect$$$$00002712                 0x08000140   Section        4  entry2.o(.ARM.Collect$$$$00002712)
    __lit__00000000                          0x08000140   Data           4  entry2.o(.ARM.Collect$$$$00002712)
    .emb_text                                0x08000144   Section      158  port.o(.emb_text)
    .text                                    0x080001e2   Section        0  list.o(.text)
    .text                                    0x08000276   Section        0  queue.o(.text)
    prvUnlockQueue                           0x0800032d   Thumb Code   126  queue.o(.text)
    prvIsQueueFull                           0x080003ab   Thumb Code    30  queue.o(.text)
    prvCopyDataToQueue                       0x080003c9   Thumb Code   118  queue.o(.text)
    prvIsQueueEmpty                          0x080005cd   Thumb Code    26  queue.o(.text)
    prvCopyDataFromQueue                     0x080005e7   Thumb Code    42  queue.o(.text)
    .text                                    0x08000824   Section        0  tasks.o(.text)
    prvInitialiseTaskLists                   0x08000825   Thumb Code    70  tasks.o(.text)
    prvInitialiseTCBVariables                0x0800086b   Thumb Code    86  tasks.o(.text)
    prvAllocateTCBAndStack                   0x080008c1   Thumb Code    46  tasks.o(.text)
    prvResetNextTaskUnblockTime              0x080009cf   Thumb Code    42  tasks.o(.text)
    prvAddCurrentTaskToDelayedList           0x08000c59   Thumb Code    62  tasks.o(.text)
    prvTaskIsTaskSuspended                   0x08000ef7   Thumb Code    56  tasks.o(.text)
    prvDeleteTCB                             0x08000ff9   Thumb Code    18  tasks.o(.text)
    prvCheckTasksWaitingTermination          0x0800100b   Thumb Code   148  tasks.o(.text)
    prvIdleTask                              0x0800109f   Thumb Code    20  tasks.o(.text)
    .text                                    0x08001404   Section        0  port.o(.text)
    prvTaskExitError                         0x08001405   Thumb Code     8  port.o(.text)
    .text                                    0x080014d8   Section        0  heap_2.o(.text)
    prvHeapInit                              0x080014d9   Thumb Code    42  heap_2.o(.text)
    .text                                    0x080015fc   Section        0  system_stm32f10x.o(.text)
    SetSysClockTo72                          0x080015fd   Thumb Code   192  system_stm32f10x.o(.text)
    SetSysClock                              0x080016bd   Thumb Code     8  system_stm32f10x.o(.text)
    .text                                    0x080017c4   Section        0  misc.o(.text)
    .text                                    0x080018a0   Section        0  stm32f10x_adc.o(.text)
    .text                                    0x08001cdc   Section        0  stm32f10x_dac.o(.text)
    .text                                    0x08001e44   Section        0  stm32f10x_dma.o(.text)
    .text                                    0x08002094   Section        0  stm32f10x_gpio.o(.text)
    .text                                    0x080023ec   Section        0  stm32f10x_rcc.o(.text)
    .text                                    0x0800278c   Section        0  stm32f10x_tim.o(.text)
    TI4_Config                               0x08002c17   Thumb Code   118  stm32f10x_tim.o(.text)
    TI3_Config                               0x08002c9f   Thumb Code   114  stm32f10x_tim.o(.text)
    TI2_Config                               0x08002d27   Thumb Code   118  stm32f10x_tim.o(.text)
    TI1_Config                               0x08002daf   Thumb Code   106  stm32f10x_tim.o(.text)
    .text                                    0x0800353c   Section        0  stm32f10x_usart.o(.text)
    .text                                    0x08003948   Section       36  startup_stm32f10x_hd_rtos.o(.text)
    .text                                    0x0800396c   Section        0  main.o(.text)
    .text                                    0x08003cbc   Section        0  stm32f10x_it.o(.text)
    .text                                    0x08003cd8   Section        0  usart.o(.text)
    .text                                    0x08003e38   Section        0  vprintstring.o(.text)
    .text                                    0x08003e84   Section        0  gpio.o(.text)
    .text                                    0x08003f30   Section        0  pwm.o(.text)
    .text                                    0x08004098   Section        0  adc.o(.text)
    .text                                    0x08004244   Section        0  dac.o(.text)
    .text                                    0x080042f8   Section        0  usart2.o(.text)
    RCC_Configuration                        0x080042f9   Thumb Code    28  usart2.o(.text)
    GPIO_Configuration                       0x08004315   Thumb Code    50  usart2.o(.text)
    DMA_Configuration                        0x08004347   Thumb Code    58  usart2.o(.text)
    USART2_DMA_TX_ENABLE                     0x080043cd   Thumb Code    34  usart2.o(.text)
    .text                                    0x08004448   Section        0  uart4.o(.text)
    RCC_Configuration                        0x08004449   Thumb Code    28  uart4.o(.text)
    GPIO_Configuration                       0x08004465   Thumb Code    54  uart4.o(.text)
    DMA_Configuration                        0x0800449b   Thumb Code    58  uart4.o(.text)
    NVIC_Config_UART4                        0x080044d5   Thumb Code    42  uart4.o(.text)
    UART4_DMA_TX_ENABLE                      0x0800455d   Thumb Code    34  uart4.o(.text)
    .text                                    0x08004628   Section        0  timer4.o(.text)
    .text                                    0x080046f0   Section        0  sim900a.o(.text)
    .text                                    0x080048bc   Section        0  memcpya.o(.text)
    .text                                    0x080048e0   Section        0  strstr.o(.text)
    .text                                    0x0800490c   Section        0  strlen.o(.text)
    .text                                    0x0800491c   Section        0  fmul.o(.text)
    .text                                    0x08004988   Section        0  fdiv.o(.text)
    .text                                    0x08004a08   Section        0  ddiv.o(.text)
    .text                                    0x08004ae6   Section        0  ffltui.o(.text)
    .text                                    0x08004af0   Section        0  ffixui.o(.text)
    .text                                    0x08004b18   Section        0  f2d.o(.text)
    .text                                    0x08004b44   Section        0  d2f.o(.text)
    .text                                    0x08004b7c   Section        0  uidiv.o(.text)
    .text                                    0x08004ba8   Section        0  uldiv.o(.text)
    .text                                    0x08004c0a   Section        0  iusefp.o(.text)
    .text                                    0x08004c0a   Section        0  fepilogue.o(.text)
    .text                                    0x08004c76   Section        0  depilogue.o(.text)
    .text                                    0x08004d34   Section        0  dadd.o(.text)
    .text                                    0x08004e80   Section        0  dmul.o(.text)
    .text                                    0x08004f60   Section        0  dfixul.o(.text)
    .text                                    0x08004f90   Section       40  cdrcmple.o(.text)
    .text                                    0x08004fb8   Section       36  init.o(.text)
    .text                                    0x08004fdc   Section        0  llshl.o(.text)
    .text                                    0x08004ffa   Section        0  llushr.o(.text)
    .text                                    0x0800501a   Section        0  llsshr.o(.text)
    i.__0printf$5                            0x08005040   Section        0  printf5.o(i.__0printf$5)
    i.__0vsprintf                            0x08005060   Section        0  printfa.o(i.__0vsprintf)
    i.__scatterload_copy                     0x08005080   Section       14  handlers.o(i.__scatterload_copy)
    i.__scatterload_null                     0x0800508e   Section        2  handlers.o(i.__scatterload_null)
    i.__scatterload_zeroinit                 0x08005090   Section       14  handlers.o(i.__scatterload_zeroinit)
    i._fp_digits                             0x080050a0   Section        0  printfa.o(i._fp_digits)
    _fp_digits                               0x080050a1   Thumb Code   324  printfa.o(i._fp_digits)
    i._printf_core                           0x080051f8   Section        0  printf5.o(i._printf_core)
    _printf_core                             0x080051f9   Thumb Code   676  printf5.o(i._printf_core)
    i._printf_core                           0x080054c8   Section        0  printfa.o(i._printf_core)
    _printf_core                             0x080054c9   Thumb Code  1782  printfa.o(i._printf_core)
    i._printf_post_padding                   0x08005bcc   Section        0  printfa.o(i._printf_post_padding)
    _printf_post_padding                     0x08005bcd   Thumb Code    38  printfa.o(i._printf_post_padding)
    i._printf_pre_padding                    0x08005bf2   Section        0  printfa.o(i._printf_pre_padding)
    _printf_pre_padding                      0x08005bf3   Thumb Code    48  printfa.o(i._printf_pre_padding)
    i._sputc                                 0x08005c22   Section        0  printfa.o(i._sputc)
    _sputc                                   0x08005c23   Thumb Code    10  printfa.o(i._sputc)
    .conststring                             0x08005c2c   Section        5  sim900a.o(.conststring)
    .data                                    0x20000000   Section       56  tasks.o(.data)
    uxTasksDeleted                           0x20000004   Data           4  tasks.o(.data)
    uxCurrentNumberOfTasks                   0x20000008   Data           4  tasks.o(.data)
    xTickCount                               0x2000000c   Data           4  tasks.o(.data)
    uxTopReadyPriority                       0x20000010   Data           4  tasks.o(.data)
    xSchedulerRunning                        0x20000014   Data           4  tasks.o(.data)
    uxPendedTicks                            0x20000018   Data           4  tasks.o(.data)
    xYieldPending                            0x2000001c   Data           4  tasks.o(.data)
    xNumOfOverflows                          0x20000020   Data           4  tasks.o(.data)
    uxTaskNumber                             0x20000024   Data           4  tasks.o(.data)
    xNextTaskUnblockTime                     0x20000028   Data           4  tasks.o(.data)
    uxSchedulerSuspended                     0x2000002c   Data           4  tasks.o(.data)
    pxDelayedTaskList                        0x20000030   Data           4  tasks.o(.data)
    pxOverflowDelayedTaskList                0x20000034   Data           4  tasks.o(.data)
    .data                                    0x20000038   Section        4  port.o(.data)
    uxCriticalNesting                        0x20000038   Data           4  port.o(.data)
    .data                                    0x2000003c   Section       24  heap_2.o(.data)
    xFreeBytesRemaining                      0x2000003c   Data           4  heap_2.o(.data)
    xHeapHasBeenInitialised                  0x20000040   Data           4  heap_2.o(.data)
    xStart                                   0x20000044   Data           8  heap_2.o(.data)
    xEnd                                     0x2000004c   Data           8  heap_2.o(.data)
    .data                                    0x20000054   Section       20  system_stm32f10x.o(.data)
    .data                                    0x20000068   Section       20  stm32f10x_rcc.o(.data)
    APBAHBPrescTable                         0x20000068   Data          16  stm32f10x_rcc.o(.data)
    ADCPrescTable                            0x20000078   Data           4  stm32f10x_rcc.o(.data)
    .data                                    0x2000007c   Section        4  main.o(.data)
    .data                                    0x20000080   Section        2  usart.o(.data)
    .data                                    0x20000084   Section        4  vprintstring.o(.data)
    .data                                    0x20000088   Section        8  gpio.o(.data)
    .data                                    0x20000090   Section       10  pwm.o(.data)
    .data                                    0x2000009a   Section        4  uart4.o(.data)
    .data                                    0x200000a0   Section       10  sim900a.o(.data)
    .data                                    0x200000ac   Section        4  stdout.o(.data)
    .bss                                     0x200000b0   Section      200  tasks.o(.bss)
    pxReadyTasksLists                        0x200000b0   Data         100  tasks.o(.bss)
    xDelayedTaskList1                        0x20000114   Data          20  tasks.o(.bss)
    xDelayedTaskList2                        0x20000128   Data          20  tasks.o(.bss)
    xPendingReadyList                        0x2000013c   Data          20  tasks.o(.bss)
    xTasksWaitingTermination                 0x20000150   Data          20  tasks.o(.bss)
    xSuspendedTaskList                       0x20000164   Data          20  tasks.o(.bss)
    .bss                                     0x20000178   Section    17408  heap_2.o(.bss)
    ucHeap                                   0x20000178   Data       17408  heap_2.o(.bss)
    .bss                                     0x20004578   Section      200  usart.o(.bss)
    .bss                                     0x20004640   Section       20  adc.o(.bss)
    .bss                                     0x20004658   Section     2092  usart2.o(.bss)
    DMA_InitStructure                        0x20004e58   Data          44  usart2.o(.bss)
    .bss                                     0x20004e88   Section      300  uart4.o(.bss)
    DMA_InitStructure                        0x20004f88   Data          44  uart4.o(.bss)
    STACK                                    0x20004fb8   Section     1024  startup_stm32f10x_hd_rtos.o(STACK)

    Global Symbols

    Symbol Name                              Value     Ov Type        Size  Object(Section)

    BuildAttributes$$THM_ISAv4$P$D$K$B$S$PE$A:L22UL41UL21$X:L11$S22US41US21$IEEE1$IW$USESV6$~STKCKD$USESV7$~SHL$OTIME$ROPI$EBA8$MICROLIB$REQ8$PRES8$EABIv2 0x00000000   Number         0  anon$$obj.o ABSOLUTE
    __ARM_use_no_argv                        0x00000000   Number         0  main.o ABSOLUTE
    _printf_a                                0x00000000   Number         0  stubs.o ABSOLUTE
    _printf_c                                0x00000000   Number         0  stubs.o ABSOLUTE
    _printf_charcount                        0x00000000   Number         0  stubs.o ABSOLUTE
    _printf_d                                0x00000000   Number         0  stubs.o ABSOLUTE
    _printf_e                                0x00000000   Number         0  stubs.o ABSOLUTE
    _printf_f                                0x00000000   Number         0  stubs.o ABSOLUTE
    _printf_flags                            0x00000000   Number         0  stubs.o ABSOLUTE
    _printf_fp_dec                           0x00000000   Number         0  stubs.o ABSOLUTE
    _printf_fp_hex                           0x00000000   Number         0  stubs.o ABSOLUTE
    _printf_g                                0x00000000   Number         0  stubs.o ABSOLUTE
    _printf_i                                0x00000000   Number         0  stubs.o ABSOLUTE
    _printf_int_dec                          0x00000000   Number         0  stubs.o ABSOLUTE
    _printf_l                                0x00000000   Number         0  stubs.o ABSOLUTE
    _printf_lc                               0x00000000   Number         0  stubs.o ABSOLUTE
    _printf_ll                               0x00000000   Number         0  stubs.o ABSOLUTE
    _printf_lld                              0x00000000   Number         0  stubs.o ABSOLUTE
    _printf_lli                              0x00000000   Number         0  stubs.o ABSOLUTE
    _printf_llo                              0x00000000   Number         0  stubs.o ABSOLUTE
    _printf_llu                              0x00000000   Number         0  stubs.o ABSOLUTE
    _printf_llx                              0x00000000   Number         0  stubs.o ABSOLUTE
    _printf_longlong_dec                     0x00000000   Number         0  stubs.o ABSOLUTE
    _printf_longlong_hex                     0x00000000   Number         0  stubs.o ABSOLUTE
    _printf_longlong_oct                     0x00000000   Number         0  stubs.o ABSOLUTE
    _printf_ls                               0x00000000   Number         0  stubs.o ABSOLUTE
    _printf_mbtowc                           0x00000000   Number         0  stubs.o ABSOLUTE
    _printf_n                                0x00000000   Number         0  stubs.o ABSOLUTE
    _printf_o                                0x00000000   Number         0  stubs.o ABSOLUTE
    _printf_p                                0x00000000   Number         0  stubs.o ABSOLUTE
    _printf_percent                          0x00000000   Number         0  stubs.o ABSOLUTE
    _printf_pre_padding                      0x00000000   Number         0  stubs.o ABSOLUTE
    _printf_return_value                     0x00000000   Number         0  stubs.o ABSOLUTE
    _printf_s                                0x00000000   Number         0  stubs.o ABSOLUTE
    _printf_sizespec                         0x00000000   Number         0  stubs.o ABSOLUTE
    _printf_str                              0x00000000   Number         0  stubs.o ABSOLUTE
    _printf_truncate_signed                  0x00000000   Number         0  stubs.o ABSOLUTE
    _printf_truncate_unsigned                0x00000000   Number         0  stubs.o ABSOLUTE
    _printf_u                                0x00000000   Number         0  stubs.o ABSOLUTE
    _printf_wc                               0x00000000   Number         0  stubs.o ABSOLUTE
    _printf_wctomb                           0x00000000   Number         0  stubs.o ABSOLUTE
    _printf_widthprec                        0x00000000   Number         0  stubs.o ABSOLUTE
    _printf_x                                0x00000000   Number         0  stubs.o ABSOLUTE
    __decompress                              - Undefined Weak Reference
    _clock_init                               - Undefined Weak Reference
    __Vectors_Size                           0x00000130   Number         0  startup_stm32f10x_hd_rtos.o ABSOLUTE
    __Vectors                                0x08000000   Data           4  startup_stm32f10x_hd_rtos.o(RESET)
    __Vectors_End                            0x08000130   Data           0  startup_stm32f10x_hd_rtos.o(RESET)
    __main                                   0x08000131   Thumb Code     0  entry.o(.ARM.Collect$$$$00000000)
    _main_stk                                0x08000131   Thumb Code     0  entry2.o(.ARM.Collect$$$$00000001)
    _main_scatterload                        0x08000135   Thumb Code     0  entry5.o(.ARM.Collect$$$$00000004)
    __main_after_scatterload                 0x08000139   Thumb Code     0  entry5.o(.ARM.Collect$$$$00000004)
    _main_clock                              0x08000139   Thumb Code     0  entry7b.o(.ARM.Collect$$$$00000008)
    _main_init                               0x08000139   Thumb Code     0  entry8.o(.ARM.Collect$$$$00000009)
    vPortSVCHandler                          0x08000145   Thumb Code    32  port.o(.emb_text)
    __asm___6_port_c_39a90d8d__prvStartFirstTask 0x08000169   Thumb Code    24  port.o(.emb_text)
    xPortPendSVHandler                       0x08000185   Thumb Code    64  port.o(.emb_text)
    ulPortSetInterruptMask                   0x080001c9   Thumb Code    14  port.o(.emb_text)
    vPortClearInterruptMask                  0x080001d7   Thumb Code     6  port.o(.emb_text)
    vPortGetIPSR                             0x080001dd   Thumb Code     6  port.o(.emb_text)
    vListInitialise                          0x080001e3   Thumb Code    26  list.o(.text)
    vListInitialiseItem                      0x080001fd   Thumb Code     6  list.o(.text)
    vListInsertEnd                           0x08000203   Thumb Code    24  list.o(.text)
    vListInsert                              0x0800021b   Thumb Code    52  list.o(.text)
    uxListRemove                             0x0800024f   Thumb Code    40  list.o(.text)
    xQueueGenericReset                       0x08000277   Thumb Code   110  queue.o(.text)
    xQueueGenericCreate                      0x080002e5   Thumb Code    72  queue.o(.text)
    xQueueGenericSend                        0x0800043f   Thumb Code   220  queue.o(.text)
    xQueueCreateMutex                        0x0800051b   Thumb Code    72  queue.o(.text)
    xQueueGenericSendFromISR                 0x08000563   Thumb Code   106  queue.o(.text)
    xQueueGenericReceive                     0x08000611   Thumb Code   280  queue.o(.text)
    xQueueReceiveFromISR                     0x08000729   Thumb Code    96  queue.o(.text)
    xQueuePeekFromISR                        0x08000789   Thumb Code    50  queue.o(.text)
    uxQueueMessagesWaiting                   0x080007bb   Thumb Code    18  queue.o(.text)
    uxQueueSpacesAvailable                   0x080007cd   Thumb Code    24  queue.o(.text)
    uxQueueMessagesWaitingFromISR            0x080007e5   Thumb Code     6  queue.o(.text)
    vQueueDelete                             0x080007eb   Thumb Code    24  queue.o(.text)
    xQueueIsQueueEmptyFromISR                0x08000803   Thumb Code    14  queue.o(.text)
    xQueueIsQueueFullFromISR                 0x08000811   Thumb Code    18  queue.o(.text)
    xTaskGenericCreate                       0x080008ef   Thumb Code   224  tasks.o(.text)
    vTaskDelete                              0x080009f9   Thumb Code   104  tasks.o(.text)
    xTaskIncrementTick                       0x08000a61   Thumb Code   240  tasks.o(.text)
    xTaskResumeAll                           0x08000b51   Thumb Code   264  tasks.o(.text)
    vTaskSuspendAll                          0x08000c97   Thumb Code    12  tasks.o(.text)
    vTaskDelayUntil                          0x08000ca3   Thumb Code   102  tasks.o(.text)
    vTaskDelay                               0x08000d09   Thumb Code    48  tasks.o(.text)
    uxTaskPriorityGet                        0x08000d39   Thumb Code    30  tasks.o(.text)
    vTaskPrioritySet                         0x08000d57   Thumb Code   194  tasks.o(.text)
    vTaskSwitchContext                       0x08000e19   Thumb Code   106  tasks.o(.text)
    vTaskSuspend                             0x08000e83   Thumb Code   116  tasks.o(.text)
    vTaskResume                              0x08000f2f   Thumb Code    92  tasks.o(.text)
    xTaskResumeFromISR                       0x08000f8b   Thumb Code   110  tasks.o(.text)
    vTaskStartScheduler                      0x080010b3   Thumb Code    52  tasks.o(.text)
    vTaskEndScheduler                        0x080010e7   Thumb Code    18  tasks.o(.text)
    xTaskGetTickCount                        0x080010f9   Thumb Code    18  tasks.o(.text)
    xTaskGetTickCountFromISR                 0x0800110b   Thumb Code    22  tasks.o(.text)
    uxTaskGetNumberOfTasks                   0x08001121   Thumb Code     6  tasks.o(.text)
    vTaskPlaceOnEventList                    0x08001127   Thumb Code    60  tasks.o(.text)
    vTaskPlaceOnUnorderedEventList           0x08001163   Thumb Code    76  tasks.o(.text)
    xTaskRemoveFromEventList                 0x080011af   Thumb Code   102  tasks.o(.text)
    xTaskRemoveFromUnorderedEventList        0x08001215   Thumb Code    92  tasks.o(.text)
    vTaskSetTimeOutState                     0x08001271   Thumb Code    14  tasks.o(.text)
    xTaskCheckForTimeOut                     0x0800127f   Thumb Code    84  tasks.o(.text)
    vTaskMissedYield                         0x080012d3   Thumb Code     8  tasks.o(.text)
    xTaskGetCurrentTaskHandle                0x080012db   Thumb Code     6  tasks.o(.text)
    vTaskPriorityInherit                     0x080012e1   Thumb Code   128  tasks.o(.text)
    vTaskPriorityDisinherit                  0x08001361   Thumb Code    78  tasks.o(.text)
    uxTaskResetEventItemValue                0x080013af   Thumb Code    24  tasks.o(.text)
    pxPortInitialiseStack                    0x0800140d   Thumb Code    26  port.o(.text)
    vPortSetupTimerInterrupt                 0x08001427   Thumb Code    14  port.o(.text)
    xPortStartScheduler                      0x08001435   Thumb Code    42  port.o(.text)
    vPortEndScheduler                        0x0800145f   Thumb Code     2  port.o(.text)
    vPortYield                               0x08001461   Thumb Code    20  port.o(.text)
    vPortEnterCritical                       0x08001475   Thumb Code    26  port.o(.text)
    vPortExitCritical                        0x0800148f   Thumb Code    26  port.o(.text)
    xPortSysTickHandler                      0x080014a9   Thumb Code    30  port.o(.text)
    pvPortMalloc                             0x08001503   Thumb Code   166  heap_2.o(.text)
    vPortFree                                0x080015a9   Thumb Code    56  heap_2.o(.text)
    xPortGetFreeHeapSize                     0x080015e1   Thumb Code     6  heap_2.o(.text)
    vPortInitialiseBlocks                    0x080015e7   Thumb Code     2  heap_2.o(.text)
    SystemInit                               0x080016c5   Thumb Code    78  system_stm32f10x.o(.text)
    SystemCoreClockUpdate                    0x08001713   Thumb Code   142  system_stm32f10x.o(.text)
    NVIC_PriorityGroupConfig                 0x080017c5   Thumb Code    10  misc.o(.text)
    NVIC_Init                                0x080017cf   Thumb Code   102  misc.o(.text)
    NVIC_SetVectorTable                      0x08001835   Thumb Code    14  misc.o(.text)
    NVIC_SystemLPConfig                      0x08001843   Thumb Code    34  misc.o(.text)
    SysTick_CLKSourceConfig                  0x08001865   Thumb Code    40  misc.o(.text)
    ADC_DeInit                               0x080018a1   Thumb Code    78  stm32f10x_adc.o(.text)
    ADC_Init                                 0x080018ef   Thumb Code    70  stm32f10x_adc.o(.text)
    ADC_StructInit                           0x08001935   Thumb Code    18  stm32f10x_adc.o(.text)
    ADC_Cmd                                  0x08001947   Thumb Code    22  stm32f10x_adc.o(.text)
    ADC_DMACmd                               0x0800195d   Thumb Code    22  stm32f10x_adc.o(.text)
    ADC_ITConfig                             0x08001973   Thumb Code    24  stm32f10x_adc.o(.text)
    ADC_ResetCalibration                     0x0800198b   Thumb Code    10  stm32f10x_adc.o(.text)
    ADC_GetResetCalibrationStatus            0x08001995   Thumb Code    20  stm32f10x_adc.o(.text)
    ADC_StartCalibration                     0x080019a9   Thumb Code    10  stm32f10x_adc.o(.text)
    ADC_GetCalibrationStatus                 0x080019b3   Thumb Code    20  stm32f10x_adc.o(.text)
    ADC_SoftwareStartConvCmd                 0x080019c7   Thumb Code    22  stm32f10x_adc.o(.text)
    ADC_GetSoftwareStartConvStatus           0x080019dd   Thumb Code    20  stm32f10x_adc.o(.text)
    ADC_DiscModeChannelCountConfig           0x080019f1   Thumb Code    24  stm32f10x_adc.o(.text)
    ADC_DiscModeCmd                          0x08001a09   Thumb Code    22  stm32f10x_adc.o(.text)
    ADC_RegularChannelConfig                 0x08001a1f   Thumb Code   184  stm32f10x_adc.o(.text)
    ADC_ExternalTrigConvCmd                  0x08001ad7   Thumb Code    22  stm32f10x_adc.o(.text)
    ADC_GetConversionValue                   0x08001aed   Thumb Code     8  stm32f10x_adc.o(.text)
    ADC_GetDualModeConversionValue           0x08001af5   Thumb Code     8  stm32f10x_adc.o(.text)
    ADC_AutoInjectedConvCmd                  0x08001afd   Thumb Code    22  stm32f10x_adc.o(.text)
    ADC_InjectedDiscModeCmd                  0x08001b13   Thumb Code    22  stm32f10x_adc.o(.text)
    ADC_ExternalTrigInjectedConvConfig       0x08001b29   Thumb Code    16  stm32f10x_adc.o(.text)
    ADC_ExternalTrigInjectedConvCmd          0x08001b39   Thumb Code    22  stm32f10x_adc.o(.text)
    ADC_SoftwareStartInjectedConvCmd         0x08001b4f   Thumb Code    22  stm32f10x_adc.o(.text)
    ADC_GetSoftwareStartInjectedConvCmdStatus 0x08001b65   Thumb Code    20  stm32f10x_adc.o(.text)
    ADC_InjectedChannelConfig                0x08001b79   Thumb Code   130  stm32f10x_adc.o(.text)
    ADC_InjectedSequencerLengthConfig        0x08001bfb   Thumb Code    24  stm32f10x_adc.o(.text)
    ADC_SetInjectedOffset                    0x08001c13   Thumb Code    12  stm32f10x_adc.o(.text)
    ADC_GetInjectedConversionValue           0x08001c1f   Thumb Code    18  stm32f10x_adc.o(.text)
    ADC_AnalogWatchdogCmd                    0x08001c31   Thumb Code    16  stm32f10x_adc.o(.text)
    ADC_AnalogWatchdogThresholdsConfig       0x08001c41   Thumb Code     6  stm32f10x_adc.o(.text)
    ADC_AnalogWatchdogSingleChannelConfig    0x08001c47   Thumb Code    16  stm32f10x_adc.o(.text)
    ADC_TempSensorVrefintCmd                 0x08001c57   Thumb Code    38  stm32f10x_adc.o(.text)
    ADC_GetFlagStatus                        0x08001c7d   Thumb Code    44  stm32f10x_adc.o(.text)
    ADC_ClearFlag                            0x08001ca9   Thumb Code     6  stm32f10x_adc.o(.text)
    ADC_GetITStatus                          0x08001caf   Thumb Code    36  stm32f10x_adc.o(.text)
    ADC_ClearITPendingBit                    0x08001cd3   Thumb Code    10  stm32f10x_adc.o(.text)
    DAC_DeInit                               0x08001cdd   Thumb Code    22  stm32f10x_dac.o(.text)
    DAC_Init                                 0x08001cf3   Thumb Code    46  stm32f10x_dac.o(.text)
    DAC_StructInit                           0x08001d21   Thumb Code    12  stm32f10x_dac.o(.text)
    DAC_Cmd                                  0x08001d2d   Thumb Code    34  stm32f10x_dac.o(.text)
    DAC_DMACmd                               0x08001d4f   Thumb Code    38  stm32f10x_dac.o(.text)
    DAC_SoftwareTriggerCmd                   0x08001d75   Thumb Code    48  stm32f10x_dac.o(.text)
    DAC_DualSoftwareTriggerCmd               0x08001da5   Thumb Code    38  stm32f10x_dac.o(.text)
    DAC_WaveGenerationCmd                    0x08001dcb   Thumb Code    36  stm32f10x_dac.o(.text)
    DAC_SetChannel1Data                      0x08001def   Thumb Code    14  stm32f10x_dac.o(.text)
    DAC_SetChannel2Data                      0x08001dfd   Thumb Code    14  stm32f10x_dac.o(.text)
    DAC_SetDualChannelData                   0x08001e0b   Thumb Code    32  stm32f10x_dac.o(.text)
    DAC_GetDataOutputValue                   0x08001e2b   Thumb Code    20  stm32f10x_dac.o(.text)
    DMA_DeInit                               0x08001e45   Thumb Code   324  stm32f10x_dma.o(.text)
    DMA_Init                                 0x08001f89   Thumb Code    60  stm32f10x_dma.o(.text)
    DMA_StructInit                           0x08001fc5   Thumb Code    26  stm32f10x_dma.o(.text)
    DMA_Cmd                                  0x08001fdf   Thumb Code    24  stm32f10x_dma.o(.text)
    DMA_ITConfig                             0x08001ff7   Thumb Code    18  stm32f10x_dma.o(.text)
    DMA_SetCurrDataCounter                   0x08002009   Thumb Code     4  stm32f10x_dma.o(.text)
    DMA_GetCurrDataCounter                   0x0800200d   Thumb Code     8  stm32f10x_dma.o(.text)
    DMA_GetFlagStatus                        0x08002015   Thumb Code    38  stm32f10x_dma.o(.text)
    DMA_ClearFlag                            0x0800203b   Thumb Code    22  stm32f10x_dma.o(.text)
    DMA_GetITStatus                          0x08002051   Thumb Code    38  stm32f10x_dma.o(.text)
    DMA_ClearITPendingBit                    0x08002077   Thumb Code    22  stm32f10x_dma.o(.text)
    GPIO_DeInit                              0x08002095   Thumb Code   172  stm32f10x_gpio.o(.text)
    GPIO_AFIODeInit                          0x08002141   Thumb Code    20  stm32f10x_gpio.o(.text)
    GPIO_Init                                0x08002155   Thumb Code   274  stm32f10x_gpio.o(.text)
    GPIO_StructInit                          0x08002267   Thumb Code    16  stm32f10x_gpio.o(.text)
    GPIO_ReadInputDataBit                    0x08002277   Thumb Code    18  stm32f10x_gpio.o(.text)
    GPIO_ReadInputData                       0x08002289   Thumb Code     8  stm32f10x_gpio.o(.text)
    GPIO_ReadOutputDataBit                   0x08002291   Thumb Code    18  stm32f10x_gpio.o(.text)
    GPIO_ReadOutputData                      0x080022a3   Thumb Code     8  stm32f10x_gpio.o(.text)
    GPIO_SetBits                             0x080022ab   Thumb Code     4  stm32f10x_gpio.o(.text)
    GPIO_ResetBits                           0x080022af   Thumb Code     4  stm32f10x_gpio.o(.text)
    GPIO_WriteBit                            0x080022b3   Thumb Code    10  stm32f10x_gpio.o(.text)
    GPIO_Write                               0x080022bd   Thumb Code     4  stm32f10x_gpio.o(.text)
    GPIO_PinLockConfig                       0x080022c1   Thumb Code    18  stm32f10x_gpio.o(.text)
    GPIO_EventOutputConfig                   0x080022d3   Thumb Code    26  stm32f10x_gpio.o(.text)
    GPIO_EventOutputCmd                      0x080022ed   Thumb Code     6  stm32f10x_gpio.o(.text)
    GPIO_PinRemapConfig                      0x080022f3   Thumb Code   138  stm32f10x_gpio.o(.text)
    GPIO_EXTILineConfig                      0x0800237d   Thumb Code    66  stm32f10x_gpio.o(.text)
    GPIO_ETH_MediaInterfaceConfig            0x080023bf   Thumb Code     6  stm32f10x_gpio.o(.text)
    RCC_DeInit                               0x080023ed   Thumb Code    64  stm32f10x_rcc.o(.text)
    RCC_HSEConfig                            0x0800242d   Thumb Code    70  stm32f10x_rcc.o(.text)
    RCC_GetFlagStatus                        0x08002473   Thumb Code    56  stm32f10x_rcc.o(.text)
    RCC_WaitForHSEStartUp                    0x080024ab   Thumb Code    48  stm32f10x_rcc.o(.text)
    RCC_AdjustHSICalibrationValue            0x080024db   Thumb Code    20  stm32f10x_rcc.o(.text)
    RCC_HSICmd                               0x080024ef   Thumb Code     6  stm32f10x_rcc.o(.text)
    RCC_PLLConfig                            0x080024f5   Thumb Code    24  stm32f10x_rcc.o(.text)
    RCC_PLLCmd                               0x0800250d   Thumb Code     6  stm32f10x_rcc.o(.text)
    RCC_SYSCLKConfig                         0x08002513   Thumb Code    18  stm32f10x_rcc.o(.text)
    RCC_GetSYSCLKSource                      0x08002525   Thumb Code    10  stm32f10x_rcc.o(.text)
    RCC_HCLKConfig                           0x0800252f   Thumb Code    18  stm32f10x_rcc.o(.text)
    RCC_PCLK1Config                          0x08002541   Thumb Code    18  stm32f10x_rcc.o(.text)
    RCC_PCLK2Config                          0x08002553   Thumb Code    20  stm32f10x_rcc.o(.text)
    RCC_ITConfig                             0x08002567   Thumb Code    30  stm32f10x_rcc.o(.text)
    RCC_USBCLKConfig                         0x08002585   Thumb Code     6  stm32f10x_rcc.o(.text)
    RCC_ADCCLKConfig                         0x0800258b   Thumb Code    18  stm32f10x_rcc.o(.text)
    RCC_LSEConfig                            0x0800259d   Thumb Code    44  stm32f10x_rcc.o(.text)
    RCC_LSICmd                               0x080025c9   Thumb Code     6  stm32f10x_rcc.o(.text)
    RCC_RTCCLKConfig                         0x080025cf   Thumb Code    12  stm32f10x_rcc.o(.text)
    RCC_RTCCLKCmd                            0x080025db   Thumb Code     8  stm32f10x_rcc.o(.text)
    RCC_GetClocksFreq                        0x080025e3   Thumb Code   192  stm32f10x_rcc.o(.text)
    RCC_AHBPeriphClockCmd                    0x080026a3   Thumb Code    26  stm32f10x_rcc.o(.text)
    RCC_APB2PeriphClockCmd                   0x080026bd   Thumb Code    26  stm32f10x_rcc.o(.text)
    RCC_APB1PeriphClockCmd                   0x080026d7   Thumb Code    26  stm32f10x_rcc.o(.text)
    RCC_APB2PeriphResetCmd                   0x080026f1   Thumb Code    26  stm32f10x_rcc.o(.text)
    RCC_APB1PeriphResetCmd                   0x0800270b   Thumb Code    26  stm32f10x_rcc.o(.text)
    RCC_BackupResetCmd                       0x08002725   Thumb Code     8  stm32f10x_rcc.o(.text)
    RCC_ClockSecuritySystemCmd               0x0800272d   Thumb Code     6  stm32f10x_rcc.o(.text)
    RCC_MCOConfig                            0x08002733   Thumb Code     6  stm32f10x_rcc.o(.text)
    RCC_ClearFlag                            0x08002739   Thumb Code    14  stm32f10x_rcc.o(.text)
    RCC_GetITStatus                          0x08002747   Thumb Code    20  stm32f10x_rcc.o(.text)
    RCC_ClearITPendingBit                    0x0800275b   Thumb Code     6  stm32f10x_rcc.o(.text)
    TIM_DeInit                               0x0800278d   Thumb Code   424  stm32f10x_tim.o(.text)
    TIM_TimeBaseInit                         0x08002935   Thumb Code   122  stm32f10x_tim.o(.text)
    TIM_OC1Init                              0x080029af   Thumb Code   132  stm32f10x_tim.o(.text)
    TIM_OC2Init                              0x08002a33   Thumb Code   146  stm32f10x_tim.o(.text)
    TIM_OC3Init                              0x08002ac5   Thumb Code   142  stm32f10x_tim.o(.text)
    TIM_OC4Init                              0x08002b53   Thumb Code   174  stm32f10x_tim.o(.text)
    TIM_SetIC4Prescaler                      0x08002c01   Thumb Code    22  stm32f10x_tim.o(.text)
    TIM_SetIC3Prescaler                      0x08002c8d   Thumb Code    18  stm32f10x_tim.o(.text)
    TIM_SetIC2Prescaler                      0x08002d11   Thumb Code    22  stm32f10x_tim.o(.text)
    TIM_SetIC1Prescaler                      0x08002d9d   Thumb Code    18  stm32f10x_tim.o(.text)
    TIM_ICInit                               0x08002e19   Thumb Code   150  stm32f10x_tim.o(.text)
    TIM_PWMIConfig                           0x08002eaf   Thumb Code   124  stm32f10x_tim.o(.text)
    TIM_BDTRConfig                           0x08002f2b   Thumb Code    32  stm32f10x_tim.o(.text)
    TIM_TimeBaseStructInit                   0x08002f4b   Thumb Code    18  stm32f10x_tim.o(.text)
    TIM_OCStructInit                         0x08002f5d   Thumb Code    20  stm32f10x_tim.o(.text)
    TIM_ICStructInit                         0x08002f71   Thumb Code    18  stm32f10x_tim.o(.text)
    TIM_BDTRStructInit                       0x08002f83   Thumb Code    18  stm32f10x_tim.o(.text)
    TIM_Cmd                                  0x08002f95   Thumb Code    24  stm32f10x_tim.o(.text)
    TIM_CtrlPWMOutputs                       0x08002fad   Thumb Code    50  stm32f10x_tim.o(.text)
    TIM_ITConfig                             0x08002fdf   Thumb Code    24  stm32f10x_tim.o(.text)
    TIM_GenerateEvent                        0x08002ff7   Thumb Code     4  stm32f10x_tim.o(.text)
    TIM_DMAConfig                            0x08002ffb   Thumb Code    10  stm32f10x_tim.o(.text)
    TIM_DMACmd                               0x08003005   Thumb Code    24  stm32f10x_tim.o(.text)
    TIM_InternalClockConfig                  0x0800301d   Thumb Code    12  stm32f10x_tim.o(.text)
    TIM_SelectInputTrigger                   0x08003029   Thumb Code    18  stm32f10x_tim.o(.text)
    TIM_ITRxExternalClockConfig              0x0800303b   Thumb Code    24  stm32f10x_tim.o(.text)
    TIM_TIxExternalClockConfig               0x08003053   Thumb Code    62  stm32f10x_tim.o(.text)
    TIM_ETRConfig                            0x08003091   Thumb Code    24  stm32f10x_tim.o(.text)
    TIM_ETRClockMode1Config                  0x080030a9   Thumb Code    54  stm32f10x_tim.o(.text)
    TIM_ETRClockMode2Config                  0x080030df   Thumb Code    32  stm32f10x_tim.o(.text)
    TIM_PrescalerConfig                      0x080030ff   Thumb Code     6  stm32f10x_tim.o(.text)
    TIM_CounterModeConfig                    0x08003105   Thumb Code    18  stm32f10x_tim.o(.text)
    TIM_EncoderInterfaceConfig               0x08003117   Thumb Code    62  stm32f10x_tim.o(.text)
    TIM_ForcedOC1Config                      0x08003155   Thumb Code    18  stm32f10x_tim.o(.text)
    TIM_ForcedOC2Config                      0x08003167   Thumb Code    22  stm32f10x_tim.o(.text)
    TIM_ForcedOC3Config                      0x0800317d   Thumb Code    18  stm32f10x_tim.o(.text)
    TIM_ForcedOC4Config                      0x0800318f   Thumb Code    22  stm32f10x_tim.o(.text)
    TIM_ARRPreloadConfig                     0x080031a5   Thumb Code    24  stm32f10x_tim.o(.text)
    TIM_SelectCOM                            0x080031bd   Thumb Code    24  stm32f10x_tim.o(.text)
    TIM_SelectCCDMA                          0x080031d5   Thumb Code    24  stm32f10x_tim.o(.text)
    TIM_CCPreloadControl                     0x080031ed   Thumb Code    24  stm32f10x_tim.o(.text)
    TIM_OC1PreloadConfig                     0x08003205   Thumb Code    18  stm32f10x_tim.o(.text)
    TIM_OC2PreloadConfig                     0x08003217   Thumb Code    22  stm32f10x_tim.o(.text)
    TIM_OC3PreloadConfig                     0x0800322d   Thumb Code    18  stm32f10x_tim.o(.text)
    TIM_OC4PreloadConfig                     0x0800323f   Thumb Code    22  stm32f10x_tim.o(.text)
    TIM_OC1FastConfig                        0x08003255   Thumb Code    18  stm32f10x_tim.o(.text)
    TIM_OC2FastConfig                        0x08003267   Thumb Code    22  stm32f10x_tim.o(.text)
    TIM_OC3FastConfig                        0x0800327d   Thumb Code    18  stm32f10x_tim.o(.text)
    TIM_OC4FastConfig                        0x0800328f   Thumb Code    22  stm32f10x_tim.o(.text)
    TIM_ClearOC1Ref                          0x080032a5   Thumb Code    18  stm32f10x_tim.o(.text)
    TIM_ClearOC2Ref                          0x080032b7   Thumb Code    20  stm32f10x_tim.o(.text)
    TIM_ClearOC3Ref                          0x080032cb   Thumb Code    18  stm32f10x_tim.o(.text)
    TIM_ClearOC4Ref                          0x080032dd   Thumb Code    20  stm32f10x_tim.o(.text)
    TIM_OC1PolarityConfig                    0x080032f1   Thumb Code    18  stm32f10x_tim.o(.text)
    TIM_OC1NPolarityConfig                   0x08003303   Thumb Code    18  stm32f10x_tim.o(.text)
    TIM_OC2PolarityConfig                    0x08003315   Thumb Code    22  stm32f10x_tim.o(.text)
    TIM_OC2NPolarityConfig                   0x0800332b   Thumb Code    22  stm32f10x_tim.o(.text)
    TIM_OC3PolarityConfig                    0x08003341   Thumb Code    22  stm32f10x_tim.o(.text)
    TIM_OC3NPolarityConfig                   0x08003357   Thumb Code    22  stm32f10x_tim.o(.text)
    TIM_OC4PolarityConfig                    0x0800336d   Thumb Code    22  stm32f10x_tim.o(.text)
    TIM_CCxCmd                               0x08003383   Thumb Code    34  stm32f10x_tim.o(.text)
    TIM_CCxNCmd                              0x080033a5   Thumb Code    34  stm32f10x_tim.o(.text)
    TIM_SelectOCxM                           0x080033c7   Thumb Code    82  stm32f10x_tim.o(.text)
    TIM_UpdateDisableConfig                  0x08003419   Thumb Code    24  stm32f10x_tim.o(.text)
    TIM_UpdateRequestConfig                  0x08003431   Thumb Code    24  stm32f10x_tim.o(.text)
    TIM_SelectHallSensor                     0x08003449   Thumb Code    24  stm32f10x_tim.o(.text)
    TIM_SelectOnePulseMode                   0x08003461   Thumb Code    18  stm32f10x_tim.o(.text)
    TIM_SelectOutputTrigger                  0x08003473   Thumb Code    18  stm32f10x_tim.o(.text)
    TIM_SelectSlaveMode                      0x08003485   Thumb Code    18  stm32f10x_tim.o(.text)
    TIM_SelectMasterSlaveMode                0x08003497   Thumb Code    18  stm32f10x_tim.o(.text)
    TIM_SetCounter                           0x080034a9   Thumb Code     4  stm32f10x_tim.o(.text)
    TIM_SetAutoreload                        0x080034ad   Thumb Code     4  stm32f10x_tim.o(.text)
    TIM_SetCompare1                          0x080034b1   Thumb Code     4  stm32f10x_tim.o(.text)
    TIM_SetCompare2                          0x080034b5   Thumb Code     4  stm32f10x_tim.o(.text)
    TIM_SetCompare3                          0x080034b9   Thumb Code     4  stm32f10x_tim.o(.text)
    TIM_SetCompare4                          0x080034bd   Thumb Code     6  stm32f10x_tim.o(.text)
    TIM_SetClockDivision                     0x080034c3   Thumb Code    18  stm32f10x_tim.o(.text)
    TIM_GetCapture1                          0x080034d5   Thumb Code     6  stm32f10x_tim.o(.text)
    TIM_GetCapture2                          0x080034db   Thumb Code     6  stm32f10x_tim.o(.text)
    TIM_GetCapture3                          0x080034e1   Thumb Code     6  stm32f10x_tim.o(.text)
    TIM_GetCapture4                          0x080034e7   Thumb Code     8  stm32f10x_tim.o(.text)
    TIM_GetCounter                           0x080034ef   Thumb Code     6  stm32f10x_tim.o(.text)
    TIM_GetPrescaler                         0x080034f5   Thumb Code     6  stm32f10x_tim.o(.text)
    TIM_GetFlagStatus                        0x080034fb   Thumb Code    18  stm32f10x_tim.o(.text)
    TIM_ClearFlag                            0x0800350d   Thumb Code     6  stm32f10x_tim.o(.text)
    TIM_GetITStatus                          0x08003513   Thumb Code    34  stm32f10x_tim.o(.text)
    TIM_ClearITPendingBit                    0x08003535   Thumb Code     6  stm32f10x_tim.o(.text)
    USART_DeInit                             0x0800353d   Thumb Code   134  stm32f10x_usart.o(.text)
    USART_Init                               0x080035c3   Thumb Code   210  stm32f10x_usart.o(.text)
    USART_StructInit                         0x08003695   Thumb Code    24  stm32f10x_usart.o(.text)
    USART_ClockInit                          0x080036ad   Thumb Code    34  stm32f10x_usart.o(.text)
    USART_ClockStructInit                    0x080036cf   Thumb Code    12  stm32f10x_usart.o(.text)
    USART_Cmd                                0x080036db   Thumb Code    24  stm32f10x_usart.o(.text)
    USART_ITConfig                           0x080036f3   Thumb Code    74  stm32f10x_usart.o(.text)
    USART_DMACmd                             0x0800373d   Thumb Code    24  stm32f10x_usart.o(.text)
    USART_SetAddress                         0x08003755   Thumb Code    18  stm32f10x_usart.o(.text)
    USART_WakeUpConfig                       0x08003767   Thumb Code    18  stm32f10x_usart.o(.text)
    USART_ReceiverWakeUpCmd                  0x08003779   Thumb Code    24  stm32f10x_usart.o(.text)
    USART_LINBreakDetectLengthConfig         0x08003791   Thumb Code    18  stm32f10x_usart.o(.text)
    USART_LINCmd                             0x080037a3   Thumb Code    24  stm32f10x_usart.o(.text)
    USART_SendData                           0x080037bb   Thumb Code     8  stm32f10x_usart.o(.text)
    USART_ReceiveData                        0x080037c3   Thumb Code    10  stm32f10x_usart.o(.text)
    USART_SendBreak                          0x080037cd   Thumb Code    10  stm32f10x_usart.o(.text)
    USART_SetGuardTime                       0x080037d7   Thumb Code    16  stm32f10x_usart.o(.text)
    USART_SetPrescaler                       0x080037e7   Thumb Code    16  stm32f10x_usart.o(.text)
    USART_SmartCardCmd                       0x080037f7   Thumb Code    24  stm32f10x_usart.o(.text)
    USART_SmartCardNACKCmd                   0x0800380f   Thumb Code    24  stm32f10x_usart.o(.text)
    USART_HalfDuplexCmd                      0x08003827   Thumb Code    24  stm32f10x_usart.o(.text)
    USART_OverSampling8Cmd                   0x0800383f   Thumb Code    22  stm32f10x_usart.o(.text)
    USART_OneBitMethodCmd                    0x08003855   Thumb Code    24  stm32f10x_usart.o(.text)
    USART_IrDAConfig                         0x0800386d   Thumb Code    18  stm32f10x_usart.o(.text)
    USART_IrDACmd                            0x0800387f   Thumb Code    24  stm32f10x_usart.o(.text)
    USART_GetFlagStatus                      0x08003897   Thumb Code    26  stm32f10x_usart.o(.text)
    USART_ClearFlag                          0x080038b1   Thumb Code    18  stm32f10x_usart.o(.text)
    USART_GetITStatus                        0x080038c3   Thumb Code    84  stm32f10x_usart.o(.text)
    USART_ClearITPendingBit                  0x08003917   Thumb Code    50  stm32f10x_usart.o(.text)
    Reset_Handler                            0x08003949   Thumb Code     8  startup_stm32f10x_hd_rtos.o(.text)
    ADC1_2_IRQHandler                        0x08003963   Thumb Code     0  startup_stm32f10x_hd_rtos.o(.text)
    ADC3_IRQHandler                          0x08003963   Thumb Code     0  startup_stm32f10x_hd_rtos.o(.text)
    CAN1_RX1_IRQHandler                      0x08003963   Thumb Code     0  startup_stm32f10x_hd_rtos.o(.text)
    CAN1_SCE_IRQHandler                      0x08003963   Thumb Code     0  startup_stm32f10x_hd_rtos.o(.text)
    DMA1_Channel1_IRQHandler                 0x08003963   Thumb Code     0  startup_stm32f10x_hd_rtos.o(.text)
    DMA1_Channel2_IRQHandler                 0x08003963   Thumb Code     0  startup_stm32f10x_hd_rtos.o(.text)
    DMA1_Channel3_IRQHandler                 0x08003963   Thumb Code     0  startup_stm32f10x_hd_rtos.o(.text)
    DMA1_Channel4_IRQHandler                 0x08003963   Thumb Code     0  startup_stm32f10x_hd_rtos.o(.text)
    DMA1_Channel5_IRQHandler                 0x08003963   Thumb Code     0  startup_stm32f10x_hd_rtos.o(.text)
    DMA1_Channel6_IRQHandler                 0x08003963   Thumb Code     0  startup_stm32f10x_hd_rtos.o(.text)
    DMA1_Channel7_IRQHandler                 0x08003963   Thumb Code     0  startup_stm32f10x_hd_rtos.o(.text)
    DMA2_Channel1_IRQHandler                 0x08003963   Thumb Code     0  startup_stm32f10x_hd_rtos.o(.text)
    DMA2_Channel2_IRQHandler                 0x08003963   Thumb Code     0  startup_stm32f10x_hd_rtos.o(.text)
    DMA2_Channel3_IRQHandler                 0x08003963   Thumb Code     0  startup_stm32f10x_hd_rtos.o(.text)
    DMA2_Channel4_5_IRQHandler               0x08003963   Thumb Code     0  startup_stm32f10x_hd_rtos.o(.text)
    EXTI0_IRQHandler                         0x08003963   Thumb Code     0  startup_stm32f10x_hd_rtos.o(.text)
    EXTI15_10_IRQHandler                     0x08003963   Thumb Code     0  startup_stm32f10x_hd_rtos.o(.text)
    EXTI1_IRQHandler                         0x08003963   Thumb Code     0  startup_stm32f10x_hd_rtos.o(.text)
    EXTI2_IRQHandler                         0x08003963   Thumb Code     0  startup_stm32f10x_hd_rtos.o(.text)
    EXTI3_IRQHandler                         0x08003963   Thumb Code     0  startup_stm32f10x_hd_rtos.o(.text)
    EXTI4_IRQHandler                         0x08003963   Thumb Code     0  startup_stm32f10x_hd_rtos.o(.text)
    EXTI9_5_IRQHandler                       0x08003963   Thumb Code     0  startup_stm32f10x_hd_rtos.o(.text)
    FLASH_IRQHandler                         0x08003963   Thumb Code     0  startup_stm32f10x_hd_rtos.o(.text)
    FSMC_IRQHandler                          0x08003963   Thumb Code     0  startup_stm32f10x_hd_rtos.o(.text)
    I2C1_ER_IRQHandler                       0x08003963   Thumb Code     0  startup_stm32f10x_hd_rtos.o(.text)
    I2C1_EV_IRQHandler                       0x08003963   Thumb Code     0  startup_stm32f10x_hd_rtos.o(.text)
    I2C2_ER_IRQHandler                       0x08003963   Thumb Code     0  startup_stm32f10x_hd_rtos.o(.text)
    I2C2_EV_IRQHandler                       0x08003963   Thumb Code     0  startup_stm32f10x_hd_rtos.o(.text)
    PVD_IRQHandler                           0x08003963   Thumb Code     0  startup_stm32f10x_hd_rtos.o(.text)
    RCC_IRQHandler                           0x08003963   Thumb Code     0  startup_stm32f10x_hd_rtos.o(.text)
    RTCAlarm_IRQHandler                      0x08003963   Thumb Code     0  startup_stm32f10x_hd_rtos.o(.text)
    RTC_IRQHandler                           0x08003963   Thumb Code     0  startup_stm32f10x_hd_rtos.o(.text)
    SDIO_IRQHandler                          0x08003963   Thumb Code     0  startup_stm32f10x_hd_rtos.o(.text)
    SPI1_IRQHandler                          0x08003963   Thumb Code     0  startup_stm32f10x_hd_rtos.o(.text)
    SPI2_IRQHandler                          0x08003963   Thumb Code     0  startup_stm32f10x_hd_rtos.o(.text)
    SPI3_IRQHandler                          0x08003963   Thumb Code     0  startup_stm32f10x_hd_rtos.o(.text)
    TAMPER_IRQHandler                        0x08003963   Thumb Code     0  startup_stm32f10x_hd_rtos.o(.text)
    TIM1_BRK_IRQHandler                      0x08003963   Thumb Code     0  startup_stm32f10x_hd_rtos.o(.text)
    TIM1_CC_IRQHandler                       0x08003963   Thumb Code     0  startup_stm32f10x_hd_rtos.o(.text)
    TIM1_TRG_COM_IRQHandler                  0x08003963   Thumb Code     0  startup_stm32f10x_hd_rtos.o(.text)
    TIM1_UP_IRQHandler                       0x08003963   Thumb Code     0  startup_stm32f10x_hd_rtos.o(.text)
    TIM2_IRQHandler                          0x08003963   Thumb Code     0  startup_stm32f10x_hd_rtos.o(.text)
    TIM3_IRQHandler                          0x08003963   Thumb Code     0  startup_stm32f10x_hd_rtos.o(.text)
    TIM5_IRQHandler                          0x08003963   Thumb Code     0  startup_stm32f10x_hd_rtos.o(.text)
    TIM6_IRQHandler                          0x08003963   Thumb Code     0  startup_stm32f10x_hd_rtos.o(.text)
    TIM7_IRQHandler                          0x08003963   Thumb Code     0  startup_stm32f10x_hd_rtos.o(.text)
    TIM8_BRK_IRQHandler                      0x08003963   Thumb Code     0  startup_stm32f10x_hd_rtos.o(.text)
    TIM8_CC_IRQHandler                       0x08003963   Thumb Code     0  startup_stm32f10x_hd_rtos.o(.text)
    TIM8_TRG_COM_IRQHandler                  0x08003963   Thumb Code     0  startup_stm32f10x_hd_rtos.o(.text)
    TIM8_UP_IRQHandler                       0x08003963   Thumb Code     0  startup_stm32f10x_hd_rtos.o(.text)
    UART5_IRQHandler                         0x08003963   Thumb Code     0  startup_stm32f10x_hd_rtos.o(.text)
    USART2_IRQHandler                        0x08003963   Thumb Code     0  startup_stm32f10x_hd_rtos.o(.text)
    USART3_IRQHandler                        0x08003963   Thumb Code     0  startup_stm32f10x_hd_rtos.o(.text)
    USBWakeUp_IRQHandler                     0x08003963   Thumb Code     0  startup_stm32f10x_hd_rtos.o(.text)
    USB_HP_CAN1_TX_IRQHandler                0x08003963   Thumb Code     0  startup_stm32f10x_hd_rtos.o(.text)
    USB_LP_CAN1_RX0_IRQHandler               0x08003963   Thumb Code     0  startup_stm32f10x_hd_rtos.o(.text)
    WWDG_IRQHandler                          0x08003963   Thumb Code     0  startup_stm32f10x_hd_rtos.o(.text)
    LED_Init                                 0x0800396d   Thumb Code    68  main.o(.text)
    delay                                    0x080039b1   Thumb Code    30  main.o(.text)
    vRed_led_on                              0x080039cf   Thumb Code    72  main.o(.text)
    vGreen_led_on                            0x08003a17   Thumb Code    72  main.o(.text)
    vTask1                                   0x08003a5f   Thumb Code   200  main.o(.text)
    main                                     0x08003b27   Thumb Code   162  main.o(.text)
    NMI_Handler                              0x08003cbd   Thumb Code     2  stm32f10x_it.o(.text)
    HardFault_Handler                        0x08003cbf   Thumb Code     4  stm32f10x_it.o(.text)
    MemManage_Handler                        0x08003cc3   Thumb Code     4  stm32f10x_it.o(.text)
    BusFault_Handler                         0x08003cc7   Thumb Code     4  stm32f10x_it.o(.text)
    UsageFault_Handler                       0x08003ccb   Thumb Code     4  stm32f10x_it.o(.text)
    SVC_Handler                              0x08003ccf   Thumb Code     2  stm32f10x_it.o(.text)
    DebugMon_Handler                         0x08003cd1   Thumb Code     2  stm32f10x_it.o(.text)
    PendSV_Handler                           0x08003cd3   Thumb Code     2  stm32f10x_it.o(.text)
    SysTick_Handler                          0x08003cd5   Thumb Code     2  stm32f10x_it.o(.text)
    fputc                                    0x08003cd9   Thumb Code    32  usart.o(.text)
    GetKey                                   0x08003cf9   Thumb Code    24  usart.o(.text)
    uart_init                                0x08003d11   Thumb Code   158  usart.o(.text)
    USART1_IRQHandler                        0x08003daf   Thumb Code   122  usart.o(.text)
    vPrint_init                              0x08003e39   Thumb Code    14  vprintstring.o(.text)
    vPrintString                             0x08003e47   Thumb Code    48  vprintstring.o(.text)
    IO_Init                                  0x08003e85   Thumb Code    80  gpio.o(.text)
    vIO_Refresh                              0x08003ed5   Thumb Code    58  gpio.o(.text)
    Pwm_Init                                 0x08003f31   Thumb Code   258  pwm.o(.text)
    vPWM_Refresh                             0x08004033   Thumb Code    60  pwm.o(.text)
    Adc1_Init                                0x08004099   Thumb Code   402  adc.o(.text)
    Dac1_Init                                0x08004245   Thumb Code    86  dac.o(.text)
    Dac1_Set_Vol                             0x0800429b   Thumb Code    80  dac.o(.text)
    USART2_Init                              0x08004381   Thumb Code    76  usart2.o(.text)
    u2_printf                                0x080043ef   Thumb Code    70  usart2.o(.text)
    UART4_Init                               0x080044ff   Thumb Code    94  uart4.o(.text)
    u4_printf                                0x0800457f   Thumb Code    66  uart4.o(.text)
    UART4_IRQHandler                         0x080045c1   Thumb Code    68  uart4.o(.text)
    TIM4_Init                                0x08004629   Thumb Code    94  timer4.o(.text)
    TIM4_IRQHandler                          0x08004687   Thumb Code    88  timer4.o(.text)
    sim900a_check_cmd                        0x080046f1   Thumb Code    44  sim900a.o(.text)
    sim900a_send_cmd                         0x0800471d   Thumb Code   126  sim900a.o(.text)
    sim900a_gprs_test                        0x0800479b   Thumb Code   116  sim900a.o(.text)
    __aeabi_memcpy                           0x080048bd   Thumb Code    36  memcpya.o(.text)
    __aeabi_memcpy4                          0x080048bd   Thumb Code     0  memcpya.o(.text)
    __aeabi_memcpy8                          0x080048bd   Thumb Code     0  memcpya.o(.text)
    strstr                                   0x080048e1   Thumb Code    44  strstr.o(.text)
    strlen                                   0x0800490d   Thumb Code    16  strlen.o(.text)
    __aeabi_fmul                             0x0800491d   Thumb Code   108  fmul.o(.text)
    __aeabi_fdiv                             0x08004989   Thumb Code   128  fdiv.o(.text)
    __aeabi_ddiv                             0x08004a09   Thumb Code   222  ddiv.o(.text)
    __aeabi_ui2f                             0x08004ae7   Thumb Code    10  ffltui.o(.text)
    __aeabi_f2uiz                            0x08004af1   Thumb Code    40  ffixui.o(.text)
    __aeabi_f2d                              0x08004b19   Thumb Code    44  f2d.o(.text)
    __aeabi_d2f                              0x08004b45   Thumb Code    56  d2f.o(.text)
    __aeabi_uidiv                            0x08004b7d   Thumb Code     0  uidiv.o(.text)
    __aeabi_uidivmod                         0x08004b7d   Thumb Code    44  uidiv.o(.text)
    __aeabi_uldivmod                         0x08004ba9   Thumb Code    98  uldiv.o(.text)
    __I$use$fp                               0x08004c0b   Thumb Code     0  iusefp.o(.text)
    _float_round                             0x08004c0b   Thumb Code    18  fepilogue.o(.text)
    _float_epilogue                          0x08004c1d   Thumb Code    90  fepilogue.o(.text)
    _double_round                            0x08004c77   Thumb Code    26  depilogue.o(.text)
    _double_epilogue                         0x08004c91   Thumb Code   164  depilogue.o(.text)
    __aeabi_dadd                             0x08004d35   Thumb Code   320  dadd.o(.text)
    __aeabi_dsub                             0x08004e75   Thumb Code     6  dadd.o(.text)
    __aeabi_drsub                            0x08004e7b   Thumb Code     6  dadd.o(.text)
    __aeabi_dmul                             0x08004e81   Thumb Code   224  dmul.o(.text)
    __aeabi_d2ulz                            0x08004f61   Thumb Code    48  dfixul.o(.text)
    __aeabi_cdrcmple                         0x08004f91   Thumb Code    38  cdrcmple.o(.text)
    __scatterload                            0x08004fb9   Thumb Code    28  init.o(.text)
    __scatterload_rt2                        0x08004fb9   Thumb Code     0  init.o(.text)
    __aeabi_llsl                             0x08004fdd   Thumb Code    30  llshl.o(.text)
    _ll_shift_l                              0x08004fdd   Thumb Code     0  llshl.o(.text)
    __aeabi_llsr                             0x08004ffb   Thumb Code    32  llushr.o(.text)
    _ll_ushift_r                             0x08004ffb   Thumb Code     0  llushr.o(.text)
    __aeabi_lasr                             0x0800501b   Thumb Code    36  llsshr.o(.text)
    _ll_sshift_r                             0x0800501b   Thumb Code     0  llsshr.o(.text)
    __0printf$5                              0x08005041   Thumb Code    22  printf5.o(i.__0printf$5)
    __1printf$5                              0x08005041   Thumb Code     0  printf5.o(i.__0printf$5)
    __2printf                                0x08005041   Thumb Code     0  printf5.o(i.__0printf$5)
    __0vsprintf                              0x08005061   Thumb Code    28  printfa.o(i.__0vsprintf)
    __1vsprintf                              0x08005061   Thumb Code     0  printfa.o(i.__0vsprintf)
    __2vsprintf                              0x08005061   Thumb Code     0  printfa.o(i.__0vsprintf)
    __c89vsprintf                            0x08005061   Thumb Code     0  printfa.o(i.__0vsprintf)
    vsprintf                                 0x08005061   Thumb Code     0  printfa.o(i.__0vsprintf)
    __scatterload_copy                       0x08005081   Thumb Code    14  handlers.o(i.__scatterload_copy)
    __scatterload_null                       0x0800508f   Thumb Code     2  handlers.o(i.__scatterload_null)
    __scatterload_zeroinit                   0x08005091   Thumb Code    14  handlers.o(i.__scatterload_zeroinit)
    Region$$Table$$Base                      0x08005c34   Number         0  anon$$obj.o(Region$$Table)
    Region$$Table$$Limit                     0x08005c54   Number         0  anon$$obj.o(Region$$Table)
    pxCurrentTCB                             0x20000000   Data           4  tasks.o(.data)
    SystemCoreClock                          0x20000054   Data           4  system_stm32f10x.o(.data)
    AHBPrescTable                            0x20000058   Data          16  system_stm32f10x.o(.data)
    xMutex                                   0x2000007c   Data           4  main.o(.data)
    USART_RX_STA                             0x20000080   Data           2  usart.o(.data)
    xMutex_vPrintString                      0x20000084   Data           4  vprintstring.o(.data)
    GPIOD_BUFFER                             0x20000088   Data           2  gpio.o(.data)
    GPIOF_BUFFER                             0x2000008a   Data           2  gpio.o(.data)
    GPIOE_BUFFER                             0x2000008c   Data           2  gpio.o(.data)
    GPIOG_BUFFER                             0x2000008e   Data           2  gpio.o(.data)
    CCR1_Val                                 0x20000090   Data           2  pwm.o(.data)
    CCR2_Val                                 0x20000092   Data           2  pwm.o(.data)
    CCR3_Val                                 0x20000094   Data           2  pwm.o(.data)
    CCR4_Val                                 0x20000096   Data           2  pwm.o(.data)
    PrescalerValue                           0x20000098   Data           2  pwm.o(.data)
    UART4_Timeout                            0x2000009a   Data           2  uart4.o(.data)
    UART4_RX_STA                             0x2000009c   Data           2  uart4.o(.data)
    Sim900a_Timeout                          0x200000a0   Data           2  sim900a.o(.data)
    port                                     0x200000a4   Data           4  sim900a.o(.data)
    mode                                     0x200000a8   Data           1  sim900a.o(.data)
    iplen                                    0x200000a9   Data           1  sim900a.o(.data)
    __stdout                                 0x200000ac   Data           4  stdout.o(.data)
    USART_RX_BUF                             0x20004578   Data         200  usart.o(.bss)
    ADC1ConvertedValue                       0x20004640   Data          20  adc.o(.bss)
    USART2_TX_BUF                            0x20004658   Data        1024  usart2.o(.bss)
    USART2_RX_BUF                            0x20004a58   Data        1024  usart2.o(.bss)
    UART4_TX_BUF                             0x20004e88   Data         128  uart4.o(.bss)
    UART4_RX_BUF                             0x20004f08   Data         128  uart4.o(.bss)
    __initial_sp                             0x200053b8   Data           0  startup_stm32f10x_hd_rtos.o(STACK)



==============================================================================

Memory Map of the image

  Image Entry point : 0x08000131

  Load Region LR_IROM1 (Base: 0x08000000, Size: 0x00005d04, Max: 0x00080000, ABSOLUTE)

    Execution Region ER_IROM1 (Base: 0x08000000, Size: 0x00005c54, Max: 0x00080000, ABSOLUTE)

    Base Addr    Size         Type   Attr      Idx    E Section Name        Object

    0x08000000   0x00000130   Data   RO          575    RESET               startup_stm32f10x_hd_rtos.o
    0x08000130   0x00000000   Code   RO          842  * .ARM.Collect$$$$00000000  mc_w.l(entry.o)
    0x08000130   0x00000004   Code   RO         1165    .ARM.Collect$$$$00000001  mc_w.l(entry2.o)
    0x08000134   0x00000004   Code   RO         1168    .ARM.Collect$$$$00000004  mc_w.l(entry5.o)
    0x08000138   0x00000000   Code   RO         1170    .ARM.Collect$$$$00000008  mc_w.l(entry7b.o)
    0x08000138   0x00000008   Code   RO         1171    .ARM.Collect$$$$00000009  mc_w.l(entry8.o)
    0x08000140   0x00000004   Code   RO         1166    .ARM.Collect$$$$00002712  mc_w.l(entry2.o)
    0x08000144   0x0000009e   Code   RO          125    .emb_text           port.o
    0x080001e2   0x00000094   Code   RO           76    .text               list.o
    0x08000276   0x000005ac   Code   RO           88    .text               queue.o
    0x08000822   0x00000002   PAD
    0x08000824   0x00000be0   Code   RO          106    .text               tasks.o
    0x08001404   0x000000d4   Code   RO          126    .text               port.o
    0x080014d8   0x00000124   Code   RO          150    .text               heap_2.o
    0x080015fc   0x000001c8   Code   RO          175    .text               system_stm32f10x.o
    0x080017c4   0x000000dc   Code   RO          272    .text               misc.o
    0x080018a0   0x0000043c   Code   RO          307    .text               stm32f10x_adc.o
    0x08001cdc   0x00000168   Code   RO          367    .text               stm32f10x_dac.o
    0x08001e44   0x00000250   Code   RO          391    .text               stm32f10x_dma.o
    0x08002094   0x00000358   Code   RO          439    .text               stm32f10x_gpio.o
    0x080023ec   0x000003a0   Code   RO          487    .text               stm32f10x_rcc.o
    0x0800278c   0x00000dae   Code   RO          537    .text               stm32f10x_tim.o
    0x0800353a   0x00000002   PAD
    0x0800353c   0x0000040c   Code   RO          549    .text               stm32f10x_usart.o
    0x08003948   0x00000024   Code   RO          576    .text               startup_stm32f10x_hd_rtos.o
    0x0800396c   0x00000350   Code   RO          580    .text               main.o
    0x08003cbc   0x0000001a   Code   RO          649    .text               stm32f10x_it.o
    0x08003cd6   0x00000002   PAD
    0x08003cd8   0x00000160   Code   RO          661    .text               usart.o
    0x08003e38   0x0000004c   Code   RO          687    .text               vprintstring.o
    0x08003e84   0x000000ac   Code   RO          702    .text               gpio.o
    0x08003f30   0x00000168   Code   RO          720    .text               pwm.o
    0x08004098   0x000001ac   Code   RO          735    .text               adc.o
    0x08004244   0x000000b4   Code   RO          750    .text               dac.o
    0x080042f8   0x00000150   Code   RO          762    .text               usart2.o
    0x08004448   0x000001e0   Code   RO          787    .text               uart4.o
    0x08004628   0x000000c8   Code   RO          806    .text               timer4.o
    0x080046f0   0x000001cc   Code   RO          822    .text               sim900a.o
    0x080048bc   0x00000024   Code   RO          882    .text               mc_w.l(memcpya.o)
    0x080048e0   0x0000002c   Code   RO          884    .text               mc_w.l(strstr.o)
    0x0800490c   0x00000010   Code   RO          886    .text               mc_w.l(strlen.o)
    0x0800491c   0x0000006c   Code   RO         1151    .text               mf_w.l(fmul.o)
    0x08004988   0x00000080   Code   RO         1153    .text               mf_w.l(fdiv.o)
    0x08004a08   0x000000de   Code   RO         1155    .text               mf_w.l(ddiv.o)
    0x08004ae6   0x0000000a   Code   RO         1157    .text               mf_w.l(ffltui.o)
    0x08004af0   0x00000028   Code   RO         1159    .text               mf_w.l(ffixui.o)
    0x08004b18   0x0000002c   Code   RO         1161    .text               mf_w.l(f2d.o)
    0x08004b44   0x00000038   Code   RO         1163    .text               mf_w.l(d2f.o)
    0x08004b7c   0x0000002c   Code   RO         1172    .text               mc_w.l(uidiv.o)
    0x08004ba8   0x00000062   Code   RO         1174    .text               mc_w.l(uldiv.o)
    0x08004c0a   0x00000000   Code   RO         1176    .text               mc_w.l(iusefp.o)
    0x08004c0a   0x0000006c   Code   RO         1177    .text               mf_w.l(fepilogue.o)
    0x08004c76   0x000000be   Code   RO         1179    .text               mf_w.l(depilogue.o)
    0x08004d34   0x0000014c   Code   RO         1181    .text               mf_w.l(dadd.o)
    0x08004e80   0x000000e0   Code   RO         1183    .text               mf_w.l(dmul.o)
    0x08004f60   0x00000030   Code   RO         1185    .text               mf_w.l(dfixul.o)
    0x08004f90   0x00000028   Code   RO         1187    .text               mf_w.l(cdrcmple.o)
    0x08004fb8   0x00000024   Code   RO         1189    .text               mc_w.l(init.o)
    0x08004fdc   0x0000001e   Code   RO         1191    .text               mc_w.l(llshl.o)
    0x08004ffa   0x00000020   Code   RO         1193    .text               mc_w.l(llushr.o)
    0x0800501a   0x00000024   Code   RO         1195    .text               mc_w.l(llsshr.o)
    0x0800503e   0x00000002   PAD
    0x08005040   0x00000020   Code   RO         1023    i.__0printf$5       mc_w.l(printf5.o)
    0x08005060   0x00000020   Code   RO         1129    i.__0vsprintf       mc_w.l(printfa.o)
    0x08005080   0x0000000e   Code   RO         1199    i.__scatterload_copy  mc_w.l(handlers.o)
    0x0800508e   0x00000002   Code   RO         1200    i.__scatterload_null  mc_w.l(handlers.o)
    0x08005090   0x0000000e   Code   RO         1201    i.__scatterload_zeroinit  mc_w.l(handlers.o)
    0x0800509e   0x00000002   PAD
    0x080050a0   0x00000158   Code   RO         1130    i._fp_digits        mc_w.l(printfa.o)
    0x080051f8   0x000002d0   Code   RO         1030    i._printf_core      mc_w.l(printf5.o)
    0x080054c8   0x00000704   Code   RO         1131    i._printf_core      mc_w.l(printfa.o)
    0x08005bcc   0x00000026   Code   RO         1132    i._printf_post_padding  mc_w.l(printfa.o)
    0x08005bf2   0x00000030   Code   RO         1133    i._printf_pre_padding  mc_w.l(printfa.o)
    0x08005c22   0x0000000a   Code   RO         1135    i._sputc            mc_w.l(printfa.o)
    0x08005c2c   0x00000005   Data   RO          824    .conststring        sim900a.o
    0x08005c31   0x00000003   PAD
    0x08005c34   0x00000020   Data   RO         1197    Region$$Table       anon$$obj.o


    Execution Region RW_IRAM1 (Base: 0x20000000, Size: 0x000053b8, Max: 0x00010000, ABSOLUTE)

    Base Addr    Size         Type   Attr      Idx    E Section Name        Object

    0x20000000   0x00000038   Data   RW          108    .data               tasks.o
    0x20000038   0x00000004   Data   RW          127    .data               port.o
    0x2000003c   0x00000018   Data   RW          152    .data               heap_2.o
    0x20000054   0x00000014   Data   RW          176    .data               system_stm32f10x.o
    0x20000068   0x00000014   Data   RW          488    .data               stm32f10x_rcc.o
    0x2000007c   0x00000004   Data   RW          581    .data               main.o
    0x20000080   0x00000002   Data   RW          663    .data               usart.o
    0x20000082   0x00000002   PAD
    0x20000084   0x00000004   Data   RW          688    .data               vprintstring.o
    0x20000088   0x00000008   Data   RW          703    .data               gpio.o
    0x20000090   0x0000000a   Data   RW          721    .data               pwm.o
    0x2000009a   0x00000004   Data   RW          789    .data               uart4.o
    0x2000009e   0x00000002   PAD
    0x200000a0   0x0000000a   Data   RW          825    .data               sim900a.o
    0x200000aa   0x00000002   PAD
    0x200000ac   0x00000004   Data   RW          881    .data               mc_w.l(stdout.o)
    0x200000b0   0x000000c8   Zero   RW          107    .bss                tasks.o
    0x20000178   0x00004400   Zero   RW          151    .bss                heap_2.o
    0x20004578   0x000000c8   Zero   RW          662    .bss                usart.o
    0x20004640   0x00000014   Zero   RW          736    .bss                adc.o
    0x20004654   0x00000004   PAD
    0x20004658   0x0000082c   Zero   RW          763    .bss                usart2.o
    0x20004e84   0x00000004   PAD
    0x20004e88   0x0000012c   Zero   RW          788    .bss                uart4.o
    0x20004fb4   0x00000004   PAD
    0x20004fb8   0x00000400   Zero   RW          573    STACK               startup_stm32f10x_hd_rtos.o


==============================================================================

Image component sizes


      Code (inc. data)   RO Data    RW Data    ZI Data      Debug   Object Name

       428         26          0          0         20       1065   adc.o
         0          0          0          0          0      10444   croutine.o
       180         14          0          0          0        697   dac.o
         0          0          0          0          0       1248   event_groups.o
       172         34          0          8          0       1044   gpio.o
       292         20          0         24      17408       2984   heap_2.o
       148          0          0          0          0       1706   list.o
       848        244          0          4          0       3700   main.o
       220         20          0          0          0     215645   misc.o
       370         30          0          4          0       4175   port.o
       360         42          0         10          0       1241   pwm.o
      1452          0          0          0          0      11330   queue.o
       460        174          5         10          0       1651   sim900a.o
        36          8        304          0       1024        836   startup_stm32f10x_hd_rtos.o
      1084         26          0          0          0      10985   stm32f10x_adc.o
       360          6          0          0          0       3538   stm32f10x_dac.o
       592          8          0          0          0       4330   stm32f10x_dma.o
       856         40          0          0          0       5697   stm32f10x_gpio.o
        26          0          0          0          0       1134   stm32f10x_it.o
       928         44          0         20          0       8824   stm32f10x_rcc.o
      3502         86          0          0          0      22868   stm32f10x_tim.o
      1036         20          0          0          0       8444   stm32f10x_usart.o
       456         36          0         20          0      59963   system_stm32f10x.o
      3040        202          0         56        200      14367   tasks.o
       200         18          0          0          0        632   timer4.o
       480         36          0          4        300       2167   uart4.o
       352         16          0          2        200       2799   usart.o
       336         20          0          0       2092       2210   usart2.o
        76         14          0          4          0        753   vprintstring.o

    ----------------------------------------------------------------------
     18296       1184        344        172      21256     406477   Object Totals
         0          0         32          0          0          0   (incl. Generated)
         6          0          3          6         12          0   (incl. Padding)

    ----------------------------------------------------------------------

      Code (inc. data)   RO Data    RW Data    ZI Data      Debug   Library Member Name

         0          0          0          0          0          0   entry.o
         8          4          0          0          0          0   entry2.o
         4          0          0          0          0          0   entry5.o
         0          0          0          0          0          0   entry7b.o
         8          4          0          0          0          0   entry8.o
        30          0          0          0          0          0   handlers.o
        36          8          0          0          0         68   init.o
         0          0          0          0          0          0   iusefp.o
        30          0          0          0          0         68   llshl.o
        36          0          0          0          0         68   llsshr.o
        32          0          0          0          0         68   llushr.o
        36          0          0          0          0         68   memcpya.o
       752         54          0          0          0        184   printf5.o
      2268         82          0          0          0        508   printfa.o
         0          0          0          4          0          0   stdout.o
        16          0          0          0          0         68   strlen.o
        44          0          0          0          0         80   strstr.o
        44          0          0          0          0         80   uidiv.o
        98          0          0          0          0         92   uldiv.o
        40          2          0          0          0         68   cdrcmple.o
        56          0          0          0          0         88   d2f.o
       332          0          0          0          0        148   dadd.o
       222          0          0          0          0        100   ddiv.o
       190          0          0          0          0        176   depilogue.o
        48          0          0          0          0         68   dfixul.o
       224          0          0          0          0         96   dmul.o
        44          0          0          0          0         68   f2d.o
       128          0          0          0          0         88   fdiv.o
       108          0          0          0          0        168   fepilogue.o
        40          0          0          0          0         68   ffixui.o
        10          0          0          0          0         68   ffltui.o
       108          0          0          0          0         76   fmul.o

    ----------------------------------------------------------------------
      4996        154          0          4          0       2632   Library Totals
         4          0          0          0          0          0   (incl. Padding)

    ----------------------------------------------------------------------

      Code (inc. data)   RO Data    RW Data    ZI Data      Debug   Library Name

      3442        152          0          4          0       1352   mc_w.l
      1550          2          0          0          0       1280   mf_w.l

    ----------------------------------------------------------------------
      4996        154          0          4          0       2632   Library Totals

    ----------------------------------------------------------------------

==============================================================================


      Code (inc. data)   RO Data    RW Data    ZI Data      Debug   

     23292       1338        344        176      21256     405001   Grand Totals
     23292       1338        344        176      21256     405001   ELF Image Totals
     23292       1338        344        176          0          0   ROM Totals

==============================================================================

    Total RO  Size (Code + RO Data)                23636 (  23.08kB)
    Total RW  Size (RW Data + ZI Data)             21432 (  20.93kB)
    Total ROM Size (Code + RO Data + RW Data)      23812 (  23.25kB)

==============================================================================

