ARM Linker, 4.1 [Build 894] [Standard]

==============================================================================

Section Cross References

    croutine.o(.text) refers to list.o(.text) for vListInitialise
    croutine.o(.text) refers to heap_2.o(.text) for pvPortMalloc
    croutine.o(.text) refers to port.o(.emb_text) for ulPortSetInterruptMask
    croutine.o(.text) refers to tasks.o(.text) for xTaskGetTickCount
    croutine.o(.text) refers to croutine.o(.bss) for pxReadyCoRoutineLists
    croutine.o(.text) refers to croutine.o(.data) for pxDelayedCoRoutineList
    event_groups.o(.text) refers to heap_2.o(.text) for pvPortMalloc
    event_groups.o(.text) refers to list.o(.text) for vListInitialise
    event_groups.o(.text) refers to tasks.o(.text) for vTaskSuspendAll
    event_groups.o(.text) refers to port.o(.text) for vPortYield
    event_groups.o(.text) refers to port.o(.emb_text) for ulPortSetInterruptMask
    queue.o(.text) refers to port.o(.text) for vPortEnterCritical
    queue.o(.text) refers to tasks.o(.text) for xTaskRemoveFromEventList
    queue.o(.text) refers to list.o(.text) for vListInitialise
    queue.o(.text) refers to heap_2.o(.text) for pvPortMalloc
    queue.o(.text) refers to memcpya.o(.text) for __aeabi_memcpy
    queue.o(.text) refers to port.o(.emb_text) for ulPortSetInterruptMask
    tasks.o(.text) refers to list.o(.text) for vListInitialise
    tasks.o(.text) refers to heap_2.o(.text) for pvPortMalloc
    tasks.o(.text) refers to port.o(.text) for pxPortInitialiseStack
    tasks.o(.text) refers to tasks.o(.bss) for pxReadyTasksLists
    tasks.o(.text) refers to tasks.o(.data) for pxDelayedTaskList
    tasks.o(.text) refers to port.o(.emb_text) for ulPortSetInterruptMask
    port.o(.emb_text) refers to tasks.o(.text) for vTaskSwitchContext
    port.o(.emb_text) refers to tasks.o(.data) for pxCurrentTCB
    port.o(.text) refers to port.o(.emb_text) for ulPortSetInterruptMask
    port.o(.text) refers to tasks.o(.text) for xTaskIncrementTick
    port.o(.text) refers to port.o(.data) for uxCriticalNesting
    heap_2.o(.text) refers to tasks.o(.text) for vTaskSuspendAll
    heap_2.o(.text) refers to heap_2.o(.bss) for ucHeap
    heap_2.o(.text) refers to heap_2.o(.data) for xStart
    system_stm32f10x.o(.text) refers to system_stm32f10x.o(.data) for SystemCoreClock
    stm32f10x_adc.o(.text) refers to stm32f10x_rcc.o(.text) for RCC_APB2PeriphResetCmd
    stm32f10x_bkp.o(.text) refers to stm32f10x_rcc.o(.text) for RCC_BackupResetCmd
    stm32f10x_can.o(.text) refers to stm32f10x_rcc.o(.text) for RCC_APB1PeriphResetCmd
    stm32f10x_cec.o(.text) refers to stm32f10x_rcc.o(.text) for RCC_APB1PeriphResetCmd
    stm32f10x_dac.o(.text) refers to stm32f10x_rcc.o(.text) for RCC_APB1PeriphResetCmd
    stm32f10x_gpio.o(.text) refers to stm32f10x_rcc.o(.text) for RCC_APB2PeriphResetCmd
    stm32f10x_i2c.o(.text) refers to stm32f10x_rcc.o(.text) for RCC_APB1PeriphResetCmd
    stm32f10x_pwr.o(.text) refers to stm32f10x_rcc.o(.text) for RCC_APB1PeriphResetCmd
    stm32f10x_rcc.o(.text) refers to stm32f10x_rcc.o(.data) for APBAHBPrescTable
    stm32f10x_spi.o(.text) refers to stm32f10x_rcc.o(.text) for RCC_APB2PeriphResetCmd
    stm32f10x_tim.o(.text) refers to stm32f10x_rcc.o(.text) for RCC_APB2PeriphResetCmd
    stm32f10x_usart.o(.text) refers to stm32f10x_rcc.o(.text) for RCC_APB2PeriphResetCmd
    stm32f10x_wwdg.o(.text) refers to stm32f10x_rcc.o(.text) for RCC_APB1PeriphResetCmd
    startup_stm32f10x_hd_rtos.o(RESET) refers to startup_stm32f10x_hd_rtos.o(STACK) for __initial_sp
    startup_stm32f10x_hd_rtos.o(RESET) refers to startup_stm32f10x_hd_rtos.o(.text) for Reset_Handler
    startup_stm32f10x_hd_rtos.o(RESET) refers to stm32f10x_it.o(.text) for NMI_Handler
    startup_stm32f10x_hd_rtos.o(RESET) refers to port.o(.emb_text) for vPortSVCHandler
    startup_stm32f10x_hd_rtos.o(RESET) refers to port.o(.text) for xPortSysTickHandler
    startup_stm32f10x_hd_rtos.o(RESET) refers to porttimer.o(.text) for TIM2_IRQHandler
    startup_stm32f10x_hd_rtos.o(RESET) refers to timer4.o(.text) for TIM4_IRQHandler
    startup_stm32f10x_hd_rtos.o(RESET) refers to usart.o(.text) for USART1_IRQHandler
    startup_stm32f10x_hd_rtos.o(RESET) refers to portserial.o(.text) for USART2_IRQHandler
    startup_stm32f10x_hd_rtos.o(RESET) refers to uart4.o(.text) for UART4_IRQHandler
    startup_stm32f10x_hd_rtos.o(.text) refers to system_stm32f10x.o(.text) for SystemInit
    startup_stm32f10x_hd_rtos.o(.text) refers to entry.o(.ARM.Collect$$$$00000000) for __main
    usart.o(.text) refers to stm32f10x_gpio.o(.text) for GPIO_Init
    usart.o(.text) refers to misc.o(.text) for NVIC_PriorityGroupConfig
    usart.o(.text) refers to stm32f10x_rcc.o(.text) for RCC_APB2PeriphClockCmd
    usart.o(.text) refers to stm32f10x_usart.o(.text) for USART_Init
    usart.o(.text) refers to printfa.o(i.__0vsprintf) for __c89vsprintf
    usart.o(.text) refers to strlen.o(.text) for strlen
    usart.o(.text) refers to usart.o(.data) for u1_rxcounter
    usart.o(.text) refers to usart.o(.bss) for u1_rxbuffer
    gpio.o(.text) refers to stm32f10x_rcc.o(.text) for RCC_APB2PeriphClockCmd
    gpio.o(.text) refers to stm32f10x_gpio.o(.text) for GPIO_Init
    gpio.o(.text) refers to port.o(.text) for vPortEnterCritical
    gpio.o(.text) refers to tasks.o(.text) for vTaskDelay
    gpio.o(.text) refers to gpio.o(.data) for GPIOD_BUFFER
    pwm.o(.text) refers to stm32f10x_rcc.o(.text) for RCC_APB2PeriphClockCmd
    pwm.o(.text) refers to stm32f10x_gpio.o(.text) for GPIO_PinRemapConfig
    pwm.o(.text) refers to stm32f10x_tim.o(.text) for TIM_TimeBaseInit
    pwm.o(.text) refers to port.o(.text) for vPortEnterCritical
    pwm.o(.text) refers to tasks.o(.text) for vTaskDelay
    pwm.o(.text) refers to system_stm32f10x.o(.data) for SystemCoreClock
    pwm.o(.text) refers to pwm.o(.data) for PrescalerValue
    adc.o(.text) refers to stm32f10x_rcc.o(.text) for RCC_ADCCLKConfig
    adc.o(.text) refers to stm32f10x_gpio.o(.text) for GPIO_Init
    adc.o(.text) refers to stm32f10x_dma.o(.text) for DMA_DeInit
    adc.o(.text) refers to stm32f10x_adc.o(.text) for ADC_Init
    adc.o(.text) refers to adc.o(.bss) for ADC1ConvertedValue
    dac.o(.text) refers to stm32f10x_rcc.o(.text) for RCC_APB2PeriphClockCmd
    dac.o(.text) refers to stm32f10x_gpio.o(.text) for GPIO_Init
    dac.o(.text) refers to stm32f10x_dac.o(.text) for DAC_Init
    dac.o(.text) refers to ffltui.o(.text) for __aeabi_ui2f
    dac.o(.text) refers to fdiv.o(.text) for __aeabi_fdiv
    dac.o(.text) refers to fmul.o(.text) for __aeabi_fmul
    dac.o(.text) refers to f2d.o(.text) for __aeabi_f2d
    dac.o(.text) refers to ddiv.o(.text) for __aeabi_ddiv
    dac.o(.text) refers to d2f.o(.text) for __aeabi_d2f
    dac.o(.text) refers to ffixui.o(.text) for __aeabi_f2uiz
    sim900a.o(.text) refers to strstr.o(.text) for strstr
    sim900a.o(.text) refers to stm32f10x_usart.o(.text) for USART_SendData
    sim900a.o(.text) refers to tasks.o(.text) for vTaskDelay
    sim900a.o(.text) refers to uart4.o(.text) for u4_printf
    sim900a.o(.text) refers to uart4.o(.data) for UART4_RX_STA
    sim900a.o(.text) refers to uart4.o(.bss) for UART4_RX_BUF
    sim900a.o(.text) refers to sim900a.o(.data) for Sim900a_Timeout
    sim900a.o(.data) refers to sim900a.o(.conststring) for .conststring
    main.o(.text) refers to stm32f10x_gpio.o(.text) for GPIO_SetBits
    main.o(.text) refers to tasks.o(.text) for vTaskDelay
    main.o(.text) refers to dac.o(.text) for Dac1_Set_Vol
    main.o(.text) refers to queue.o(.text) for xQueueGenericReceive
    main.o(.text) refers to usart2.o(.text) for u2_printf
    main.o(.text) refers to sim900a.o(.text) for sim900a_send_cmd
    main.o(.text) refers to usart.o(.text) for u1_printf
    main.o(.text) refers to vprintstring.o(.data) for xMutex_vPrintString
    main.o(.text) refers to gpio.o(.data) for GPIOG_BUFFER
    main.o(.text) refers to adc.o(.bss) for ADC1ConvertedValue
    main.o(.text) refers to stdout.o(.data) for __stdout
    nvic.o(.text) refers to misc.o(.text) for NVIC_PriorityGroupConfig
    timer4.o(.text) refers to stm32f10x_rcc.o(.text) for RCC_APB1PeriphClockCmd
    timer4.o(.text) refers to stm32f10x_tim.o(.text) for TIM_TimeBaseInit
    timer4.o(.text) refers to misc.o(.text) for NVIC_Init
    timer4.o(.text) refers to uart4.o(.data) for UART4_Timeout
    timer4.o(.text) refers to sim900a.o(.data) for Sim900a_Timeout
    uart4.o(.text) refers to stm32f10x_rcc.o(.text) for RCC_AHBPeriphClockCmd
    uart4.o(.text) refers to stm32f10x_gpio.o(.text) for GPIO_Init
    uart4.o(.text) refers to stm32f10x_dma.o(.text) for DMA_DeInit
    uart4.o(.text) refers to misc.o(.text) for NVIC_PriorityGroupConfig
    uart4.o(.text) refers to stm32f10x_usart.o(.text) for USART_Init
    uart4.o(.text) refers to printfa.o(i.__0vsprintf) for __c89vsprintf
    uart4.o(.text) refers to strlen.o(.text) for strlen
    uart4.o(.text) refers to tasks.o(.text) for vTaskDelay
    uart4.o(.text) refers to uart4.o(.bss) for DMA_InitStructure
    uart4.o(.text) refers to uart4.o(.data) for UART4_RX_STA
    usart2.o(.text) refers to stm32f10x_rcc.o(.text) for RCC_AHBPeriphClockCmd
    usart2.o(.text) refers to stm32f10x_gpio.o(.text) for GPIO_Init
    usart2.o(.text) refers to stm32f10x_dma.o(.text) for DMA_DeInit
    usart2.o(.text) refers to stm32f10x_usart.o(.text) for USART_Init
    usart2.o(.text) refers to printfa.o(i.__0vsprintf) for __c89vsprintf
    usart2.o(.text) refers to strlen.o(.text) for strlen
    usart2.o(.text) refers to tasks.o(.text) for vTaskDelay
    usart2.o(.text) refers to usart2.o(.bss) for DMA_InitStructure
    vprintstring.o(.text) refers to queue.o(.text) for xQueueCreateMutex
    vprintstring.o(.text) refers to vprintstring.o(.data) for xMutex_vPrintString
    mb.o(.text) refers to mbrtu.o(.text) for eMBRTUInit
    mb.o(.text) refers to mbascii.o(.text) for eMBASCIIInit
    mb.o(.text) refers to portevent.o(.text) for xMBPortEventInit
    mb.o(.text) refers to mb.o(.data) for ucMBAddress
    mb.o(.data) refers to mbfuncother.o(.text) for eMBFuncReportSlaveID
    mb.o(.data) refers to mbfuncinput.o(.text) for eMBFuncReadInputRegister
    mb.o(.data) refers to mbfuncholding.o(.text) for eMBFuncReadHoldingRegister
    mb.o(.data) refers to mbfunccoils.o(.text) for eMBFuncReadCoils
    mb.o(.data) refers to mbfuncdisc.o(.text) for eMBFuncReadDiscreteInputs
    mbascii.o(.text) refers to portserial.o(.text) for xMBPortSerialInit
    mbascii.o(.text) refers to porttimer.o(.text) for xMBPortTimersInit
    mbascii.o(.text) refers to portevent.o(.text) for xMBPortEventPost
    mbascii.o(.text) refers to mbascii.o(.data) for ucMBLFCharacter
    mbascii.o(.data) refers to mbrtu.o(.bss) for ucRTUBuf
    mbfunccoils.o(.text) refers to mbutils.o(.text) for prveMBError2Exception
    mbfuncdisc.o(.text) refers to mbutils.o(.text) for prveMBError2Exception
    mbfuncholding.o(.text) refers to mbutils.o(.text) for prveMBError2Exception
    mbfuncinput.o(.text) refers to mbutils.o(.text) for prveMBError2Exception
    mbfuncother.o(.text) refers to memcpya.o(.text) for __aeabi_memcpy
    mbfuncother.o(.text) refers to mbfuncother.o(.data) for usMBSlaveIDLen
    mbfuncother.o(.text) refers to mbfuncother.o(.bss) for ucMBSlaveID
    mbcrc.o(.text) refers to mbcrc.o(.constdata) for aucCRCHi
    mbrtu.o(.text) refers to portserial.o(.text) for xMBPortSerialInit
    mbrtu.o(.text) refers to porttimer.o(.text) for xMBPortTimersInit
    mbrtu.o(.text) refers to mbcrc.o(.text) for usMBCRC16
    mbrtu.o(.text) refers to portevent.o(.text) for xMBPortEventPost
    mbrtu.o(.text) refers to mbrtu.o(.data) for eRcvState
    mbrtu.o(.text) refers to mbrtu.o(.bss) for ucRTUBuf
    portevent.o(.text) refers to portevent.o(.data) for xEventInQueue
    portserial.o(.text) refers to stm32f10x_rcc.o(.text) for RCC_APB2PeriphClockCmd
    portserial.o(.text) refers to stm32f10x_gpio.o(.text) for GPIO_Init
    portserial.o(.text) refers to misc.o(.text) for NVIC_PriorityGroupConfig
    portserial.o(.text) refers to stm32f10x_usart.o(.text) for USART_Init
    portserial.o(.text) refers to mb.o(.data) for pxMBFrameCBTransmitterEmpty
    porttimer.o(.text) refers to stm32f10x_rcc.o(.text) for RCC_APB1PeriphClockCmd
    porttimer.o(.text) refers to stm32f10x_tim.o(.text) for TIM_TimeBaseInit
    porttimer.o(.text) refers to misc.o(.text) for NVIC_PriorityGroupConfig
    porttimer.o(.text) refers to mb.o(.data) for pxMBPortCBTimerExpired
    entry.o(.ARM.Collect$$$$00000000) refers (Special) to entry7b.o(.ARM.Collect$$$$00000008) for _main_clock
    entry.o(.ARM.Collect$$$$00000000) refers (Special) to entry8.o(.ARM.Collect$$$$00000009) for _main_init
    entry.o(.ARM.Collect$$$$00000000) refers (Special) to entry5.o(.ARM.Collect$$$$00000004) for _main_scatterload
    entry.o(.ARM.Collect$$$$00000000) refers (Special) to entry2.o(.ARM.Collect$$$$00000001) for _main_stk
    printfa.o(i.__0fprintf) refers (Special) to iusefp.o(.text) for __I$use$fp
    printfa.o(i.__0fprintf) refers to printfa.o(i._printf_core) for _printf_core
    printfa.o(i.__0fprintf) refers to fputc.o(i.fputc) for fputc
    printfa.o(i.__0printf) refers (Special) to iusefp.o(.text) for __I$use$fp
    printfa.o(i.__0printf) refers to printfa.o(i._printf_core) for _printf_core
    printfa.o(i.__0printf) refers to fputc.o(i.fputc) for fputc
    printfa.o(i.__0printf) refers to stdout.o(.data) for __stdout
    printfa.o(i.__0snprintf) refers (Special) to iusefp.o(.text) for __I$use$fp
    printfa.o(i.__0snprintf) refers to printfa.o(i._printf_core) for _printf_core
    printfa.o(i.__0snprintf) refers to printfa.o(i._snputc) for _snputc
    printfa.o(i.__0sprintf) refers (Special) to iusefp.o(.text) for __I$use$fp
    printfa.o(i.__0sprintf) refers to printfa.o(i._printf_core) for _printf_core
    printfa.o(i.__0sprintf) refers to printfa.o(i._sputc) for _sputc
    printfa.o(i.__0vfprintf) refers (Special) to iusefp.o(.text) for __I$use$fp
    printfa.o(i.__0vfprintf) refers to printfa.o(i._printf_core) for _printf_core
    printfa.o(i.__0vfprintf) refers to fputc.o(i.fputc) for fputc
    printfa.o(i.__0vprintf) refers (Special) to iusefp.o(.text) for __I$use$fp
    printfa.o(i.__0vprintf) refers to printfa.o(i._printf_core) for _printf_core
    printfa.o(i.__0vprintf) refers to fputc.o(i.fputc) for fputc
    printfa.o(i.__0vprintf) refers to stdout.o(.data) for __stdout
    printfa.o(i.__0vsnprintf) refers (Special) to iusefp.o(.text) for __I$use$fp
    printfa.o(i.__0vsnprintf) refers to printfa.o(i._printf_core) for _printf_core
    printfa.o(i.__0vsnprintf) refers to printfa.o(i._snputc) for _snputc
    printfa.o(i.__0vsprintf) refers (Special) to iusefp.o(.text) for __I$use$fp
    printfa.o(i.__0vsprintf) refers to printfa.o(i._printf_core) for _printf_core
    printfa.o(i.__0vsprintf) refers to printfa.o(i._sputc) for _sputc
    printfa.o(i._fp_digits) refers (Special) to iusefp.o(.text) for __I$use$fp
    printfa.o(i._fp_digits) refers to dmul.o(.text) for __aeabi_dmul
    printfa.o(i._fp_digits) refers to ddiv.o(.text) for __aeabi_ddiv
    printfa.o(i._fp_digits) refers to cdrcmple.o(.text) for __aeabi_cdrcmple
    printfa.o(i._fp_digits) refers to dadd.o(.text) for __aeabi_dadd
    printfa.o(i._fp_digits) refers to dfixul.o(.text) for __aeabi_d2ulz
    printfa.o(i._fp_digits) refers to uldiv.o(.text) for __aeabi_uldivmod
    printfa.o(i._printf_core) refers (Special) to iusefp.o(.text) for __I$use$fp
    printfa.o(i._printf_core) refers to printfa.o(i._printf_pre_padding) for _printf_pre_padding
    printfa.o(i._printf_core) refers to uldiv.o(.text) for __aeabi_uldivmod
    printfa.o(i._printf_core) refers to printfa.o(i._printf_post_padding) for _printf_post_padding
    printfa.o(i._printf_core) refers to printfa.o(i._fp_digits) for _fp_digits
    printfa.o(i._printf_core) refers to uidiv.o(.text) for __aeabi_uidivmod
    printfa.o(i._printf_post_padding) refers (Special) to iusefp.o(.text) for __I$use$fp
    printfa.o(i._printf_pre_padding) refers (Special) to iusefp.o(.text) for __I$use$fp
    printfa.o(i._snputc) refers (Special) to iusefp.o(.text) for __I$use$fp
    printfa.o(i._sputc) refers (Special) to iusefp.o(.text) for __I$use$fp
    fmul.o(.text) refers (Special) to iusefp.o(.text) for __I$use$fp
    fdiv.o(.text) refers (Special) to iusefp.o(.text) for __I$use$fp
    fdiv.o(.text) refers to fepilogue.o(.text) for _float_round
    ddiv.o(.text) refers (Special) to iusefp.o(.text) for __I$use$fp
    ddiv.o(.text) refers to depilogue.o(.text) for _double_round
    ffltui.o(.text) refers (Special) to iusefp.o(.text) for __I$use$fp
    ffltui.o(.text) refers to fepilogue.o(.text) for _float_epilogue
    ffixui.o(.text) refers (Special) to iusefp.o(.text) for __I$use$fp
    f2d.o(.text) refers (Special) to iusefp.o(.text) for __I$use$fp
    d2f.o(.text) refers (Special) to iusefp.o(.text) for __I$use$fp
    d2f.o(.text) refers to fepilogue.o(.text) for _float_round
    entry2.o(.ARM.Collect$$$$00000001) refers to entry2.o(.ARM.Collect$$$$00002712) for __lit__00000000
    entry2.o(.ARM.Collect$$$$00002712) refers to startup_stm32f10x_hd_rtos.o(STACK) for __initial_sp
    entry2.o(__vectab_stack_and_reset_area) refers to startup_stm32f10x_hd_rtos.o(STACK) for __initial_sp
    entry2.o(__vectab_stack_and_reset_area) refers to entry.o(.ARM.Collect$$$$00000000) for __main
    entry5.o(.ARM.Collect$$$$00000004) refers to init.o(.text) for __scatterload
    entry8.o(.ARM.Collect$$$$00000009) refers to main.o(.text) for main
    fputc.o(i.fputc) refers (Special) to iusesemip.o(.text) for __I$use$semihosting$fputc
    fputc.o(i.fputc) refers (Special) to semi.o(.text) for __semihosting_library_function
    uldiv.o(.text) refers to llushr.o(.text) for __aeabi_llsr
    uldiv.o(.text) refers to llshl.o(.text) for __aeabi_llsl
    depilogue.o(.text) refers to llshl.o(.text) for __aeabi_llsl
    depilogue.o(.text) refers to llushr.o(.text) for __aeabi_llsr
    dadd.o(.text) refers to llshl.o(.text) for __aeabi_llsl
    dadd.o(.text) refers to llsshr.o(.text) for __aeabi_lasr
    dadd.o(.text) refers to depilogue.o(.text) for _double_epilogue
    dmul.o(.text) refers to depilogue.o(.text) for _double_epilogue
    dfixul.o(.text) refers to llushr.o(.text) for __aeabi_llsr
    dfixul.o(.text) refers to llshl.o(.text) for __aeabi_llsl
    init.o(.text) refers to entry5.o(.ARM.Collect$$$$00000004) for __main_after_scatterload


==============================================================================

Removing Unused input sections from the image.

    Removing croutine.o(.text), (752 bytes).
    Removing croutine.o(.bss), (100 bytes).
    Removing croutine.o(.data), (28 bytes).
    Removing event_groups.o(.text), (662 bytes).
    Removing core_cm3.o(.emb_text), (32 bytes).
    Removing stm32f10x_adc.o(.text), (1084 bytes).
    Removing stm32f10x_bkp.o(.text), (172 bytes).
    Removing stm32f10x_can.o(.text), (2548 bytes).
    Removing stm32f10x_cec.o(.text), (288 bytes).
    Removing stm32f10x_crc.o(.text), (72 bytes).
    Removing stm32f10x_dbgmcu.o(.text), (48 bytes).
    Removing stm32f10x_exti.o(.text), (284 bytes).
    Removing stm32f10x_flash.o(.text), (1464 bytes).
    Removing stm32f10x_fsmc.o(.text), (1560 bytes).
    Removing stm32f10x_i2c.o(.text), (1008 bytes).
    Removing stm32f10x_iwdg.o(.text), (64 bytes).
    Removing stm32f10x_pwr.o(.text), (204 bytes).
    Removing stm32f10x_rtc.o(.text), (336 bytes).
    Removing stm32f10x_sdio.o(.text), (464 bytes).
    Removing stm32f10x_spi.o(.text), (784 bytes).
    Removing stm32f10x_wwdg.o(.text), (124 bytes).
    Removing startup_stm32f10x_hd_rtos.o(HEAP), (512 bytes).
    Removing gpio.o(.text), (172 bytes).
    Removing pwm.o(.text), (360 bytes).
    Removing pwm.o(.data), (10 bytes).
    Removing adc.o(.text), (428 bytes).
    Removing sim900a.o(.bss), (16 bytes).
    Removing main.o(.data), (4 bytes).
    Removing nvic.o(.text), (12 bytes).
    Removing vprintstring.o(.text), (20 bytes).
    Removing mb.o(.text), (844 bytes).
    Removing mbascii.o(.text), (940 bytes).
    Removing mbascii.o(.data), (20 bytes).
    Removing mbcrc.o(.text), (56 bytes).
    Removing mbcrc.o(.constdata), (512 bytes).
    Removing mbrtu.o(.text), (636 bytes).
    Removing mbrtu.o(.bss), (256 bytes).
    Removing mbrtu.o(.data), (12 bytes).
    Removing portevent.o(.text), (60 bytes).
    Removing portevent.o(.data), (2 bytes).

40 unused section(s) (total 16950 bytes) removed from the image.

==============================================================================

Memory Map of the image

  Image Entry point : 0x00000000

  Load Region LR_IROM1 (Base: 0x08000000, Size: 0x00005974, Max: 0x00080000, ABSOLUTE)

    Execution Region ER_IROM1 (Base: 0x08000000, Size: 0x00005810, Max: 0x00080000, ABSOLUTE)

    Base Addr    Size         Type   Attr      Idx    E Section Name        Object

    0x08000000   0x00000130   Data   RO          575    RESET               startup_stm32f10x_hd_rtos.o
    0x08000130   0x00000000   Code   RO         1104  * .ARM.Collect$$$$00000000  mc_w.l(entry.o)
    0x08000130   0x00000004   Code   RO         1194    .ARM.Collect$$$$00000001  mc_w.l(entry2.o)
    0x08000134   0x00000004   Code   RO         1197    .ARM.Collect$$$$00000004  mc_w.l(entry5.o)
    0x08000138   0x00000000   Code   RO         1199    .ARM.Collect$$$$00000008  mc_w.l(entry7b.o)
    0x08000138   0x00000008   Code   RO         1200    .ARM.Collect$$$$00000009  mc_w.l(entry8.o)
    0x08000140   0x00000004   Code   RO         1195    .ARM.Collect$$$$00002712  mc_w.l(entry2.o)
    0x08000144   0x0000009e   Code   RO          125    .emb_text           port.o
    0x080001e2   0x00000094   Code   RO           76    .text               list.o
    0x08000276   0x000005ac   Code   RO           88    .text               queue.o
    0x08000822   0x00000002   PAD
    0x08000824   0x00000be0   Code   RO          106    .text               tasks.o
    0x08001404   0x000000d4   Code   RO          126    .text               port.o
    0x080014d8   0x00000124   Code   RO          150    .text               heap_2.o
    0x080015fc   0x000001c8   Code   RO          175    .text               system_stm32f10x.o
    0x080017c4   0x000000dc   Code   RO          272    .text               misc.o
    0x080018a0   0x00000168   Code   RO          367    .text               stm32f10x_dac.o
    0x08001a08   0x00000250   Code   RO          391    .text               stm32f10x_dma.o
    0x08001c58   0x00000358   Code   RO          439    .text               stm32f10x_gpio.o
    0x08001fb0   0x000003a0   Code   RO          487    .text               stm32f10x_rcc.o
    0x08002350   0x00000dae   Code   RO          537    .text               stm32f10x_tim.o
    0x080030fe   0x00000002   PAD
    0x08003100   0x0000040c   Code   RO          549    .text               stm32f10x_usart.o
    0x0800350c   0x00000024   Code   RO          576    .text               startup_stm32f10x_hd_rtos.o
    0x08003530   0x0000001a   Code   RO          580    .text               stm32f10x_it.o
    0x0800354a   0x00000002   PAD
    0x0800354c   0x000001b0   Code   RO          595    .text               usart.o
    0x080036fc   0x000000b4   Code   RO          685    .text               dac.o
    0x080037b0   0x000001cc   Code   RO          700    .text               sim900a.o
    0x0800397c   0x00000180   Code   RO          734    .text               main.o
    0x08003afc   0x000000c8   Code   RO          792    .text               timer4.o
    0x08003bc4   0x000001e0   Code   RO          804    .text               uart4.o
    0x08003da4   0x00000150   Code   RO          827    .text               usart2.o
    0x08003ef4   0x000001ae   Code   RO          930    .text               mbfunccoils.o
    0x080040a2   0x000000ac   Code   RO          945    .text               mbfuncdisc.o
    0x0800414e   0x00000210   Code   RO          957    .text               mbfuncholding.o
    0x0800435e   0x0000008c   Code   RO          969    .text               mbfuncinput.o
    0x080043ea   0x00000002   PAD
    0x080043ec   0x00000094   Code   RO          981    .text               mbfuncother.o
    0x08004480   0x000000ac   Code   RO          996    .text               mbutils.o
    0x0800452c   0x00000184   Code   RO         1070    .text               portserial.o
    0x080046b0   0x000000f8   Code   RO         1092    .text               porttimer.o
    0x080047a8   0x00000024   Code   RO         1144    .text               mc_w.l(memcpya.o)
    0x080047cc   0x0000002c   Code   RO         1146    .text               mc_w.l(strstr.o)
    0x080047f8   0x00000010   Code   RO         1148    .text               mc_w.l(strlen.o)
    0x08004808   0x0000006c   Code   RO         1180    .text               mf_w.l(fmul.o)
    0x08004874   0x00000080   Code   RO         1182    .text               mf_w.l(fdiv.o)
    0x080048f4   0x000000de   Code   RO         1184    .text               mf_w.l(ddiv.o)
    0x080049d2   0x0000000a   Code   RO         1186    .text               mf_w.l(ffltui.o)
    0x080049dc   0x00000028   Code   RO         1188    .text               mf_w.l(ffixui.o)
    0x08004a04   0x0000002c   Code   RO         1190    .text               mf_w.l(f2d.o)
    0x08004a30   0x00000038   Code   RO         1192    .text               mf_w.l(d2f.o)
    0x08004a68   0x0000002c   Code   RO         1203    .text               mc_w.l(uidiv.o)
    0x08004a94   0x00000062   Code   RO         1205    .text               mc_w.l(uldiv.o)
    0x08004af6   0x00000000   Code   RO         1207    .text               mc_w.l(iusefp.o)
    0x08004af6   0x0000006c   Code   RO         1208    .text               mf_w.l(fepilogue.o)
    0x08004b62   0x000000be   Code   RO         1210    .text               mf_w.l(depilogue.o)
    0x08004c20   0x0000014c   Code   RO         1212    .text               mf_w.l(dadd.o)
    0x08004d6c   0x000000e0   Code   RO         1214    .text               mf_w.l(dmul.o)
    0x08004e4c   0x00000030   Code   RO         1216    .text               mf_w.l(dfixul.o)
    0x08004e7c   0x00000028   Code   RO         1218    .text               mf_w.l(cdrcmple.o)
    0x08004ea4   0x00000024   Code   RO         1220    .text               mc_w.l(init.o)
    0x08004ec8   0x0000001e   Code   RO         1223    .text               mc_w.l(llshl.o)
    0x08004ee6   0x00000020   Code   RO         1225    .text               mc_w.l(llushr.o)
    0x08004f06   0x00000024   Code   RO         1227    .text               mc_w.l(llsshr.o)
    0x08004f2a   0x00000002   PAD
    0x08004f2c   0x00000020   Code   RO         1159    i.__0vsprintf       mc_w.l(printfa.o)
    0x08004f4c   0x00000158   Code   RO         1160    i._fp_digits        mc_w.l(printfa.o)
    0x080050a4   0x00000704   Code   RO         1161    i._printf_core      mc_w.l(printfa.o)
    0x080057a8   0x00000026   Code   RO         1162    i._printf_post_padding  mc_w.l(printfa.o)
    0x080057ce   0x00000030   Code   RO         1163    i._printf_pre_padding  mc_w.l(printfa.o)
    0x080057fe   0x0000000a   Code   RO         1165    i._sputc            mc_w.l(printfa.o)
    0x08005808   0x00000005   Data   RO          702    .conststring        sim900a.o
    0x0800580d   0x00000003   PAD
    0x08005810   0x00000000   Data   RO         1230    Region$$Table       anon$$obj.o


    Execution Region RW_IRAM1 (Base: 0x20000000, Size: 0x000054c0, Max: 0x00010000, ABSOLUTE)

    Base Addr    Size         Type   Attr      Idx    E Section Name        Object

    0x20000000   0x00000038   Data   RW          108    .data               tasks.o
    0x20000038   0x00000004   Data   RW          127    .data               port.o
    0x2000003c   0x00000018   Data   RW          152    .data               heap_2.o
    0x20000054   0x00000014   Data   RW          176    .data               system_stm32f10x.o
    0x20000068   0x00000014   Data   RW          488    .data               stm32f10x_rcc.o
    0x2000007c   0x0000000a   Data   RW          597    .data               usart.o
    0x20000086   0x00000008   Data   RW          625    .data               gpio.o
    0x2000008e   0x00000002   PAD
    0x20000090   0x0000000a   Data   RW          703    .data               sim900a.o
    0x2000009a   0x00000004   Data   RW          806    .data               uart4.o
    0x2000009e   0x00000002   PAD
    0x200000a0   0x00000004   Data   RW          843    .data               vprintstring.o
    0x200000a4   0x000000b8   Data   RW          858    .data               mb.o
    0x2000015c   0x00000002   Data   RW          983    .data               mbfuncother.o
    0x2000015e   0x00000002   PAD
    0x20000160   0x00000004   Data   RW         1143    .data               mc_w.l(stdout.o)
    0x20000164   0x000000c8   Zero   RW          107    .bss                tasks.o
    0x2000022c   0x00004400   Zero   RW          151    .bss                heap_2.o
    0x2000462c   0x00000100   Zero   RW          596    .bss                usart.o
    0x2000472c   0x00000014   Zero   RW          668    .bss                adc.o
    0x20004740   0x0000012c   Zero   RW          805    .bss                uart4.o
    0x2000486c   0x00000004   PAD
    0x20004870   0x0000082c   Zero   RW          828    .bss                usart2.o
    0x2000509c   0x00000020   Zero   RW          982    .bss                mbfuncother.o
    0x200050bc   0x00000004   PAD
    0x200050c0   0x00000400   Zero   RW          573    STACK               startup_stm32f10x_hd_rtos.o

