ARM Linker, 5.03 [Build 76] [MDK-ARM Professional]

==============================================================================

Section Cross References

    croutine.o(.text) refers to list.o(.text) for vListInitialise
    croutine.o(.text) refers to heap_2.o(.text) for pvPortMalloc
    croutine.o(.text) refers to port.o(.emb_text) for ulPortSetInterruptMask
    croutine.o(.text) refers to tasks.o(.text) for xTaskGetTickCount
    croutine.o(.text) refers to croutine.o(.bss) for pxReadyCoRoutineLists
    croutine.o(.text) refers to croutine.o(.data) for pxDelayedCoRoutineList
    event_groups.o(.text) refers to heap_2.o(.text) for pvPortMalloc
    event_groups.o(.text) refers to list.o(.text) for vListInitialise
    event_groups.o(.text) refers to tasks.o(.text) for vTaskSuspendAll
    event_groups.o(.text) refers to port.o(.text) for vPortYield
    event_groups.o(.text) refers to port.o(.emb_text) for ulPortSetInterruptMask
    queue.o(.text) refers to port.o(.text) for vPortEnterCritical
    queue.o(.text) refers to tasks.o(.text) for xTaskRemoveFromEventList
    queue.o(.text) refers to list.o(.text) for vListInitialise
    queue.o(.text) refers to heap_2.o(.text) for pvPortMalloc
    queue.o(.text) refers to rt_memcpy_v6.o(.text) for __aeabi_memcpy
    queue.o(.text) refers to port.o(.emb_text) for ulPortSetInterruptMask
    tasks.o(.text) refers to list.o(.text) for vListInitialise
    tasks.o(.text) refers to heap_2.o(.text) for pvPortMalloc
    tasks.o(.text) refers to port.o(.text) for pxPortInitialiseStack
    tasks.o(.text) refers to tasks.o(.bss) for pxReadyTasksLists
    tasks.o(.text) refers to tasks.o(.data) for pxDelayedTaskList
    tasks.o(.text) refers to port.o(.emb_text) for ulPortSetInterruptMask
    port.o(.emb_text) refers to tasks.o(.text) for vTaskSwitchContext
    port.o(.emb_text) refers to tasks.o(.data) for pxCurrentTCB
    port.o(.text) refers to port.o(.emb_text) for ulPortSetInterruptMask
    port.o(.text) refers to tasks.o(.text) for xTaskIncrementTick
    port.o(.text) refers to port.o(.data) for uxCriticalNesting
    heap_2.o(.text) refers to tasks.o(.text) for vTaskSuspendAll
    heap_2.o(.text) refers to heap_2.o(.bss) for ucHeap
    heap_2.o(.text) refers to heap_2.o(.data) for xStart
    system_stm32f10x.o(.text) refers to system_stm32f10x.o(.data) for SystemCoreClock
    stm32f10x_adc.o(.text) refers to stm32f10x_rcc.o(.text) for RCC_APB2PeriphResetCmd
    stm32f10x_bkp.o(.text) refers to stm32f10x_rcc.o(.text) for RCC_BackupResetCmd
    stm32f10x_can.o(.text) refers to stm32f10x_rcc.o(.text) for RCC_APB1PeriphResetCmd
    stm32f10x_cec.o(.text) refers to stm32f10x_rcc.o(.text) for RCC_APB1PeriphResetCmd
    stm32f10x_dac.o(.text) refers to stm32f10x_rcc.o(.text) for RCC_APB1PeriphResetCmd
    stm32f10x_gpio.o(.text) refers to stm32f10x_rcc.o(.text) for RCC_APB2PeriphResetCmd
    stm32f10x_i2c.o(.text) refers to stm32f10x_rcc.o(.text) for RCC_APB1PeriphResetCmd
    stm32f10x_pwr.o(.text) refers to stm32f10x_rcc.o(.text) for RCC_APB1PeriphResetCmd
    stm32f10x_rcc.o(.text) refers to stm32f10x_rcc.o(.data) for APBAHBPrescTable
    stm32f10x_spi.o(.text) refers to stm32f10x_rcc.o(.text) for RCC_APB2PeriphResetCmd
    stm32f10x_tim.o(.text) refers to stm32f10x_rcc.o(.text) for RCC_APB2PeriphResetCmd
    stm32f10x_usart.o(.text) refers to stm32f10x_rcc.o(.text) for RCC_APB2PeriphResetCmd
    stm32f10x_wwdg.o(.text) refers to stm32f10x_rcc.o(.text) for RCC_APB1PeriphResetCmd
    startup_stm32f10x_hd_rtos.o(STACK) refers (Special) to heapauxi.o(.text) for __use_two_region_memory
    startup_stm32f10x_hd_rtos.o(HEAP) refers (Special) to heapauxi.o(.text) for __use_two_region_memory
    startup_stm32f10x_hd_rtos.o(RESET) refers (Special) to heapauxi.o(.text) for __use_two_region_memory
    startup_stm32f10x_hd_rtos.o(RESET) refers to startup_stm32f10x_hd_rtos.o(STACK) for __initial_sp
    startup_stm32f10x_hd_rtos.o(RESET) refers to startup_stm32f10x_hd_rtos.o(.text) for Reset_Handler
    startup_stm32f10x_hd_rtos.o(RESET) refers to stm32f10x_it.o(.text) for NMI_Handler
    startup_stm32f10x_hd_rtos.o(RESET) refers to port.o(.emb_text) for vPortSVCHandler
    startup_stm32f10x_hd_rtos.o(RESET) refers to port.o(.text) for xPortSysTickHandler
    startup_stm32f10x_hd_rtos.o(RESET) refers to porttimer.o(.text) for TIM2_IRQHandler
    startup_stm32f10x_hd_rtos.o(RESET) refers to timer4.o(.text) for TIM4_IRQHandler
    startup_stm32f10x_hd_rtos.o(RESET) refers to usart.o(.text) for USART1_IRQHandler
    startup_stm32f10x_hd_rtos.o(RESET) refers to portserial.o(.text) for USART2_IRQHandler
    startup_stm32f10x_hd_rtos.o(RESET) refers to uart4.o(.text) for UART4_IRQHandler
    startup_stm32f10x_hd_rtos.o(.text) refers (Special) to heapauxi.o(.text) for __use_two_region_memory
    startup_stm32f10x_hd_rtos.o(.text) refers to system_stm32f10x.o(.text) for SystemInit
    startup_stm32f10x_hd_rtos.o(.text) refers to __main.o(!!!main) for __main
[...]
    _get_lc_monetary                          - Undefined Weak Reference
    _get_lc_time                              - Undefined Weak Reference
    _getenv_init                              - Undefined Weak Reference
    _handle_redirection                       - Undefined Weak Reference
    _init_alloc                               - Undefined Weak Reference
    _init_user_alloc                          - Undefined Weak Reference
    _initio                                   - Undefined Weak Reference
    _printf_fp_hex                            - Undefined Weak Reference
    _printf_mbtowc                            - Undefined Weak Reference
    _printf_wc                                - Undefined Weak Reference
    _rand_init                                - Undefined Weak Reference
    _signal_finish                            - Undefined Weak Reference
    _signal_init                              - Undefined Weak Reference
    _terminate_alloc                          - Undefined Weak Reference
    _terminate_user_alloc                     - Undefined Weak Reference
    _terminateio                              - Undefined Weak Reference
    __Vectors_Size                           0x00000130   Number         0  startup_stm32f10x_hd_rtos.o ABSOLUTE
    __Vectors                                0x08000000   Data           4  startup_stm32f10x_hd_rtos.o(RESET)
    __Vectors_End                            0x08000130   Data           0  startup_stm32f10x_hd_rtos.o(RESET)
    __main                                   0x08000131   Thumb Code     8  __main.o(!!!main)
    __scatterload                            0x08000139   Thumb Code     0  __scatter.o(!!!scatter)
    __scatterload_rt2                        0x08000139   Thumb Code    44  __scatter.o(!!!scatter)
    __scatterload_rt2_thumb_only             0x08000139   Thumb Code     0  __scatter.o(!!!scatter)
    __scatterload_null                       0x08000147   Thumb Code     0  __scatter.o(!!!scatter)
    __decompress                             0x0800016d   Thumb Code    90  __dczerorl2.o(!!dczerorl2)
    __decompress1                            0x0800016d   Thumb Code     0  __dczerorl2.o(!!dczerorl2)
    __scatterload_zeroinit                   0x080001c9   Thumb Code    28  __scatter_zi.o(!!handler_zi)
    _printf_n                                0x080001e5   Thumb Code     0  _printf_n.o(.ARM.Collect$$_printf_percent$$00000001)
    _printf_percent                          0x080001e5   Thumb Code     0  _printf_percent.o(.ARM.Collect$$_printf_percent$$00000000)
    _printf_p                                0x080001eb   Thumb Code     0  _printf_p.o(.ARM.Collect$$_printf_percent$$00000002)
    _printf_f                                0x080001f1   Thumb Code     0  _printf_f.o(.ARM.Collect$$_printf_percent$$00000003)
    _printf_e                                0x080001f7   Thumb Code     0  _printf_e.o(.ARM.Collect$$_printf_percent$$00000004)
    _printf_g                                0x080001fd   Thumb Code     0  _printf_g.o(.ARM.Collect$$_printf_percent$$00000005)
    _printf_a                                0x08000203   Thumb Code     0  _printf_a.o(.ARM.Collect$$_printf_percent$$00000006)
    _printf_ll                               0x08000209   Thumb Code     0  _printf_ll.o(.ARM.Collect$$_printf_percent$$00000007)
    _printf_i                                0x08000213   Thumb Code     0  _printf_i.o(.ARM.Collect$$_printf_percent$$00000008)
    _printf_d                                0x08000219   Thumb Code     0  _printf_d.o(.ARM.Collect$$_printf_percent$$00000009)
    _printf_u                                0x0800021f   Thumb Code     0  _printf_u.o(.ARM.Collect$$_printf_percent$$0000000A)
    _printf_o                                0x08000225   Thumb Code     0  _printf_o.o(.ARM.Collect$$_printf_percent$$0000000B)
    _printf_x                                0x0800022b   Thumb Code     0  _printf_x.o(.ARM.Collect$$_printf_percent$$0000000C)
    _printf_lli                              0x08000231   Thumb Code     0  _printf_lli.o(.ARM.Collect$$_printf_percent$$0000000D)
    _printf_lld                              0x08000237   Thumb Code     0  _printf_lld.o(.ARM.Collect$$_printf_percent$$0000000E)
    _printf_llu                              0x0800023d   Thumb Code     0  _printf_llu.o(.ARM.Collect$$_printf_percent$$0000000F)
    _printf_llo                              0x08000243   Thumb Code     0  _printf_llo.o(.ARM.Collect$$_printf_percent$$00000010)
    _printf_llx                              0x08000249   Thumb Code     0  _printf_llx.o(.ARM.Collect$$_printf_percent$$00000011)
    _printf_l                                0x0800024f   Thumb Code     0  _printf_l.o(.ARM.Collect$$_printf_percent$$00000012)
    _printf_c                                0x08000259   Thumb Code     0  _printf_c.o(.ARM.Collect$$_printf_percent$$00000013)
    _printf_s                                0x0800025f   Thumb Code     0  _printf_s.o(.ARM.Collect$$_printf_percent$$00000014)
    _printf_lc                               0x08000265   Thumb Code     0  _printf_lc.o(.ARM.Collect$$_printf_percent$$00000015)
    _printf_ls                               0x0800026b   Thumb Code     0  _printf_ls.o(.ARM.Collect$$_printf_percent$$00000016)
    _printf_percent_end                      0x08000271   Thumb Code     0  _printf_percent_end.o(.ARM.Collect$$_printf_percent$$00000017)
    __rt_lib_init                            0x08000275   Thumb Code     0  libinit.o(.ARM.Collect$$libinit$$00000000)
    __rt_lib_init_fp_1                       0x08000277   Thumb Code     0  libinit2.o(.ARM.Collect$$libinit$$00000002)
    __rt_lib_init_heap_1                     0x08000277   Thumb Code     0  libinit2.o(.ARM.Collect$$libinit$$00000008)
    __rt_lib_init_lc_common                  0x08000277   Thumb Code     0  libinit2.o(.ARM.Collect$$libinit$$0000000D)
    __rt_lib_init_rand_1                     0x08000277   Thumb Code     0  libinit2.o(.ARM.Collect$$libinit$$0000000C)
    __rt_lib_init_user_alloc_1               0x08000277   Thumb Code     0  libinit2.o(.ARM.Collect$$libinit$$0000000A)
    __rt_lib_init_lc_collate_1               0x0800027d   Thumb Code     0  libinit2.o(.ARM.Collect$$libinit$$0000000F)
    __rt_lib_init_lc_ctype_2                 0x0800027d   Thumb Code     0  libinit2.o(.ARM.Collect$$libinit$$00000010)
    __rt_lib_init_lc_ctype_1                 0x08000289   Thumb Code     0  libinit2.o(.ARM.Collect$$libinit$$00000011)
    __rt_lib_init_lc_monetary_1              0x08000289   Thumb Code     0  libinit2.o(.ARM.Collect$$libinit$$00000013)
    __rt_lib_init_lc_numeric_2               0x08000289   Thumb Code     0  libinit2.o(.ARM.Collect$$libinit$$00000014)
    __rt_lib_init_alloca_1                   0x08000293   Thumb Code     0  libinit2.o(.ARM.Collect$$libinit$$0000002C)
    __rt_lib_init_argv_1                     0x08000293   Thumb Code     0  libinit2.o(.ARM.Collect$$libinit$$0000002A)
    __rt_lib_init_atexit_1                   0x08000293   Thumb Code     0  libinit2.o(.ARM.Collect$$libinit$$00000019)
    __rt_lib_init_clock_1                    0x08000293   Thumb Code     0  libinit2.o(.ARM.Collect$$libinit$$0000001F)
    __rt_lib_init_cpp_1                      0x08000293   Thumb Code     0  libinit2.o(.ARM.Collect$$libinit$$00000030)
    __rt_lib_init_exceptions_1               0x08000293   Thumb Code     0  libinit2.o(.ARM.Collect$$libinit$$0000002E)
    __rt_lib_init_fp_trap_1                  0x08000293   Thumb Code     0  libinit2.o(.ARM.Collect$$libinit$$0000001D)
    __rt_lib_init_getenv_1                   0x08000293   Thumb Code     0  libinit2.o(.ARM.Collect$$libinit$$00000021)
    __rt_lib_init_lc_numeric_1               0x08000293   Thumb Code     0  libinit2.o(.ARM.Collect$$libinit$$00000015)
    __rt_lib_init_lc_time_1                  0x08000293   Thumb Code     0  libinit2.o(.ARM.Collect$$libinit$$00000017)
    __rt_lib_init_return                     0x08000293   Thumb Code     0  libinit2.o(.ARM.Collect$$libinit$$00000031)
    __rt_lib_init_signal_1                   0x08000293   Thumb Code     0  libinit2.o(.ARM.Collect$$libinit$$0000001B)
    __rt_lib_init_stdio_1                    0x08000293   Thumb Code     0  libinit2.o(.ARM.Collect$$libinit$$00000023)
    __rt_lib_shutdown                        0x08000295   Thumb Code     0  libshutdown.o(.ARM.Collect$$libshutdown$$00000000)
    __rt_lib_shutdown_fp_trap_1              0x08000297   Thumb Code     0  libshutdown2.o(.ARM.Collect$$libshutdown$$00000006)
    __rt_lib_shutdown_heap_1                 0x08000297   Thumb Code     0  libshutdown2.o(.ARM.Collect$$libshutdown$$0000000E)
    __rt_lib_shutdown_return                 0x08000297   Thumb Code     0  libshutdown2.o(.ARM.Collect$$libshutdown$$0000000F)
    __rt_lib_shutdown_signal_1               0x08000297   Thumb Code     0  libshutdown2.o(.ARM.Collect$$libshutdown$$00000009)
    __rt_lib_shutdown_stdio_1                0x08000297   Thumb Code     0  libshutdown2.o(.ARM.Collect$$libshutdown$$00000003)
    __rt_lib_shutdown_user_alloc_1           0x08000297   Thumb Code     0  libshutdown2.o(.ARM.Collect$$libshutdown$$0000000B)
    __rt_entry                               0x08000299   Thumb Code     0  rtentry.o(.ARM.Collect$$rtentry$$00000000)
    __rt_entry_presh_1                       0x08000299   Thumb Code     0  rtentry2.o(.ARM.Collect$$rtentry$$00000002)
    __rt_entry_sh                            0x08000299   Thumb Code     0  rtentry4.o(.ARM.Collect$$rtentry$$00000004)
    __rt_entry_li                            0x0800029f   Thumb Code     0  rtentry2.o(.ARM.Collect$$rtentry$$0000000A)
    __rt_entry_postsh_1                      0x0800029f   Thumb Code     0  rtentry2.o(.ARM.Collect$$rtentry$$00000009)
    __rt_entry_main                          0x080002a3   Thumb Code     0  rtentry2.o(.ARM.Collect$$rtentry$$0000000D)
    __rt_entry_postli_1                      0x080002a3   Thumb Code     0  rtentry2.o(.ARM.Collect$$rtentry$$0000000C)
    __rt_exit                                0x080002ab   Thumb Code     0  rtexit.o(.ARM.Collect$$rtexit$$00000000)
    __rt_exit_ls                             0x080002ad   Thumb Code     0  rtexit2.o(.ARM.Collect$$rtexit$$00000003)
    __rt_exit_prels_1                        0x080002ad   Thumb Code     0  rtexit2.o(.ARM.Collect$$rtexit$$00000002)
    __rt_exit_exit                           0x080002b1   Thumb Code     0  rtexit2.o(.ARM.Collect$$rtexit$$00000004)
    vPortSVCHandler                          0x080002b9   Thumb Code    32  port.o(.emb_text)
    __asm___6_port_c_39a90d8d__prvStartFirstTask 0x080002dd   Thumb Code    24  port.o(.emb_text)
    xPortPendSVHandler                       0x080002f9   Thumb Code    64  port.o(.emb_text)
    ulPortSetInterruptMask                   0x0800033d   Thumb Code    14  port.o(.emb_text)
    vPortClearInterruptMask                  0x0800034b   Thumb Code     6  port.o(.emb_text)
    vPortGetIPSR                             0x08000351   Thumb Code     6  port.o(.emb_text)
    vListInitialise                          0x08000357   Thumb Code    26  list.o(.text)
    vListInitialiseItem                      0x08000371   Thumb Code     6  list.o(.text)
    vListInsertEnd                           0x08000377   Thumb Code    24  list.o(.text)
    vListInsert                              0x0800038f   Thumb Code    52  list.o(.text)
    uxListRemove                             0x080003c3   Thumb Code    40  list.o(.text)
    xQueueGenericReset                       0x080003eb   Thumb Code   110  queue.o(.text)
    xQueueGenericCreate                      0x08000459   Thumb Code    72  queue.o(.text)
    xQueueGenericSend                        0x080005b3   Thumb Code   220  queue.o(.text)
    xQueueCreateMutex                        0x0800068f   Thumb Code    72  queue.o(.text)
    xQueueGenericSendFromISR                 0x080006d7   Thumb Code   106  queue.o(.text)
    xQueueGenericReceive                     0x08000785   Thumb Code   280  queue.o(.text)
    xQueueReceiveFromISR                     0x0800089d   Thumb Code    96  queue.o(.text)
    xQueuePeekFromISR                        0x080008fd   Thumb Code    50  queue.o(.text)
    uxQueueMessagesWaiting                   0x0800092f   Thumb Code    18  queue.o(.text)
    uxQueueSpacesAvailable                   0x08000941   Thumb Code    24  queue.o(.text)
    uxQueueMessagesWaitingFromISR            0x08000959   Thumb Code     6  queue.o(.text)
    vQueueDelete                             0x0800095f   Thumb Code    24  queue.o(.text)
    xQueueIsQueueEmptyFromISR                0x08000977   Thumb Code    14  queue.o(.text)
    xQueueIsQueueFullFromISR                 0x08000985   Thumb Code    18  queue.o(.text)
    xTaskGenericCreate                       0x08000a63   Thumb Code   224  tasks.o(.text)
    vTaskDelete                              0x08000b6d   Thumb Code   104  tasks.o(.text)
    xTaskIncrementTick                       0x08000bd5   Thumb Code   240  tasks.o(.text)
    xTaskResumeAll                           0x08000cc5   Thumb Code   264  tasks.o(.text)
    vTaskSuspendAll                          0x08000e0b   Thumb Code    12  tasks.o(.text)
    vTaskDelayUntil                          0x08000e17   Thumb Code   102  tasks.o(.text)
    vTaskDelay                               0x08000e7d   Thumb Code    48  tasks.o(.text)
    uxTaskPriorityGet                        0x08000ead   Thumb Code    30  tasks.o(.text)
    vTaskPrioritySet                         0x08000ecb   Thumb Code   194  tasks.o(.text)
    vTaskSwitchContext                       0x08000f8d   Thumb Code   106  tasks.o(.text)
    vTaskSuspend                             0x08000ff7   Thumb Code   116  tasks.o(.text)
    vTaskResume                              0x080010a3   Thumb Code    92  tasks.o(.text)
    xTaskResumeFromISR                       0x080010ff   Thumb Code   110  tasks.o(.text)
    vTaskStartScheduler                      0x08001227   Thumb Code    52  tasks.o(.text)
    vTaskEndScheduler                        0x0800125b   Thumb Code    18  tasks.o(.text)
    xTaskGetTickCount                        0x0800126d   Thumb Code    18  tasks.o(.text)
    xTaskGetTickCountFromISR                 0x0800127f   Thumb Code    22  tasks.o(.text)
    uxTaskGetNumberOfTasks                   0x08001295   Thumb Code     6  tasks.o(.text)
    vTaskPlaceOnEventList                    0x0800129b   Thumb Code    60  tasks.o(.text)
    vTaskPlaceOnUnorderedEventList           0x080012d7   Thumb Code    76  tasks.o(.text)
    xTaskRemoveFromEventList                 0x08001323   Thumb Code   102  tasks.o(.text)
    xTaskRemoveFromUnorderedEventList        0x08001389   Thumb Code    92  tasks.o(.text)
    vTaskSetTimeOutState                     0x080013e5   Thumb Code    14  tasks.o(.text)
    xTaskCheckForTimeOut                     0x080013f3   Thumb Code    84  tasks.o(.text)
    vTaskMissedYield                         0x08001447   Thumb Code     8  tasks.o(.text)
    xTaskGetCurrentTaskHandle                0x0800144f   Thumb Code     6  tasks.o(.text)
    vTaskPriorityInherit                     0x08001455   Thumb Code   128  tasks.o(.text)
    vTaskPriorityDisinherit                  0x080014d5   Thumb Code    78  tasks.o(.text)
    uxTaskResetEventItemValue                0x08001523   Thumb Code    24  tasks.o(.text)
    pxPortInitialiseStack                    0x08001581   Thumb Code    26  port.o(.text)
    vPortSetupTimerInterrupt                 0x0800159b   Thumb Code    14  port.o(.text)
    xPortStartScheduler                      0x080015a9   Thumb Code    42  port.o(.text)
    vPortEndScheduler                        0x080015d3   Thumb Code     2  port.o(.text)
    vPortYield                               0x080015d5   Thumb Code    20  port.o(.text)
    vPortEnterCritical                       0x080015e9   Thumb Code    26  port.o(.text)
    vPortExitCritical                        0x08001603   Thumb Code    26  port.o(.text)
    xPortSysTickHandler                      0x0800161d   Thumb Code    30  port.o(.text)
    pvPortMalloc                             0x08001677   Thumb Code   166  heap_2.o(.text)
    vPortFree                                0x0800171d   Thumb Code    56  heap_2.o(.text)
    xPortGetFreeHeapSize                     0x08001755   Thumb Code     6  heap_2.o(.text)
    vPortInitialiseBlocks                    0x0800175b   Thumb Code     2  heap_2.o(.text)
    SystemInit                               0x0800184d   Thumb Code    78  system_stm32f10x.o(.text)
    SystemCoreClockUpdate                    0x0800189b   Thumb Code   142  system_stm32f10x.o(.text)
    NVIC_PriorityGroupConfig                 0x0800194d   Thumb Code    10  misc.o(.text)
    NVIC_Init                                0x08001957   Thumb Code   102  misc.o(.text)
    NVIC_SetVectorTable                      0x080019bd   Thumb Code    14  misc.o(.text)
    NVIC_SystemLPConfig                      0x080019cb   Thumb Code    34  misc.o(.text)
    SysTick_CLKSourceConfig                  0x080019ed   Thumb Code    40  misc.o(.text)
    DAC_DeInit                               0x08001a29   Thumb Code    22  stm32f10x_dac.o(.text)
    DAC_Init                                 0x08001a3f   Thumb Code    46  stm32f10x_dac.o(.text)
    DAC_StructInit                           0x08001a6d   Thumb Code    12  stm32f10x_dac.o(.text)
    DAC_Cmd                                  0x08001a79   Thumb Code    34  stm32f10x_dac.o(.text)
    DAC_DMACmd                               0x08001a9b   Thumb Code    38  stm32f10x_dac.o(.text)
    DAC_SoftwareTriggerCmd                   0x08001ac1   Thumb Code    48  stm32f10x_dac.o(.text)
    DAC_DualSoftwareTriggerCmd               0x08001af1   Thumb Code    38  stm32f10x_dac.o(.text)
    DAC_WaveGenerationCmd                    0x08001b17   Thumb Code    36  stm32f10x_dac.o(.text)
    DAC_SetChannel1Data                      0x08001b3b   Thumb Code    26  stm32f10x_dac.o(.text)
    DAC_SetChannel2Data                      0x08001b55   Thumb Code    26  stm32f10x_dac.o(.text)
    DAC_SetDualChannelData                   0x08001b6f   Thumb Code    32  stm32f10x_dac.o(.text)
    DAC_GetDataOutputValue                   0x08001b8f   Thumb Code    32  stm32f10x_dac.o(.text)
    DMA_DeInit                               0x08001bb5   Thumb Code   324  stm32f10x_dma.o(.text)
    DMA_Init                                 0x08001cf9   Thumb Code    60  stm32f10x_dma.o(.text)
    DMA_StructInit                           0x08001d35   Thumb Code    26  stm32f10x_dma.o(.text)
    DMA_Cmd                                  0x08001d4f   Thumb Code    24  stm32f10x_dma.o(.text)
    DMA_ITConfig                             0x08001d67   Thumb Code    18  stm32f10x_dma.o(.text)
    DMA_SetCurrDataCounter                   0x08001d79   Thumb Code     4  stm32f10x_dma.o(.text)
    DMA_GetCurrDataCounter                   0x08001d7d   Thumb Code     8  stm32f10x_dma.o(.text)
    DMA_GetFlagStatus                        0x08001d85   Thumb Code    38  stm32f10x_dma.o(.text)
    DMA_ClearFlag                            0x08001dab   Thumb Code    22  stm32f10x_dma.o(.text)
    DMA_GetITStatus                          0x08001dc1   Thumb Code    38  stm32f10x_dma.o(.text)
    DMA_ClearITPendingBit                    0x08001de7   Thumb Code    22  stm32f10x_dma.o(.text)
    GPIO_DeInit                              0x08001e05   Thumb Code   172  stm32f10x_gpio.o(.text)
    GPIO_AFIODeInit                          0x08001eb1   Thumb Code    20  stm32f10x_gpio.o(.text)
    GPIO_Init                                0x08001ec5   Thumb Code   274  stm32f10x_gpio.o(.text)
    GPIO_StructInit                          0x08001fd7   Thumb Code    16  stm32f10x_gpio.o(.text)
    GPIO_ReadInputDataBit                    0x08001fe7   Thumb Code    18  stm32f10x_gpio.o(.text)
    GPIO_ReadInputData                       0x08001ff9   Thumb Code     8  stm32f10x_gpio.o(.text)
    GPIO_ReadOutputDataBit                   0x08002001   Thumb Code    18  stm32f10x_gpio.o(.text)
    GPIO_ReadOutputData                      0x08002013   Thumb Code     8  stm32f10x_gpio.o(.text)
    GPIO_SetBits                             0x0800201b   Thumb Code     4  stm32f10x_gpio.o(.text)
    GPIO_ResetBits                           0x0800201f   Thumb Code     4  stm32f10x_gpio.o(.text)
    GPIO_WriteBit                            0x08002023   Thumb Code    10  stm32f10x_gpio.o(.text)
    GPIO_Write                               0x0800202d   Thumb Code     4  stm32f10x_gpio.o(.text)
    GPIO_PinLockConfig                       0x08002031   Thumb Code    18  stm32f10x_gpio.o(.text)
    GPIO_EventOutputConfig                   0x08002043   Thumb Code    26  stm32f10x_gpio.o(.text)
    GPIO_EventOutputCmd                      0x0800205d   Thumb Code     6  stm32f10x_gpio.o(.text)
    GPIO_PinRemapConfig                      0x08002063   Thumb Code   138  stm32f10x_gpio.o(.text)
    GPIO_EXTILineConfig                      0x080020ed   Thumb Code    66  stm32f10x_gpio.o(.text)
    GPIO_ETH_MediaInterfaceConfig            0x0800212f   Thumb Code     6  stm32f10x_gpio.o(.text)
    RCC_DeInit                               0x0800215d   Thumb Code    64  stm32f10x_rcc.o(.text)
    RCC_HSEConfig                            0x0800219d   Thumb Code    70  stm32f10x_rcc.o(.text)
    RCC_GetFlagStatus                        0x080021e3   Thumb Code    56  stm32f10x_rcc.o(.text)
    RCC_WaitForHSEStartUp                    0x0800221b   Thumb Code    56  stm32f10x_rcc.o(.text)
    RCC_AdjustHSICalibrationValue            0x08002253   Thumb Code    20  stm32f10x_rcc.o(.text)
    RCC_HSICmd                               0x08002267   Thumb Code     6  stm32f10x_rcc.o(.text)
    RCC_PLLConfig                            0x0800226d   Thumb Code    24  stm32f10x_rcc.o(.text)
    RCC_PLLCmd                               0x08002285   Thumb Code     6  stm32f10x_rcc.o(.text)
    RCC_SYSCLKConfig                         0x0800228b   Thumb Code    18  stm32f10x_rcc.o(.text)
    RCC_GetSYSCLKSource                      0x0800229d   Thumb Code    10  stm32f10x_rcc.o(.text)
    RCC_HCLKConfig                           0x080022a7   Thumb Code    18  stm32f10x_rcc.o(.text)
    RCC_PCLK1Config                          0x080022b9   Thumb Code    18  stm32f10x_rcc.o(.text)
    RCC_PCLK2Config                          0x080022cb   Thumb Code    20  stm32f10x_rcc.o(.text)
    RCC_ITConfig                             0x080022df   Thumb Code    26  stm32f10x_rcc.o(.text)
    RCC_USBCLKConfig                         0x080022f9   Thumb Code     6  stm32f10x_rcc.o(.text)
    RCC_ADCCLKConfig                         0x080022ff   Thumb Code    18  stm32f10x_rcc.o(.text)
    RCC_LSEConfig                            0x08002311   Thumb Code    44  stm32f10x_rcc.o(.text)
    RCC_LSICmd                               0x0800233d   Thumb Code     6  stm32f10x_rcc.o(.text)
    RCC_RTCCLKConfig                         0x08002343   Thumb Code    12  stm32f10x_rcc.o(.text)
    RCC_RTCCLKCmd                            0x0800234f   Thumb Code     8  stm32f10x_rcc.o(.text)
    RCC_GetClocksFreq                        0x08002357   Thumb Code   192  stm32f10x_rcc.o(.text)
    RCC_AHBPeriphClockCmd                    0x08002417   Thumb Code    26  stm32f10x_rcc.o(.text)
    RCC_APB2PeriphClockCmd                   0x08002431   Thumb Code    26  stm32f10x_rcc.o(.text)
    RCC_APB1PeriphClockCmd                   0x0800244b   Thumb Code    26  stm32f10x_rcc.o(.text)
    RCC_APB2PeriphResetCmd                   0x08002465   Thumb Code    26  stm32f10x_rcc.o(.text)
    RCC_APB1PeriphResetCmd                   0x0800247f   Thumb Code    26  stm32f10x_rcc.o(.text)
    RCC_BackupResetCmd                       0x08002499   Thumb Code     8  stm32f10x_rcc.o(.text)
    RCC_ClockSecuritySystemCmd               0x080024a1   Thumb Code     6  stm32f10x_rcc.o(.text)
    RCC_MCOConfig                            0x080024a7   Thumb Code     6  stm32f10x_rcc.o(.text)
    RCC_ClearFlag                            0x080024ad   Thumb Code    14  stm32f10x_rcc.o(.text)
    RCC_GetITStatus                          0x080024bb   Thumb Code    20  stm32f10x_rcc.o(.text)
    RCC_ClearITPendingBit                    0x080024cf   Thumb Code     6  stm32f10x_rcc.o(.text)
    TIM_DeInit                               0x08002501   Thumb Code   424  stm32f10x_tim.o(.text)
    TIM_TimeBaseInit                         0x080026a9   Thumb Code   122  stm32f10x_tim.o(.text)
    TIM_OC1Init                              0x08002723   Thumb Code   132  stm32f10x_tim.o(.text)
    TIM_OC2Init                              0x080027a7   Thumb Code   154  stm32f10x_tim.o(.text)
    TIM_OC3Init                              0x08002841   Thumb Code   150  stm32f10x_tim.o(.text)
    TIM_OC4Init                              0x080028d7   Thumb Code   182  stm32f10x_tim.o(.text)
    TIM_SetIC4Prescaler                      0x0800298d   Thumb Code    26  stm32f10x_tim.o(.text)
    TIM_SetIC3Prescaler                      0x08002a29   Thumb Code    18  stm32f10x_tim.o(.text)
    TIM_SetIC2Prescaler                      0x08002ab5   Thumb Code    26  stm32f10x_tim.o(.text)
    TIM_SetIC1Prescaler                      0x08002b51   Thumb Code    18  stm32f10x_tim.o(.text)
    TIM_ICInit                               0x08002bcf   Thumb Code   150  stm32f10x_tim.o(.text)
    TIM_PWMIConfig                           0x08002c65   Thumb Code   124  stm32f10x_tim.o(.text)
    TIM_BDTRConfig                           0x08002ce1   Thumb Code    32  stm32f10x_tim.o(.text)
    TIM_TimeBaseStructInit                   0x08002d01   Thumb Code    18  stm32f10x_tim.o(.text)
    TIM_OCStructInit                         0x08002d13   Thumb Code    20  stm32f10x_tim.o(.text)
    TIM_ICStructInit                         0x08002d27   Thumb Code    18  stm32f10x_tim.o(.text)
    TIM_BDTRStructInit                       0x08002d39   Thumb Code    40  stm32f10x_tim.o(.text)
    TIM_Cmd                                  0x08002d61   Thumb Code    24  stm32f10x_tim.o(.text)
    TIM_CtrlPWMOutputs                       0x08002d79   Thumb Code    30  stm32f10x_tim.o(.text)
    TIM_ITConfig                             0x08002d97   Thumb Code    18  stm32f10x_tim.o(.text)
    TIM_GenerateEvent                        0x08002da9   Thumb Code     4  stm32f10x_tim.o(.text)
    TIM_DMAConfig                            0x08002dad   Thumb Code    10  stm32f10x_tim.o(.text)
    TIM_DMACmd                               0x08002db7   Thumb Code    18  stm32f10x_tim.o(.text)
    TIM_InternalClockConfig                  0x08002dc9   Thumb Code    12  stm32f10x_tim.o(.text)
    TIM_SelectInputTrigger                   0x08002dd5   Thumb Code    18  stm32f10x_tim.o(.text)
    TIM_ITRxExternalClockConfig              0x08002de7   Thumb Code    24  stm32f10x_tim.o(.text)
    TIM_TIxExternalClockConfig               0x08002dff   Thumb Code    62  stm32f10x_tim.o(.text)
    TIM_ETRConfig                            0x08002e3d   Thumb Code    28  stm32f10x_tim.o(.text)
    TIM_ETRClockMode1Config                  0x08002e59   Thumb Code    54  stm32f10x_tim.o(.text)
    TIM_ETRClockMode2Config                  0x08002e8f   Thumb Code    32  stm32f10x_tim.o(.text)
    TIM_PrescalerConfig                      0x08002eaf   Thumb Code     6  stm32f10x_tim.o(.text)
    TIM_CounterModeConfig                    0x08002eb5   Thumb Code    18  stm32f10x_tim.o(.text)
    TIM_EncoderInterfaceConfig               0x08002ec7   Thumb Code    66  stm32f10x_tim.o(.text)
    TIM_ForcedOC1Config                      0x08002f09   Thumb Code    18  stm32f10x_tim.o(.text)
    TIM_ForcedOC2Config                      0x08002f1b   Thumb Code    26  stm32f10x_tim.o(.text)
    TIM_ForcedOC3Config                      0x08002f35   Thumb Code    18  stm32f10x_tim.o(.text)
    TIM_ForcedOC4Config                      0x08002f47   Thumb Code    26  stm32f10x_tim.o(.text)
    TIM_ARRPreloadConfig                     0x08002f61   Thumb Code    24  stm32f10x_tim.o(.text)
    TIM_SelectCOM                            0x08002f79   Thumb Code    24  stm32f10x_tim.o(.text)
    TIM_SelectCCDMA                          0x08002f91   Thumb Code    24  stm32f10x_tim.o(.text)
    TIM_CCPreloadControl                     0x08002fa9   Thumb Code    24  stm32f10x_tim.o(.text)
    TIM_OC1PreloadConfig                     0x08002fc1   Thumb Code    18  stm32f10x_tim.o(.text)
    TIM_OC2PreloadConfig                     0x08002fd3   Thumb Code    26  stm32f10x_tim.o(.text)
    TIM_OC3PreloadConfig                     0x08002fed   Thumb Code    18  stm32f10x_tim.o(.text)
    TIM_OC4PreloadConfig                     0x08002fff   Thumb Code    26  stm32f10x_tim.o(.text)
    TIM_OC1FastConfig                        0x08003019   Thumb Code    18  stm32f10x_tim.o(.text)
    TIM_OC2FastConfig                        0x0800302b   Thumb Code    26  stm32f10x_tim.o(.text)
    TIM_OC3FastConfig                        0x08003045   Thumb Code    18  stm32f10x_tim.o(.text)
    TIM_OC4FastConfig                        0x08003057   Thumb Code    26  stm32f10x_tim.o(.text)
    TIM_ClearOC1Ref                          0x08003071   Thumb Code    18  stm32f10x_tim.o(.text)
    TIM_ClearOC2Ref                          0x08003083   Thumb Code    24  stm32f10x_tim.o(.text)
    TIM_ClearOC3Ref                          0x0800309b   Thumb Code    18  stm32f10x_tim.o(.text)
    TIM_ClearOC4Ref                          0x080030ad   Thumb Code    24  stm32f10x_tim.o(.text)
    TIM_OC1PolarityConfig                    0x080030c5   Thumb Code    18  stm32f10x_tim.o(.text)
    TIM_OC1NPolarityConfig                   0x080030d7   Thumb Code    18  stm32f10x_tim.o(.text)
    TIM_OC2PolarityConfig                    0x080030e9   Thumb Code    26  stm32f10x_tim.o(.text)
    TIM_OC2NPolarityConfig                   0x08003103   Thumb Code    26  stm32f10x_tim.o(.text)
    TIM_OC3PolarityConfig                    0x0800311d   Thumb Code    26  stm32f10x_tim.o(.text)
    TIM_OC3NPolarityConfig                   0x08003137   Thumb Code    26  stm32f10x_tim.o(.text)
    TIM_OC4PolarityConfig                    0x08003151   Thumb Code    26  stm32f10x_tim.o(.text)
    TIM_CCxCmd                               0x0800316b   Thumb Code    30  stm32f10x_tim.o(.text)
    TIM_CCxNCmd                              0x08003189   Thumb Code    30  stm32f10x_tim.o(.text)
    TIM_SelectOCxM                           0x080031a7   Thumb Code    82  stm32f10x_tim.o(.text)
    TIM_UpdateDisableConfig                  0x080031f9   Thumb Code    24  stm32f10x_tim.o(.text)
    TIM_UpdateRequestConfig                  0x08003211   Thumb Code    24  stm32f10x_tim.o(.text)
    TIM_SelectHallSensor                     0x08003229   Thumb Code    24  stm32f10x_tim.o(.text)
    TIM_SelectOnePulseMode                   0x08003241   Thumb Code    18  stm32f10x_tim.o(.text)
    TIM_SelectOutputTrigger                  0x08003253   Thumb Code    18  stm32f10x_tim.o(.text)
    TIM_SelectSlaveMode                      0x08003265   Thumb Code    18  stm32f10x_tim.o(.text)
    TIM_SelectMasterSlaveMode                0x08003277   Thumb Code    18  stm32f10x_tim.o(.text)
    TIM_SetCounter                           0x08003289   Thumb Code     4  stm32f10x_tim.o(.text)
    TIM_SetAutoreload                        0x0800328d   Thumb Code     4  stm32f10x_tim.o(.text)
    TIM_SetCompare1                          0x08003291   Thumb Code     4  stm32f10x_tim.o(.text)
    TIM_SetCompare2                          0x08003295   Thumb Code     4  stm32f10x_tim.o(.text)
    TIM_SetCompare3                          0x08003299   Thumb Code     4  stm32f10x_tim.o(.text)
    TIM_SetCompare4                          0x0800329d   Thumb Code     6  stm32f10x_tim.o(.text)
    TIM_SetClockDivision                     0x080032a3   Thumb Code    18  stm32f10x_tim.o(.text)
    TIM_GetCapture1                          0x080032b5   Thumb Code     6  stm32f10x_tim.o(.text)
    TIM_GetCapture2                          0x080032bb   Thumb Code     6  stm32f10x_tim.o(.text)
    TIM_GetCapture3                          0x080032c1   Thumb Code     6  stm32f10x_tim.o(.text)
    TIM_GetCapture4                          0x080032c7   Thumb Code     8  stm32f10x_tim.o(.text)
    TIM_GetCounter                           0x080032cf   Thumb Code     6  stm32f10x_tim.o(.text)
    TIM_GetPrescaler                         0x080032d5   Thumb Code     6  stm32f10x_tim.o(.text)
    TIM_GetFlagStatus                        0x080032db   Thumb Code    18  stm32f10x_tim.o(.text)
    TIM_ClearFlag                            0x080032ed   Thumb Code     6  stm32f10x_tim.o(.text)
    TIM_GetITStatus                          0x080032f3   Thumb Code    34  stm32f10x_tim.o(.text)
    TIM_ClearITPendingBit                    0x08003315   Thumb Code     6  stm32f10x_tim.o(.text)
    USART_DeInit                             0x0800331d   Thumb Code   134  stm32f10x_usart.o(.text)
    USART_Init                               0x080033a3   Thumb Code   210  stm32f10x_usart.o(.text)
    USART_StructInit                         0x08003475   Thumb Code    24  stm32f10x_usart.o(.text)
    USART_ClockInit                          0x0800348d   Thumb Code    34  stm32f10x_usart.o(.text)
    USART_ClockStructInit                    0x080034af   Thumb Code    12  stm32f10x_usart.o(.text)
    USART_Cmd                                0x080034bb   Thumb Code    24  stm32f10x_usart.o(.text)
    USART_ITConfig                           0x080034d3   Thumb Code    74  stm32f10x_usart.o(.text)
    USART_DMACmd                             0x0800351d   Thumb Code    18  stm32f10x_usart.o(.text)
    USART_SetAddress                         0x0800352f   Thumb Code    18  stm32f10x_usart.o(.text)
    USART_WakeUpConfig                       0x08003541   Thumb Code    18  stm32f10x_usart.o(.text)
    USART_ReceiverWakeUpCmd                  0x08003553   Thumb Code    24  stm32f10x_usart.o(.text)
    USART_LINBreakDetectLengthConfig         0x0800356b   Thumb Code    18  stm32f10x_usart.o(.text)
    USART_LINCmd                             0x0800357d   Thumb Code    24  stm32f10x_usart.o(.text)
    USART_SendData                           0x08003595   Thumb Code     8  stm32f10x_usart.o(.text)
    USART_ReceiveData                        0x0800359d   Thumb Code    10  stm32f10x_usart.o(.text)
    USART_SendBreak                          0x080035a7   Thumb Code    10  stm32f10x_usart.o(.text)
    USART_SetGuardTime                       0x080035b1   Thumb Code    16  stm32f10x_usart.o(.text)
    USART_SetPrescaler                       0x080035c1   Thumb Code    16  stm32f10x_usart.o(.text)
    USART_SmartCardCmd                       0x080035d1   Thumb Code    24  stm32f10x_usart.o(.text)
    USART_SmartCardNACKCmd                   0x080035e9   Thumb Code    24  stm32f10x_usart.o(.text)
    USART_HalfDuplexCmd                      0x08003601   Thumb Code    24  stm32f10x_usart.o(.text)
    USART_OverSampling8Cmd                   0x08003619   Thumb Code    22  stm32f10x_usart.o(.text)
    USART_OneBitMethodCmd                    0x0800362f   Thumb Code    24  stm32f10x_usart.o(.text)
    USART_IrDAConfig                         0x08003647   Thumb Code    18  stm32f10x_usart.o(.text)
    USART_IrDACmd                            0x08003659   Thumb Code    24  stm32f10x_usart.o(.text)
    USART_GetFlagStatus                      0x08003671   Thumb Code    26  stm32f10x_usart.o(.text)
    USART_ClearFlag                          0x0800368b   Thumb Code    18  stm32f10x_usart.o(.text)
    USART_GetITStatus                        0x0800369d   Thumb Code    84  stm32f10x_usart.o(.text)
    USART_ClearITPendingBit                  0x080036f1   Thumb Code    52  stm32f10x_usart.o(.text)
    Reset_Handler                            0x08003725   Thumb Code     8  startup_stm32f10x_hd_rtos.o(.text)
    ADC1_2_IRQHandler                        0x0800373f   Thumb Code     0  startup_stm32f10x_hd_rtos.o(.text)
    ADC3_IRQHandler                          0x0800373f   Thumb Code     0  startup_stm32f10x_hd_rtos.o(.text)
    CAN1_RX1_IRQHandler                      0x0800373f   Thumb Code     0  startup_stm32f10x_hd_rtos.o(.text)
    CAN1_SCE_IRQHandler                      0x0800373f   Thumb Code     0  startup_stm32f10x_hd_rtos.o(.text)
    DMA1_Channel1_IRQHandler                 0x0800373f   Thumb Code     0  startup_stm32f10x_hd_rtos.o(.text)
    DMA1_Channel2_IRQHandler                 0x0800373f   Thumb Code     0  startup_stm32f10x_hd_rtos.o(.text)
    DMA1_Channel3_IRQHandler                 0x0800373f   Thumb Code     0  startup_stm32f10x_hd_rtos.o(.text)
    DMA1_Channel4_IRQHandler                 0x0800373f   Thumb Code     0  startup_stm32f10x_hd_rtos.o(.text)
    DMA1_Channel5_IRQHandler                 0x0800373f   Thumb Code     0  startup_stm32f10x_hd_rtos.o(.text)
    DMA1_Channel6_IRQHandler                 0x0800373f   Thumb Code     0  startup_stm32f10x_hd_rtos.o(.text)
    DMA1_Channel7_IRQHandler                 0x0800373f   Thumb Code     0  startup_stm32f10x_hd_rtos.o(.text)
    DMA2_Channel1_IRQHandler                 0x0800373f   Thumb Code     0  startup_stm32f10x_hd_rtos.o(.text)
    DMA2_Channel2_IRQHandler                 0x0800373f   Thumb Code     0  startup_stm32f10x_hd_rtos.o(.text)
    DMA2_Channel3_IRQHandler                 0x0800373f   Thumb Code     0  startup_stm32f10x_hd_rtos.o(.text)
    DMA2_Channel4_5_IRQHandler               0x0800373f   Thumb Code     0  startup_stm32f10x_hd_rtos.o(.text)
    EXTI0_IRQHandler                         0x0800373f   Thumb Code     0  startup_stm32f10x_hd_rtos.o(.text)
    EXTI15_10_IRQHandler                     0x0800373f   Thumb Code     0  startup_stm32f10x_hd_rtos.o(.text)
    EXTI1_IRQHandler                         0x0800373f   Thumb Code     0  startup_stm32f10x_hd_rtos.o(.text)
    EXTI2_IRQHandler                         0x0800373f   Thumb Code     0  startup_stm32f10x_hd_rtos.o(.text)
    EXTI3_IRQHandler                         0x0800373f   Thumb Code     0  startup_stm32f10x_hd_rtos.o(.text)
    EXTI4_IRQHandler                         0x0800373f   Thumb Code     0  startup_stm32f10x_hd_rtos.o(.text)
    EXTI9_5_IRQHandler                       0x0800373f   Thumb Code     0  startup_stm32f10x_hd_rtos.o(.text)
    FLASH_IRQHandler                         0x0800373f   Thumb Code     0  startup_stm32f10x_hd_rtos.o(.text)
    FSMC_IRQHandler                          0x0800373f   Thumb Code     0  startup_stm32f10x_hd_rtos.o(.text)
    I2C1_ER_IRQHandler                       0x0800373f   Thumb Code     0  startup_stm32f10x_hd_rtos.o(.text)
    I2C1_EV_IRQHandler                       0x0800373f   Thumb Code     0  startup_stm32f10x_hd_rtos.o(.text)
    I2C2_ER_IRQHandler                       0x0800373f   Thumb Code     0  startup_stm32f10x_hd_rtos.o(.text)
    I2C2_EV_IRQHandler                       0x0800373f   Thumb Code     0  startup_stm32f10x_hd_rtos.o(.text)
    PVD_IRQHandler                           0x0800373f   Thumb Code     0  startup_stm32f10x_hd_rtos.o(.text)
    RCC_IRQHandler                           0x0800373f   Thumb Code     0  startup_stm32f10x_hd_rtos.o(.text)
    RTCAlarm_IRQHandler                      0x0800373f   Thumb Code     0  startup_stm32f10x_hd_rtos.o(.text)
    RTC_IRQHandler                           0x0800373f   Thumb Code     0  startup_stm32f10x_hd_rtos.o(.text)
    SDIO_IRQHandler                          0x0800373f   Thumb Code     0  startup_stm32f10x_hd_rtos.o(.text)
    SPI1_IRQHandler                          0x0800373f   Thumb Code     0  startup_stm32f10x_hd_rtos.o(.text)
    SPI2_IRQHandler                          0x0800373f   Thumb Code     0  startup_stm32f10x_hd_rtos.o(.text)
    SPI3_IRQHandler                          0x0800373f   Thumb Code     0  startup_stm32f10x_hd_rtos.o(.text)
    TAMPER_IRQHandler                        0x0800373f   Thumb Code     0  startup_stm32f10x_hd_rtos.o(.text)
    TIM1_BRK_IRQHandler                      0x0800373f   Thumb Code     0  startup_stm32f10x_hd_rtos.o(.text)
    TIM1_CC_IRQHandler                       0x0800373f   Thumb Code     0  startup_stm32f10x_hd_rtos.o(.text)
    TIM1_TRG_COM_IRQHandler                  0x0800373f   Thumb Code     0  startup_stm32f10x_hd_rtos.o(.text)
    TIM1_UP_IRQHandler                       0x0800373f   Thumb Code     0  startup_stm32f10x_hd_rtos.o(.text)
    TIM3_IRQHandler                          0x0800373f   Thumb Code     0  startup_stm32f10x_hd_rtos.o(.text)
    TIM5_IRQHandler                          0x0800373f   Thumb Code     0  startup_stm32f10x_hd_rtos.o(.text)
    TIM6_IRQHandler                          0x0800373f   Thumb Code     0  startup_stm32f10x_hd_rtos.o(.text)
    TIM7_IRQHandler                          0x0800373f   Thumb Code     0  startup_stm32f10x_hd_rtos.o(.text)
    TIM8_BRK_IRQHandler                      0x0800373f   Thumb Code     0  startup_stm32f10x_hd_rtos.o(.text)
    TIM8_CC_IRQHandler                       0x0800373f   Thumb Code     0  startup_stm32f10x_hd_rtos.o(.text)
    TIM8_TRG_COM_IRQHandler                  0x0800373f   Thumb Code     0  startup_stm32f10x_hd_rtos.o(.text)
    TIM8_UP_IRQHandler                       0x0800373f   Thumb Code     0  startup_stm32f10x_hd_rtos.o(.text)
    UART5_IRQHandler                         0x0800373f   Thumb Code     0  startup_stm32f10x_hd_rtos.o(.text)
    USART3_IRQHandler                        0x0800373f   Thumb Code     0  startup_stm32f10x_hd_rtos.o(.text)
    USBWakeUp_IRQHandler                     0x0800373f   Thumb Code     0  startup_stm32f10x_hd_rtos.o(.text)
    USB_HP_CAN1_TX_IRQHandler                0x0800373f   Thumb Code     0  startup_stm32f10x_hd_rtos.o(.text)
    USB_LP_CAN1_RX0_IRQHandler               0x0800373f   Thumb Code     0  startup_stm32f10x_hd_rtos.o(.text)
    WWDG_IRQHandler                          0x0800373f   Thumb Code     0  startup_stm32f10x_hd_rtos.o(.text)
    __user_initial_stackheap                 0x08003741   Thumb Code     0  startup_stm32f10x_hd_rtos.o(.text)
    NMI_Handler                              0x08003765   Thumb Code     2  stm32f10x_it.o(.text)
    HardFault_Handler                        0x08003767   Thumb Code     4  stm32f10x_it.o(.text)
    MemManage_Handler                        0x0800376b   Thumb Code     4  stm32f10x_it.o(.text)
    BusFault_Handler                         0x0800376f   Thumb Code     4  stm32f10x_it.o(.text)
    UsageFault_Handler                       0x08003773   Thumb Code     4  stm32f10x_it.o(.text)
    SVC_Handler                              0x08003777   Thumb Code     2  stm32f10x_it.o(.text)
    DebugMon_Handler                         0x08003779   Thumb Code     2  stm32f10x_it.o(.text)
    PendSV_Handler                           0x0800377b   Thumb Code     2  stm32f10x_it.o(.text)
    SysTick_Handler                          0x0800377d   Thumb Code     2  stm32f10x_it.o(.text)
    usart1_config                            0x080037f5   Thumb Code    84  usart.o(.text)
    USART1_IRQHandler                        0x08003849   Thumb Code   124  usart.o(.text)
    u1_printf                                0x080038c5   Thumb Code    78  usart.o(.text)
    Dac1_Init                                0x08003931   Thumb Code    86  dac.o(.text)
    Dac1_Set_Vol                             0x08003987   Thumb Code    80  dac.o(.text)
    sim900a_check_cmd                        0x080039e5   Thumb Code    44  sim900a.o(.text)
    sim900a_send_cmd                         0x08003a11   Thumb Code   126  sim900a.o(.text)
    sim900a_gprs_test                        0x08003a8f   Thumb Code   116  sim900a.o(.text)
    vTask1                                   0x08003bb1   Thumb Code   194  main.o(.text)
    main                                     0x08003c73   Thumb Code    24  main.o(.text)
    TIM4_Init                                0x08003d29   Thumb Code    94  timer4.o(.text)
    TIM4_IRQHandler                          0x08003d87   Thumb Code    88  timer4.o(.text)
    UART4_Init                               0x08003ea7   Thumb Code    94  uart4.o(.text)
    u4_printf                                0x08003f27   Thumb Code    66  uart4.o(.text)
    UART4_IRQHandler                         0x08003f69   Thumb Code    68  uart4.o(.text)
    USART2_Init                              0x08004059   Thumb Code    76  usart2.o(.text)
    u2_printf                                0x080040c7   Thumb Code    70  usart2.o(.text)
    eMBFuncReadCoils                         0x08004121   Thumb Code   174  mbfunccoils.o(.text)
    eMBFuncWriteCoil                         0x080041cf   Thumb Code   112  mbfunccoils.o(.text)
    eMBFuncWriteMultipleCoils                0x0800423f   Thumb Code   144  mbfunccoils.o(.text)
    eMBFuncReadDiscreteInputs                0x080042cf   Thumb Code   172  mbfuncdisc.o(.text)
    eMBFuncWriteHoldingRegister              0x0800437b   Thumb Code    66  mbfuncholding.o(.text)
    eMBFuncWriteMultipleHoldingRegister      0x080043bd   Thumb Code   110  mbfuncholding.o(.text)
    eMBFuncReadHoldingRegister               0x0800442b   Thumb Code   140  mbfuncholding.o(.text)
    eMBFuncReadWriteMultipleHoldingRegister  0x080044b7   Thumb Code   212  mbfuncholding.o(.text)
    eMBFuncReadInputRegister                 0x0800458b   Thumb Code   140  mbfuncinput.o(.text)
    eMBSetSlaveID                            0x08004619   Thumb Code   110  mbfuncother.o(.text)
    eMBFuncReportSlaveID                     0x08004687   Thumb Code    30  mbfuncother.o(.text)
    xMBUtilSetBits                           0x080046ad   Thumb Code   104  mbutils.o(.text)
    xMBUtilGetBits                           0x08004715   Thumb Code    42  mbutils.o(.text)
    prveMBError2Exception                    0x0800473f   Thumb Code    34  mbutils.o(.text)
    USART2_mb_Init                           0x08004811   Thumb Code    60  portserial.o(.text)
    vMBPortSerialEnable                      0x0800484d   Thumb Code    64  portserial.o(.text)
    xMBPortSerialInit                        0x0800488d   Thumb Code    24  portserial.o(.text)
    xMBPortSerialPutByte                     0x080048a5   Thumb Code    16  portserial.o(.text)
    xMBPortSerialGetByte                     0x080048b5   Thumb Code    16  portserial.o(.text)
    USART2_IRQHandler                        0x080048d9   Thumb Code    60  portserial.o(.text)
    xMBPortTimersInit                        0x08004925   Thumb Code   124  porttimer.o(.text)
    vMBPortTimersEnable                      0x080049a1   Thumb Code    40  porttimer.o(.text)
    vMBPortTimersDisable                     0x080049c9   Thumb Code    38  porttimer.o(.text)
    TIM2_IRQHandler                          0x080049f9   Thumb Code    26  porttimer.o(.text)
    eMBRegInputCB                            0x08004a1d   Thumb Code    66  demo.o(.text)
    eMBRegHoldingCB                          0x08004a5f   Thumb Code     8  demo.o(.text)
    eMBRegCoilsCB                            0x08004a67   Thumb Code     8  demo.o(.text)
    eMBRegDiscreteCB                         0x08004a6f   Thumb Code     6  demo.o(.text)
    __c89vsprintf                            0x08004a7d   Thumb Code    32  c89vsprintf.o(.text)
    __aeabi_assert                           0x08004aa1   Thumb Code    84  assert.o(.text)
    __assert                                 0x08004aa1   Thumb Code     0  assert.o(.text)
    strstr                                   0x08004b1d   Thumb Code    36  strstr.o(.text)
    strlen                                   0x08004b41   Thumb Code    62  strlen.o(.text)
    __aeabi_memcpy                           0x08004b7f   Thumb Code     0  rt_memcpy_v6.o(.text)
    __rt_memcpy                              0x08004b7f   Thumb Code   138  rt_memcpy_v6.o(.text)
    _memcpy_lastbytes                        0x08004be5   Thumb Code     0  rt_memcpy_v6.o(.text)
    __use_two_region_memory                  0x08004c09   Thumb Code     2  heapauxi.o(.text)
    __rt_heap_escrow$2region                 0x08004c0b   Thumb Code     2  heapauxi.o(.text)
    __rt_heap_expand$2region                 0x08004c0d   Thumb Code     2  heapauxi.o(.text)
    _printf_pre_padding                      0x08004c0f   Thumb Code    46  _printf_pad.o(.text)
    _printf_post_padding                     0x08004c3d   Thumb Code    36  _printf_pad.o(.text)
    _printf_truncate_signed                  0x08004c61   Thumb Code    18  _printf_truncate.o(.text)
    _printf_truncate_unsigned                0x08004c73   Thumb Code    18  _printf_truncate.o(.text)
    _printf_str                              0x08004c85   Thumb Code    82  _printf_str.o(.text)
    _printf_int_dec                          0x08004cd9   Thumb Code   102  _printf_dec.o(.text)
    _printf_charcount                        0x08004d51   Thumb Code    42  _printf_charcount.o(.text)
    _printf_char_common                      0x08004d87   Thumb Code    32  _printf_char_common.o(.text)
    _sputc                                   0x08004dad   Thumb Code    10  _sputc.o(.text)
    _printf_wctomb                           0x08004db9   Thumb Code   182  _printf_wctomb.o(.text)
    _printf_longlong_dec                     0x08004e75   Thumb Code   104  _printf_longlong_dec.o(.text)
    _printf_longlong_oct                     0x08004eed   Thumb Code    76  _printf_oct_int_ll.o(.text)
    _printf_int_oct                          0x08004f39   Thumb Code    24  _printf_oct_int_ll.o(.text)
    _printf_ll_oct                           0x08004f51   Thumb Code    12  _printf_oct_int_ll.o(.text)
    _printf_longlong_hex                     0x08004f65   Thumb Code    92  _printf_hex_int_ll_ptr.o(.text)
    _printf_int_hex                          0x08004fc1   Thumb Code    28  _printf_hex_int_ll_ptr.o(.text)
    _printf_ll_hex                           0x08004fdd   Thumb Code    12  _printf_hex_int_ll_ptr.o(.text)
    _printf_hex_ptr                          0x08004fe9   Thumb Code    18  _printf_hex_int_ll_ptr.o(.text)
    __printf                                 0x08005001   Thumb Code   390  __printf_flags_ss_wp.o(.text)
    abort                                    0x0800518d   Thumb Code    16  abort.o(.text)
    __assert_puts                            0x0800519d   Thumb Code    20  assert_puts.o(.text)
    __aeabi_memcpy4                          0x080051b1   Thumb Code     0  rt_memcpy_w.o(.text)
    __aeabi_memcpy8                          0x080051b1   Thumb Code     0  rt_memcpy_w.o(.text)
    __rt_memcpy_w                            0x080051b1   Thumb Code   100  rt_memcpy_w.o(.text)
    _memcpy_lastbytes_aligned                0x080051f9   Thumb Code     0  rt_memcpy_w.o(.text)
    _ttywrch                                 0x08005215   Thumb Code    14  sys_wrch.o(.text)
    _sys_exit                                0x08005225   Thumb Code     8  sys_exit.o(.text)
    _ll_udiv10                               0x08005231   Thumb Code   138  lludiv10.o(.text)
    _printf_int_common                       0x080052bb   Thumb Code   184  _printf_intcommon.o(.text)
    __lib_sel_fp_printf                      0x08005373   Thumb Code     2  _printf_fp_dec.o(.text)
    _printf_fp_dec_real                      0x0800551f   Thumb Code   628  _printf_fp_dec.o(.text)
    _printf_cs_common                        0x08005793   Thumb Code    20  _printf_char.o(.text)
    _printf_char                             0x080057a7   Thumb Code    16  _printf_char.o(.text)
    _printf_string                           0x080057b7   Thumb Code     8  _printf_char.o(.text)
    _printf_lcs_common                       0x080057bf   Thumb Code    20  _printf_wchar.o(.text)
    _printf_wchar                            0x080057d3   Thumb Code    16  _printf_wchar.o(.text)
    _printf_wstring                          0x080057e3   Thumb Code     8  _printf_wchar.o(.text)
    _wcrtomb                                 0x080057eb   Thumb Code    64  _wcrtomb.o(.text)
    __rt_SIGABRT                             0x0800582b   Thumb Code    14  defsig_abrt_outer.o(.text)
    __I$use$semihosting                      0x08005839   Thumb Code     0  use_no_semi.o(.text)
    __use_no_semihosting_swi                 0x08005839   Thumb Code     2  use_no_semi.o(.text)
    __semihosting_library_function           0x0800583b   Thumb Code     0  indicate_semi.o(.text)
    __user_setup_stackheap                   0x0800583b   Thumb Code    74  sys_stackheap_outer.o(.text)
    __rt_ctype_table                         0x08005885   Thumb Code    16  rt_ctype_table.o(.text)
    __rt_locale                              0x08005895   Thumb Code     8  rt_locale_intlibspace.o(.text)
    _printf_fp_infnan                        0x0800589d   Thumb Code   112  _printf_fp_infnan.o(.text)
    _btod_etento                             0x0800591d   Thumb Code   222  bigflt0.o(.text)
    exit                                     0x08005a01   Thumb Code    12  exit.o(.text)
    __sig_exit                               0x08005a0d   Thumb Code    10  defsig_exit.o(.text)
    __rt_SIGABRT_inner                       0x08005a19   Thumb Code    14  defsig_abrt_inner.o(.text)
    __user_libspace                          0x08005a49   Thumb Code     8  libspace.o(.text)
    __user_perproc_libspace                  0x08005a49   Thumb Code     0  libspace.o(.text)
    __user_perthread_libspace                0x08005a49   Thumb Code     0  libspace.o(.text)
    __default_signal_display                 0x08005a51   Thumb Code    50  defsig_general.o(.text)
    strcmp                                   0x08005a85   Thumb Code   128  strcmpv7m.o(.text)
    _btod_d2e                                0x08005b05   Thumb Code    62  btod.o(CL$$btod_d2e)
    _d2e_denorm_low                          0x08005b43   Thumb Code    70  btod.o(CL$$btod_d2e_denorm_low)
    _d2e_norm_op1                            0x08005b89   Thumb Code    96  btod.o(CL$$btod_d2e_norm_op1)
    __btod_div_common                        0x08005be9   Thumb Code   696  btod.o(CL$$btod_div_common)
    _e2e                                     0x08005f21   Thumb Code   198  btod.o(CL$$btod_e2e)
    _btod_ediv                               0x08005fe7   Thumb Code    40  btod.o(CL$$btod_ediv)
    _btod_emul                               0x0800600f   Thumb Code    40  btod.o(CL$$btod_emul)
    __btod_mult_common                       0x08006037   Thumb Code   580  btod.o(CL$$btod_mult_common)
    __ARM_fpclassify                         0x0800627b   Thumb Code    40  fpclassify.o(i.__ARM_fpclassify)
    _is_digit                                0x080062a3   Thumb Code    14  __printf_wp.o(i._is_digit)
    _get_lc_numeric                          0x080062b1   Thumb Code    44  lc_numeric_c.o(locale$$code)
    _get_lc_ctype                            0x080062dd   Thumb Code    44  lc_ctype_c.o(locale$$code)
    __aeabi_d2f                              0x08006309   Thumb Code     0  d2f.o(x$fpl$d2f)
    _d2f                                     0x08006309   Thumb Code    98  d2f.o(x$fpl$d2f)
    __aeabi_ddiv                             0x0800636d   Thumb Code     0  ddiv.o(x$fpl$ddiv)
    _ddiv                                    0x0800636d   Thumb Code   552  ddiv.o(x$fpl$ddiv)
    __fpl_dnaninf                            0x0800661d   Thumb Code   156  dnaninf.o(x$fpl$dnaninf)
    __fpl_dretinf                            0x080066b9   Thumb Code    12  dretinf.o(x$fpl$dretinf)
    __aeabi_f2d                              0x080066c5   Thumb Code     0  f2d.o(x$fpl$f2d)
    _f2d                                     0x080066c5   Thumb Code    86  f2d.o(x$fpl$f2d)
    __aeabi_fdiv                             0x0800671d   Thumb Code     0  fdiv.o(x$fpl$fdiv)
    _fdiv                                    0x0800671d   Thumb Code   384  fdiv.o(x$fpl$fdiv)
    __aeabi_f2uiz                            0x080068a1   Thumb Code     0  ffixu.o(x$fpl$ffixu)
    _ffixu                                   0x080068a1   Thumb Code    62  ffixu.o(x$fpl$ffixu)
    __aeabi_ui2f                             0x080068e1   Thumb Code     0  fflt_clz.o(x$fpl$ffltu)
    _ffltu                                   0x080068e1   Thumb Code    38  fflt_clz.o(x$fpl$ffltu)
    __aeabi_fmul                             0x08006909   Thumb Code     0  fmul.o(x$fpl$fmul)
    _fmul                                    0x08006909   Thumb Code   258  fmul.o(x$fpl$fmul)
    __fpl_fnaninf                            0x08006a0b   Thumb Code   140  fnaninf.o(x$fpl$fnaninf)
    __fpl_fretinf                            0x08006a97   Thumb Code    10  fretinf.o(x$fpl$fretinf)
    _printf_fp_dec                           0x08006aa1   Thumb Code     4  printf1.o(x$fpl$printf1)
    __I$use$fp                               0x08006aa4   Number         0  usenofp.o(x$fpl$usenofp)
    Region$$Table$$Base                      0x08006b84   Number         0  anon$$obj.o(Region$$Table)
    Region$$Table$$Limit                     0x08006ba4   Number         0  anon$$obj.o(Region$$Table)
    __ctype                                  0x08006bcd   Data           0  lc_ctype_c.o(locale$$data)
    pxCurrentTCB                             0x20000000   Data           4  tasks.o(.data)
    SystemCoreClock                          0x20000054   Data           4  system_stm32f10x.o(.data)
    AHBPrescTable                            0x20000058   Data          16  system_stm32f10x.o(.data)
    u1_txcounter                             0x2000007c   Data           1  usart.o(.data)
    u1_rxcounter                             0x2000007d   Data           1  usart.o(.data)
    u1_txlength                              0x20000080   Data           4  usart.o(.data)
    u1_rxlength                              0x20000084   Data           2  usart.o(.data)
    GPIOD_BUFFER                             0x20000086   Data           2  gpio.o(.data)
    GPIOF_BUFFER                             0x20000088   Data           2  gpio.o(.data)
    GPIOE_BUFFER                             0x2000008a   Data           2  gpio.o(.data)
    GPIOG_BUFFER                             0x2000008c   Data           2  gpio.o(.data)
    Sim900a_Timeout                          0x20000090   Data           2  sim900a.o(.data)
    port                                     0x20000094   Data           4  sim900a.o(.data)
    mode                                     0x20000098   Data           1  sim900a.o(.data)
    iplen                                    0x20000099   Data           1  sim900a.o(.data)
    UART4_Timeout                            0x2000009a   Data           2  uart4.o(.data)
    UART4_RX_STA                             0x2000009c   Data           2  uart4.o(.data)
    xMutex_vPrintString                      0x200000a0   Data           4  vprintstring.o(.data)
    pxMBFrameCBByteReceived                  0x20000148   Data           4  mb.o(.data)
    pxMBFrameCBTransmitterEmpty              0x2000014c   Data           4  mb.o(.data)
    pxMBPortCBTimerExpired                   0x20000150   Data           4  mb.o(.data)
    pxMBFrameCBReceiveFSMCur                 0x20000154   Data           4  mb.o(.data)
    pxMBFrameCBTransmitFSMCur                0x20000158   Data           4  mb.o(.data)
    u1_txbuffer                              0x20004630   Data         128  usart.o(.bss)
    u1_rxbuffer                              0x200046b0   Data         128  usart.o(.bss)
    ADC1ConvertedValue                       0x20004730   Data          20  adc.o(.bss)
    UART4_TX_BUF                             0x20004748   Data         128  uart4.o(.bss)
    UART4_RX_BUF                             0x200047c8   Data         128  uart4.o(.bss)
    USART2_TX_BUF                            0x20004878   Data        1024  usart2.o(.bss)
    USART2_RX_BUF                            0x20004c78   Data        1024  usart2.o(.bss)
    __libspace_start                         0x200050c4   Data          96  libspace.o(.bss)
    __temporary_stack_top$libspace           0x20005124   Data           0  libspace.o(.bss)



==============================================================================

Memory Map of the image

  Image Entry point : 0x08000131

  Load Region LR_IROM1 (Base: 0x08000000, Size: 0x00006e38, Max: 0x00080000, ABSOLUTE, COMPRESSED[0x00006d3c])

    Execution Region ER_IROM1 (Base: 0x08000000, Size: 0x00006cd0, Max: 0x00080000, ABSOLUTE)

    Base Addr    Size         Type   Attr      Idx    E Section Name        Object

    0x08000000   0x00000130   Data   RO          575    RESET               startup_stm32f10x_hd_rtos.o
    0x08000130   0x00000008   Code   RO         1134  * !!!main             c_w.l(__main.o)
    0x08000138   0x00000034   Code   RO         1487    !!!scatter          c_w.l(__scatter.o)
    0x0800016c   0x0000005a   Code   RO         1485    !!dczerorl2         c_w.l(__dczerorl2.o)
    0x080001c6   0x00000002   PAD
    0x080001c8   0x0000001c   Code   RO         1489    !!handler_zi        c_w.l(__scatter_zi.o)
    0x080001e4   0x00000000   Code   RO         1242    .ARM.Collect$$_printf_percent$$00000000  c_w.l(_printf_percent.o)
    0x080001e4   0x00000006   Code   RO         1231    .ARM.Collect$$_printf_percent$$00000001  c_w.l(_printf_n.o)
    0x080001ea   0x00000006   Code   RO         1233    .ARM.Collect$$_printf_percent$$00000002  c_w.l(_printf_p.o)
    0x080001f0   0x00000006   Code   RO         1238    .ARM.Collect$$_printf_percent$$00000003  c_w.l(_printf_f.o)
    0x080001f6   0x00000006   Code   RO         1239    .ARM.Collect$$_printf_percent$$00000004  c_w.l(_printf_e.o)
    0x080001fc   0x00000006   Code   RO         1240    .ARM.Collect$$_printf_percent$$00000005  c_w.l(_printf_g.o)
    0x08000202   0x00000006   Code   RO         1241    .ARM.Collect$$_printf_percent$$00000006  c_w.l(_printf_a.o)
    0x08000208   0x0000000a   Code   RO         1246    .ARM.Collect$$_printf_percent$$00000007  c_w.l(_printf_ll.o)
    0x08000212   0x00000006   Code   RO         1235    .ARM.Collect$$_printf_percent$$00000008  c_w.l(_printf_i.o)
    0x08000218   0x00000006   Code   RO         1236    .ARM.Collect$$_printf_percent$$00000009  c_w.l(_printf_d.o)
    0x0800021e   0x00000006   Code   RO         1237    .ARM.Collect$$_printf_percent$$0000000A  c_w.l(_printf_u.o)
    0x08000224   0x00000006   Code   RO         1234    .ARM.Collect$$_printf_percent$$0000000B  c_w.l(_printf_o.o)
    0x0800022a   0x00000006   Code   RO         1232    .ARM.Collect$$_printf_percent$$0000000C  c_w.l(_printf_x.o)
    0x08000230   0x00000006   Code   RO         1243    .ARM.Collect$$_printf_percent$$0000000D  c_w.l(_printf_lli.o)
    0x08000236   0x00000006   Code   RO         1244    .ARM.Collect$$_printf_percent$$0000000E  c_w.l(_printf_lld.o)
    0x0800023c   0x00000006   Code   RO         1245    .ARM.Collect$$_printf_percent$$0000000F  c_w.l(_printf_llu.o)
    0x08000242   0x00000006   Code   RO         1250    .ARM.Collect$$_printf_percent$$00000010  c_w.l(_printf_llo.o)
    0x08000248   0x00000006   Code   RO         1251    .ARM.Collect$$_printf_percent$$00000011  c_w.l(_printf_llx.o)
    0x0800024e   0x0000000a   Code   RO         1247    .ARM.Collect$$_printf_percent$$00000012  c_w.l(_printf_l.o)
    0x08000258   0x00000006   Code   RO         1229    .ARM.Collect$$_printf_percent$$00000013  c_w.l(_printf_c.o)
    0x0800025e   0x00000006   Code   RO         1230    .ARM.Collect$$_printf_percent$$00000014  c_w.l(_printf_s.o)
    0x08000264   0x00000006   Code   RO         1248    .ARM.Collect$$_printf_percent$$00000015  c_w.l(_printf_lc.o)
    0x0800026a   0x00000006   Code   RO         1249    .ARM.Collect$$_printf_percent$$00000016  c_w.l(_printf_ls.o)
    0x08000270   0x00000004   Code   RO         1300    .ARM.Collect$$_printf_percent$$00000017  c_w.l(_printf_percent_end.o)
    0x08000274   0x00000002   Code   RO         1362    .ARM.Collect$$libinit$$00000000  c_w.l(libinit.o)
    0x08000276   0x00000000   Code   RO         1382    .ARM.Collect$$libinit$$00000002  c_w.l(libinit2.o)
    0x08000276   0x00000000   Code   RO         1385    .ARM.Collect$$libinit$$00000008  c_w.l(libinit2.o)
    0x08000276   0x00000000   Code   RO         1387    .ARM.Collect$$libinit$$0000000A  c_w.l(libinit2.o)
    0x08000276   0x00000000   Code   RO         1389    .ARM.Collect$$libinit$$0000000C  c_w.l(libinit2.o)
    0x08000276   0x00000006   Code   RO         1390    .ARM.Collect$$libinit$$0000000D  c_w.l(libinit2.o)
    0x0800027c   0x00000000   Code   RO         1392    .ARM.Collect$$libinit$$0000000F  c_w.l(libinit2.o)
    0x0800027c   0x0000000c   Code   RO         1393    .ARM.Collect$$libinit$$00000010  c_w.l(libinit2.o)
    0x08000288   0x00000000   Code   RO         1394    .ARM.Collect$$libinit$$00000011  c_w.l(libinit2.o)
    0x08000288   0x00000000   Code   RO         1396    .ARM.Collect$$libinit$$00000013  c_w.l(libinit2.o)
    0x08000288   0x0000000a   Code   RO         1397    .ARM.Collect$$libinit$$00000014  c_w.l(libinit2.o)
    0x08000292   0x00000000   Code   RO         1398    .ARM.Collect$$libinit$$00000015  c_w.l(libinit2.o)
    0x08000292   0x00000000   Code   RO         1400    .ARM.Collect$$libinit$$00000017  c_w.l(libinit2.o)
    0x08000292   0x00000000   Code   RO         1402    .ARM.Collect$$libinit$$00000019  c_w.l(libinit2.o)
    0x08000292   0x00000000   Code   RO         1404    .ARM.Collect$$libinit$$0000001B  c_w.l(libinit2.o)
    0x08000292   0x00000000   Code   RO         1406    .ARM.Collect$$libinit$$0000001D  c_w.l(libinit2.o)
    0x08000292   0x00000000   Code   RO         1408    .ARM.Collect$$libinit$$0000001F  c_w.l(libinit2.o)
    0x08000292   0x00000000   Code   RO         1410    .ARM.Collect$$libinit$$00000021  c_w.l(libinit2.o)
    0x08000292   0x00000000   Code   RO         1412    .ARM.Collect$$libinit$$00000023  c_w.l(libinit2.o)
    0x08000292   0x00000000   Code   RO         1416    .ARM.Collect$$libinit$$0000002A  c_w.l(libinit2.o)
    0x08000292   0x00000000   Code   RO         1418    .ARM.Collect$$libinit$$0000002C  c_w.l(libinit2.o)
    0x08000292   0x00000000   Code   RO         1420    .ARM.Collect$$libinit$$0000002E  c_w.l(libinit2.o)
    0x08000292   0x00000000   Code   RO         1422    .ARM.Collect$$libinit$$00000030  c_w.l(libinit2.o)
    0x08000292   0x00000002   Code   RO         1423    .ARM.Collect$$libinit$$00000031  c_w.l(libinit2.o)
    0x08000294   0x00000002   Code   RO         1459    .ARM.Collect$$libshutdown$$00000000  c_w.l(libshutdown.o)
    0x08000296   0x00000000   Code   RO         1470    .ARM.Collect$$libshutdown$$00000003  c_w.l(libshutdown2.o)
    0x08000296   0x00000000   Code   RO         1473    .ARM.Collect$$libshutdown$$00000006  c_w.l(libshutdown2.o)
    0x08000296   0x00000000   Code   RO         1476    .ARM.Collect$$libshutdown$$00000009  c_w.l(libshutdown2.o)
    0x08000296   0x00000000   Code   RO         1478    .ARM.Collect$$libshutdown$$0000000B  c_w.l(libshutdown2.o)
    0x08000296   0x00000000   Code   RO         1481    .ARM.Collect$$libshutdown$$0000000E  c_w.l(libshutdown2.o)
    0x08000296   0x00000002   Code   RO         1482    .ARM.Collect$$libshutdown$$0000000F  c_w.l(libshutdown2.o)
    0x08000298   0x00000000   Code   RO         1160    .ARM.Collect$$rtentry$$00000000  c_w.l(rtentry.o)
    0x08000298   0x00000000   Code   RO         1274    .ARM.Collect$$rtentry$$00000002  c_w.l(rtentry2.o)
    0x08000298   0x00000006   Code   RO         1286    .ARM.Collect$$rtentry$$00000004  c_w.l(rtentry4.o)
    0x0800029e   0x00000000   Code   RO         1276    .ARM.Collect$$rtentry$$00000009  c_w.l(rtentry2.o)
    0x0800029e   0x00000004   Code   RO         1277    .ARM.Collect$$rtentry$$0000000A  c_w.l(rtentry2.o)
    0x080002a2   0x00000000   Code   RO         1279    .ARM.Collect$$rtentry$$0000000C  c_w.l(rtentry2.o)
    0x080002a2   0x00000008   Code   RO         1280    .ARM.Collect$$rtentry$$0000000D  c_w.l(rtentry2.o)
    0x080002aa   0x00000002   Code   RO         1370    .ARM.Collect$$rtexit$$00000000  c_w.l(rtexit.o)
    0x080002ac   0x00000000   Code   RO         1425    .ARM.Collect$$rtexit$$00000002  c_w.l(rtexit2.o)
    0x080002ac   0x00000004   Code   RO         1426    .ARM.Collect$$rtexit$$00000003  c_w.l(rtexit2.o)
    0x080002b0   0x00000006   Code   RO         1427    .ARM.Collect$$rtexit$$00000004  c_w.l(rtexit2.o)
    0x080002b6   0x00000002   PAD
    0x080002b8   0x0000009e   Code   RO          125    .emb_text           port.o
    0x08000356   0x00000094   Code   RO           76    .text               list.o
    0x080003ea   0x000005ac   Code   RO           88    .text               queue.o
    0x08000996   0x00000002   PAD
    0x08000998   0x00000be0   Code   RO          106    .text               tasks.o
    0x08001578   0x000000d4   Code   RO          126    .text               port.o
    0x0800164c   0x00000124   Code   RO          150    .text               heap_2.o
    0x08001770   0x000001dc   Code   RO          175    .text               system_stm32f10x.o
    0x0800194c   0x000000dc   Code   RO          272    .text               misc.o
    0x08001a28   0x0000018c   Code   RO          367    .text               stm32f10x_dac.o
    0x08001bb4   0x00000250   Code   RO          391    .text               stm32f10x_dma.o
    0x08001e04   0x00000358   Code   RO          439    .text               stm32f10x_gpio.o
    0x0800215c   0x000003a4   Code   RO          487    .text               stm32f10x_rcc.o
    0x08002500   0x00000e1a   Code   RO          537    .text               stm32f10x_tim.o
    0x0800331a   0x00000002   PAD
    0x0800331c   0x00000408   Code   RO          549    .text               stm32f10x_usart.o
    0x08003724   0x00000040   Code   RO          576    .text               startup_stm32f10x_hd_rtos.o
    0x08003764   0x0000001a   Code   RO          580    .text               stm32f10x_it.o
    0x0800377e   0x00000002   PAD
    0x08003780   0x000001b0   Code   RO          595    .text               usart.o
    0x08003930   0x000000b4   Code   RO          685    .text               dac.o
    0x080039e4   0x000001cc   Code   RO          700    .text               sim900a.o
    0x08003bb0   0x00000178   Code   RO          734    .text               main.o
    0x08003d28   0x000000c8   Code   RO          792    .text               timer4.o
    0x08003df0   0x000001e0   Code   RO          804    .text               uart4.o
    0x08003fd0   0x00000150   Code   RO          827    .text               usart2.o
    0x08004120   0x000001ae   Code   RO          931    .text               mbfunccoils.o
    0x080042ce   0x000000ac   Code   RO          946    .text               mbfuncdisc.o
    0x0800437a   0x00000210   Code   RO          958    .text               mbfuncholding.o
    0x0800458a   0x0000008c   Code   RO          970    .text               mbfuncinput.o
    0x08004616   0x00000002   PAD
    0x08004618   0x00000094   Code   RO          982    .text               mbfuncother.o
    0x080046ac   0x000000f4   Code   RO          997    .text               mbutils.o
    0x080047a0   0x00000184   Code   RO         1072    .text               portserial.o
    0x08004924   0x000000f8   Code   RO         1094    .text               porttimer.o
    0x08004a1c   0x00000060   Code   RO         1106    .text               demo.o
    0x08004a7c   0x00000024   Code   RO         1122    .text               c_w.l(c89vsprintf.o)
    0x08004aa0   0x0000007c   Code   RO         1124    .text               c_w.l(assert.o)
    0x08004b1c   0x00000024   Code   RO         1126    .text               c_w.l(strstr.o)
    0x08004b40   0x0000003e   Code   RO         1128    .text               c_w.l(strlen.o)
    0x08004b7e   0x0000008a   Code   RO         1130    .text               c_w.l(rt_memcpy_v6.o)
    0x08004c08   0x00000006   Code   RO         1132    .text               c_w.l(heapauxi.o)
    0x08004c0e   0x00000052   Code   RO         1163    .text               c_w.l(_printf_pad.o)
    0x08004c60   0x00000024   Code   RO         1165    .text               c_w.l(_printf_truncate.o)
    0x08004c84   0x00000052   Code   RO         1167    .text               c_w.l(_printf_str.o)
    0x08004cd6   0x00000002   PAD
    0x08004cd8   0x00000078   Code   RO         1169    .text               c_w.l(_printf_dec.o)
    0x08004d50   0x0000002a   Code   RO         1171    .text               c_w.l(_printf_charcount.o)
    0x08004d7a   0x00000002   PAD
    0x08004d7c   0x00000030   Code   RO         1173    .text               c_w.l(_printf_char_common.o)
    0x08004dac   0x0000000a   Code   RO         1175    .text               c_w.l(_sputc.o)
    0x08004db6   0x00000002   PAD
    0x08004db8   0x000000bc   Code   RO         1177    .text               c_w.l(_printf_wctomb.o)
    0x08004e74   0x00000078   Code   RO         1180    .text               c_w.l(_printf_longlong_dec.o)
    0x08004eec   0x00000078   Code   RO         1186    .text               c_w.l(_printf_oct_int_ll.o)
    0x08004f64   0x0000009c   Code   RO         1206    .text               c_w.l(_printf_hex_int_ll_ptr.o)
    0x08005000   0x0000018c   Code   RO         1226    .text               c_w.l(__printf_flags_ss_wp.o)
    0x0800518c   0x00000010   Code   RO         1252    .text               c_w.l(abort.o)
    0x0800519c   0x00000014   Code   RO         1254    .text               c_w.l(assert_puts.o)
    0x080051b0   0x00000064   Code   RO         1256    .text               c_w.l(rt_memcpy_w.o)
    0x08005214   0x0000000e   Code   RO         1269    .text               c_w.l(sys_wrch.o)
    0x08005222   0x00000002   PAD
    0x08005224   0x0000000c   Code   RO         1271    .text               c_w.l(sys_exit.o)
    0x08005230   0x0000008a   Code   RO         1288    .text               c_w.l(lludiv10.o)
    0x080052ba   0x000000b8   Code   RO         1290    .text               c_w.l(_printf_intcommon.o)
    0x08005372   0x00000420   Code   RO         1292    .text               c_w.l(_printf_fp_dec.o)
    0x08005792   0x0000002c   Code   RO         1296    .text               c_w.l(_printf_char.o)
    0x080057be   0x0000002c   Code   RO         1298    .text               c_w.l(_printf_wchar.o)
    0x080057ea   0x00000040   Code   RO         1301    .text               c_w.l(_wcrtomb.o)
    0x0800582a   0x0000000e   Code   RO         1303    .text               c_w.l(defsig_abrt_outer.o)
    0x08005838   0x00000002   Code   RO         1307    .text               c_w.l(use_no_semi.o)
    0x0800583a   0x00000000   Code   RO         1309    .text               c_w.l(indicate_semi.o)
    0x0800583a   0x0000004a   Code   RO         1310    .text               c_w.l(sys_stackheap_outer.o)
    0x08005884   0x00000010   Code   RO         1312    .text               c_w.l(rt_ctype_table.o)
    0x08005894   0x00000008   Code   RO         1319    .text               c_w.l(rt_locale_intlibspace.o)
    0x0800589c   0x00000080   Code   RO         1321    .text               c_w.l(_printf_fp_infnan.o)
    0x0800591c   0x000000e4   Code   RO         1323    .text               c_w.l(bigflt0.o)
    0x08005a00   0x0000000c   Code   RO         1351    .text               c_w.l(exit.o)
    0x08005a0c   0x0000000a   Code   RO         1353    .text               c_w.l(defsig_exit.o)
    0x08005a16   0x00000002   PAD
    0x08005a18   0x00000030   Code   RO         1355    .text               c_w.l(defsig_abrt_inner.o)
    0x08005a48   0x00000008   Code   RO         1367    .text               c_w.l(libspace.o)
    0x08005a50   0x00000032   Code   RO         1377    .text               c_w.l(defsig_general.o)
    0x08005a82   0x00000002   PAD
    0x08005a84   0x00000080   Code   RO         1379    .text               c_w.l(strcmpv7m.o)
    0x08005b04   0x0000003e   Code   RO         1326    CL$$btod_d2e        c_w.l(btod.o)
    0x08005b42   0x00000046   Code   RO         1328    CL$$btod_d2e_denorm_low  c_w.l(btod.o)
    0x08005b88   0x00000060   Code   RO         1327    CL$$btod_d2e_norm_op1  c_w.l(btod.o)
    0x08005be8   0x00000338   Code   RO         1336    CL$$btod_div_common  c_w.l(btod.o)
    0x08005f20   0x000000c6   Code   RO         1333    CL$$btod_e2e        c_w.l(btod.o)
    0x08005fe6   0x00000028   Code   RO         1330    CL$$btod_ediv       c_w.l(btod.o)
    0x0800600e   0x00000028   Code   RO         1329    CL$$btod_emul       c_w.l(btod.o)
    0x08006036   0x00000244   Code   RO         1335    CL$$btod_mult_common  c_w.l(btod.o)
    0x0800627a   0x00000028   Code   RO         1365    i.__ARM_fpclassify  m_ws.l(fpclassify.o)
    0x080062a2   0x0000000e   Code   RO         1219    i._is_digit         c_w.l(__printf_wp.o)
    0x080062b0   0x0000002c   Code   RO         1349    locale$$code        c_w.l(lc_numeric_c.o)
    0x080062dc   0x0000002c   Code   RO         1373    locale$$code        c_w.l(lc_ctype_c.o)
    0x08006308   0x00000062   Code   RO         1136    x$fpl$d2f           fz_ws.l(d2f.o)
    0x0800636a   0x00000002   PAD
    0x0800636c   0x000002b0   Code   RO         1139    x$fpl$ddiv          fz_ws.l(ddiv.o)
    0x0800661c   0x0000009c   Code   RO         1258    x$fpl$dnaninf       fz_ws.l(dnaninf.o)
    0x080066b8   0x0000000c   Code   RO         1260    x$fpl$dretinf       fz_ws.l(dretinf.o)
    0x080066c4   0x00000056   Code   RO         1142    x$fpl$f2d           fz_ws.l(f2d.o)
    0x0800671a   0x00000002   PAD
    0x0800671c   0x00000184   Code   RO         1145    x$fpl$fdiv          fz_ws.l(fdiv.o)
    0x080068a0   0x0000003e   Code   RO         1148    x$fpl$ffixu         fz_ws.l(ffixu.o)
    0x080068de   0x00000002   PAD
    0x080068e0   0x00000026   Code   RO         1152    x$fpl$ffltu         fz_ws.l(fflt_clz.o)
    0x08006906   0x00000002   PAD
    0x08006908   0x00000102   Code   RO         1158    x$fpl$fmul          fz_ws.l(fmul.o)
    0x08006a0a   0x0000008c   Code   RO         1262    x$fpl$fnaninf       fz_ws.l(fnaninf.o)
    0x08006a96   0x0000000a   Code   RO         1264    x$fpl$fretinf       fz_ws.l(fretinf.o)
    0x08006aa0   0x00000004   Code   RO         1266    x$fpl$printf1       fz_ws.l(printf1.o)
    0x08006aa4   0x00000000   Code   RO         1268    x$fpl$usenofp       fz_ws.l(usenofp.o)
    0x08006aa4   0x00000008   Data   RO         1178    .constdata          c_w.l(_printf_wctomb.o)
    0x08006aac   0x00000028   Data   RO         1207    .constdata          c_w.l(_printf_hex_int_ll_ptr.o)
    0x08006ad4   0x00000011   Data   RO         1227    .constdata          c_w.l(__printf_flags_ss_wp.o)
    0x08006ae5   0x00000003   PAD
    0x08006ae8   0x00000094   Data   RO         1324    .constdata          c_w.l(bigflt0.o)
    0x08006b7c   0x00000005   Data   RO          702    .conststring        sim900a.o
    0x08006b81   0x00000003   PAD
    0x08006b84   0x00000020   Data   RO         1483    Region$$Table       anon$$obj.o
    0x08006ba4   0x0000001c   Data   RO         1348    locale$$data        c_w.l(lc_numeric_c.o)
    0x08006bc0   0x00000110   Data   RO         1372    locale$$data        c_w.l(lc_ctype_c.o)


    Execution Region RW_IRAM1 (Base: 0x20000000, Size: 0x00005728, Max: 0x00010000, ABSOLUTE, COMPRESSED[0x0000006c])

    Base Addr    Size         Type   Attr      Idx    E Section Name        Object

    0x20000000   0x00000038   Data   RW          108    .data               tasks.o
    0x20000038   0x00000004   Data   RW          127    .data               port.o
    0x2000003c   0x00000018   Data   RW          152    .data               heap_2.o
    0x20000054   0x00000014   Data   RW          176    .data               system_stm32f10x.o
    0x20000068   0x00000014   Data   RW          488    .data               stm32f10x_rcc.o
    0x2000007c   0x0000000a   Data   RW          597    .data               usart.o
    0x20000086   0x00000008   Data   RW          625    .data               gpio.o
    0x2000008e   0x00000002   PAD
    0x20000090   0x0000000a   Data   RW          703    .data               sim900a.o
    0x2000009a   0x00000004   Data   RW          806    .data               uart4.o
    0x2000009e   0x00000002   PAD
    0x200000a0   0x00000004   Data   RW          843    .data               vprintstring.o
    0x200000a4   0x000000b8   Data   RW          858    .data               mb.o
    0x2000015c   0x00000002   Data   RW          984    .data               mbfuncother.o
    0x2000015e   0x0000000a   Data   RW         1107    .data               demo.o
    0x20000168   0x000000c8   Zero   RW          107    .bss                tasks.o
    0x20000230   0x00004400   Zero   RW          151    .bss                heap_2.o
    0x20004630   0x00000100   Zero   RW          596    .bss                usart.o
    0x20004730   0x00000014   Zero   RW          668    .bss                adc.o
    0x20004744   0x00000004   PAD
    0x20004748   0x0000012c   Zero   RW          805    .bss                uart4.o
    0x20004874   0x00000004   PAD
    0x20004878   0x0000082c   Zero   RW          828    .bss                usart2.o
    0x200050a4   0x00000020   Zero   RW          983    .bss                mbfuncother.o
    0x200050c4   0x00000060   Zero   RW         1368    .bss                c_w.l(libspace.o)
    0x20005124   0x00000004   PAD
    0x20005128   0x00000200   Zero   RW          574    HEAP                startup_stm32f10x_hd_rtos.o
    0x20005328   0x00000400   Zero   RW          573    STACK               startup_stm32f10x_hd_rtos.o


==============================================================================

Image component sizes


      Code (inc. data)   RO Data    RW Data    ZI Data      Debug   Object Name

         0          0          0          0         20        397   adc.o
         0          0          0          0          0      10520   croutine.o
       180         14          0          0          0        685   dac.o
        96          8          0         10          0       2043   demo.o
         0          0          0          0          0       1316   event_groups.o
         0          0          0          8          0        482   gpio.o
       292         20          0         24      17408       2976   heap_2.o
       148          0          0          0          0       1702   list.o
       376        158          0          0          0       2874   main.o
         0          0          0        184          0       6858   mb.o
       430          0          0          0          0       2914   mbfunccoils.o
       172          0          0          0          0       1524   mbfuncdisc.o
       528          0          0          0          0       3753   mbfuncholding.o
       140          0          0          0          0       1471   mbfuncinput.o
       148          8          0          2         32       1633   mbfuncother.o
       244         64          0          0          0       1826   mbutils.o
       220         20          0          0          0     206597   misc.o
       370         30          0          4          0       4175   port.o
       388         16          0          0          0       3916   portserial.o
       248         10          0          0          0       1193   porttimer.o
      1452          0          0          0          0      10962   queue.o
       460        174          5         10          0       1607   sim900a.o
        64         26        304          0       1536        844   startup_stm32f10x_hd_rtos.o
       396          6          0          0          0       3614   stm32f10x_dac.o
       592          8          0          0          0       4294   stm32f10x_dma.o
       856         40          0          0          0       5609   stm32f10x_gpio.o
        26          0          0          0          0       1134   stm32f10x_it.o
       932         44          0         20          0       8736   stm32f10x_rcc.o
      3610         88          0          0          0      22096   stm32f10x_tim.o
      1032         22          0          0          0       8332   stm32f10x_usart.o
       476         36          0         20          0      59955   system_stm32f10x.o
      3040        202          0         56        200      13995   tasks.o
       200         18          0          0          0        632   timer4.o
       480         36          0          4        300       2147   uart4.o
       432         30          0         10        256       2400   usart.o
       336         20          0          0       2092       1722   usart2.o
         0          0          0          4          0        182   vprintstring.o

    ----------------------------------------------------------------------
     18372       1098        344        360      21852     407116   Object Totals
         0          0         32          0          0          0   (incl. Generated)
         8          0          3          4          8          0   (incl. Padding)

    ----------------------------------------------------------------------

      Code (inc. data)   RO Data    RW Data    ZI Data      Debug   Library Member Name

        90          0          0          0          0          0   __dczerorl2.o
         8          0          0          0          0         68   __main.o
       396          6         17          0          0         92   __printf_flags_ss_wp.o
        14          0          0          0          0         68   __printf_wp.o
        52          8          0          0          0          0   __scatter.o
        28          0          0          0          0          0   __scatter_zi.o
         6          0          0          0          0          0   _printf_a.o
         6          0          0          0          0          0   _printf_c.o
        44          0          0          0          0        108   _printf_char.o
        48          6          0          0          0         96   _printf_char_common.o
        42          0          0          0          0         68   _printf_charcount.o
         6          0          0          0          0          0   _printf_d.o
       120         18          0          0          0         92   _printf_dec.o
         6          0          0          0          0          0   _printf_e.o
         6          0          0          0          0          0   _printf_f.o
      1056          0          0          0          0        216   _printf_fp_dec.o
       128         16          0          0          0         84   _printf_fp_infnan.o
         6          0          0          0          0          0   _printf_g.o
       156          6         40          0          0        160   _printf_hex_int_ll_ptr.o
         6          0          0          0          0          0   _printf_i.o
       184          0          0          0          0         88   _printf_intcommon.o
        10          0          0          0          0          0   _printf_l.o
         6          0          0          0          0          0   _printf_lc.o
        10          0          0          0          0          0   _printf_ll.o
         6          0          0          0          0          0   _printf_lld.o
         6          0          0          0          0          0   _printf_lli.o
         6          0          0          0          0          0   _printf_llo.o
         6          0          0          0          0          0   _printf_llu.o
         6          0          0          0          0          0   _printf_llx.o
       120         16          0          0          0         92   _printf_longlong_dec.o
         6          0          0          0          0          0   _printf_ls.o
         6          0          0          0          0          0   _printf_n.o
         6          0          0          0          0          0   _printf_o.o
       120          8          0          0          0        124   _printf_oct_int_ll.o
         6          0          0          0          0          0   _printf_p.o
        82          0          0          0          0        108   _printf_pad.o
         0          0          0          0          0          0   _printf_percent.o
         4          0          0          0          0          0   _printf_percent_end.o
         6          0          0          0          0          0   _printf_s.o
        82          0          0          0          0         80   _printf_str.o
        36          0          0          0          0         84   _printf_truncate.o
         6          0          0          0          0          0   _printf_u.o
        44          0          0          0          0        108   _printf_wchar.o
       188          6          8          0          0         92   _printf_wctomb.o
         6          0          0          0          0          0   _printf_x.o
        10          0          0          0          0         68   _sputc.o
        64          0          0          0          0         92   _wcrtomb.o
        16          0          0          0          0         72   abort.o
       124         40          0          0          0         76   assert.o
        20          0          0          0          0         76   assert_puts.o
       228          6        148          0          0         96   bigflt0.o
      1910        128          0          0          0        672   btod.o
        36          4          0          0          0         76   c89vsprintf.o
        48         34          0          0          0         76   defsig_abrt_inner.o
        14          0          0          0          0         80   defsig_abrt_outer.o
        10          0          0          0          0         68   defsig_exit.o
        50          0          0          0          0         88   defsig_general.o
        12          0          0          0          0         72   exit.o
         6          0          0          0          0        152   heapauxi.o
         0          0          0          0          0          0   indicate_semi.o
        44         10        272          0          0         76   lc_ctype_c.o
        44         10         28          0          0         76   lc_numeric_c.o
         2          0          0          0          0          0   libinit.o
        30          0          0          0          0          0   libinit2.o
         2          0          0          0          0          0   libshutdown.o
         2          0          0          0          0          0   libshutdown2.o
         8          4          0          0         96         68   libspace.o
       138          0          0          0          0         80   lludiv10.o
        16          4          0          0          0         76   rt_ctype_table.o
         8          4          0          0          0         68   rt_locale_intlibspace.o
       138          0          0          0          0         68   rt_memcpy_v6.o
       100          0          0          0          0         80   rt_memcpy_w.o
         0          0          0          0          0          0   rtentry.o
        12          0          0          0          0          0   rtentry2.o
         6          0          0          0          0          0   rtentry4.o
         2          0          0          0          0          0   rtexit.o
        10          0          0          0          0          0   rtexit2.o
       128          0          0          0          0         68   strcmpv7m.o
        62          0          0          0          0         76   strlen.o
        36          0          0          0          0         80   strstr.o
        12          4          0          0          0         68   sys_exit.o
        74          0          0          0          0         80   sys_stackheap_outer.o
        14          0          0          0          0         76   sys_wrch.o
         2          0          0          0          0         68   use_no_semi.o
        98          4          0          0          0         92   d2f.o
       688        140          0          0          0        208   ddiv.o
       156          4          0          0          0         92   dnaninf.o
        12          0          0          0          0         68   dretinf.o
        86          4          0          0          0         84   f2d.o
       388         76          0          0          0         96   fdiv.o
        62          4          0          0          0         84   ffixu.o
        38          0          0          0          0         68   fflt_clz.o
       258          4          0          0          0         84   fmul.o
       140          4          0          0          0         84   fnaninf.o
        10          0          0          0          0         68   fretinf.o
         4          0          0          0          0         68   printf1.o
         0          0          0          0          0          0   usenofp.o
        40          0          0          0          0         68   fpclassify.o

    ----------------------------------------------------------------------
      8624        578        516          0        100       5864   Library Totals
        24          0          3          0          4          0   (incl. Padding)

    ----------------------------------------------------------------------

      Code (inc. data)   RO Data    RW Data    ZI Data      Debug   Library Name

      6620        338        513          0         96       4700   c_w.l
      1940        240          0          0          0       1096   fz_ws.l
        40          0          0          0          0         68   m_ws.l

    ----------------------------------------------------------------------
      8624        578        516          0        100       5864   Library Totals

    ----------------------------------------------------------------------

==============================================================================


      Code (inc. data)   RO Data    RW Data    ZI Data      Debug   

     26996       1676        860        360      21952     406792   Grand Totals
     26996       1676        860        108      21952     406792   ELF Image Totals (compressed)
     26996       1676        860        108          0          0   ROM Totals

==============================================================================

    Total RO  Size (Code + RO Data)                27856 (  27.20kB)
    Total RW  Size (RW Data + ZI Data)             22312 (  21.79kB)
    Total ROM Size (Code + RO Data + RW Data)      27964 (  27.31kB)

==============================================================================

