<html>
<body>
<pre>
<h1>µVision Build Log</h1>
<h2>Project:</h2>
C:\Users\jeqi\Documents\F103ZET6\STM32F103.uvproj
Project File Date:  09/01/2014

<h2>Output:</h2>
Build target 'Target 1'
compiling croutine.c...
compiling event_groups.c...
compiling list.c...
compiling queue.c...
compiling tasks.c...
compiling port.c...
compiling timers.c...
compiling heap_2.c...
compiling core_cm3.c...
compiling system_stm32f10x.c...
compiling misc.c...
compiling stm32f10x_adc.c...
compiling stm32f10x_bkp.c...
compiling stm32f10x_can.c...
compiling stm32f10x_cec.c...
compiling stm32f10x_crc.c...
compiling stm32f10x_dac.c...
compiling stm32f10x_dbgmcu.c...
compiling stm32f10x_dma.c...
compiling stm32f10x_exti.c...
compiling stm32f10x_flash.c...
compiling stm32f10x_fsmc.c...
compiling stm32f10x_gpio.c...
compiling stm32f10x_i2c.c...
compiling stm32f10x_iwdg.c...
compiling stm32f10x_pwr.c...
compiling stm32f10x_rcc.c...
compiling stm32f10x_rtc.c...
compiling stm32f10x_sdio.c...
compiling stm32f10x_spi.c...
compiling stm32f10x_tim.c...
compiling stm32f10x_usart.c...
compiling stm32f10x_wwdg.c...
assembling startup_stm32f10x_hd_rtos.s...
compiling stm32f10x_it.c...
compiling usart.c...
usr\usart.c(161): error:  #20: identifier "va_list" is undefined
usr\usart.c(162): warning:  #223-D: function "va_start" declared implicitly
usr\usart.c(164): warning:  #223-D: function "va_end" declared implicitly
usr\usart.c(165): warning:  #223-D: function "strlen" declared implicitly
compiling GPIO.c...
compiling pwm.c...
compiling adc.c...
compiling dac.c...
compiling sim900a.c...
usr\sim900a.c(36): warning:  #767-D: conversion from pointer to smaller integer
usr\sim900a.c(38): warning:  #223-D: function "vTaskDelay" declared implicitly
usr\sim900a.c(46): warning:  #223-D: function "vTaskDelay" declared implicitly
compiling main.c...
usr\main.c(40): warning:  #550-D: variable "temp1" was set but never used
usr\main.c(40): warning:  #550-D: variable "temp2" was set but never used
usr\main.c(92): warning:  #111-D: statement is unreachable
compiling nvic.c...
compiling timer4.c...
compiling uart4.c...
usr\uart4.c(163): warning:  #223-D: function "vTaskDelay" declared implicitly
compiling usart2.c...
usr\usart2.c(137): warning:  #223-D: function "vTaskDelay" declared implicitly
compiling vPrintString.c...
Target not created
Build target 'Target 1'
compiling usart.c...
usr\usart.c(165): warning:  #223-D: function "strlen" declared implicitly
compiling main.c...
usr\main.c(40): warning:  #550-D: variable "temp1" was set but never used
usr\main.c(40): warning:  #550-D: variable "temp2" was set but never used
usr\main.c(92): warning:  #111-D: statement is unreachable
linking...
Program Size: Code=20036 RO-data=344 RW-data=164 ZI-data=21308  
FromELF: creating hex file...
".\OBJ\STM32F103.axf" - 0 Error(s), 4 Warning(s).
Build target 'Target 1'
compiling usart.c...
usr\usart.c(165): warning:  #223-D: function "strlen" declared implicitly
linking...
Program Size: Code=20036 RO-data=344 RW-data=168 ZI-data=21312  
FromELF: creating hex file...
".\OBJ\STM32F103.axf" - 0 Error(s), 1 Warning(s).
Build target 'Target 1'
compiling usart.c...
usr\usart.c(165): warning:  #223-D: function "strlen" declared implicitly
linking...
Program Size: Code=20036 RO-data=344 RW-data=168 ZI-data=21312  
FromELF: creating hex file...
".\OBJ\STM32F103.axf" - 0 Error(s), 1 Warning(s).
Build target 'Target 1'
compiling usart.c...
usr\usart.c(165): warning:  #223-D: function "strlen" declared implicitly
linking...
Program Size: Code=20036 RO-data=344 RW-data=168 ZI-data=21312  
FromELF: creating hex file...
".\OBJ\STM32F103.axf" - 0 Error(s), 1 Warning(s).
Load "C:\\Users\\jeqi\\Documents\\F103ZET6\\OBJ\\STM32F103.AXF" 
* JLink Info: Device "STM32F103ZE" selected (512 KB flash, 64 KB RAM).
Set JLink Project File to "C:\Users\jeqi\Documents\F103ZET6\JLinkSettings.ini"
 
JLink info:
------------
DLL: V4.40c, compiled Jan 24 2012 09:30:33
Firmware: J-Link ARM V8 compiled Nov 25 2013 19:20:08
Hardware: V8.00
S/N : 20100213 
Feature(s) : RDI,FlashDL,FlashBP,JFlash,GDBFULL 
 
* JLink Info: Found SWD-DP with ID 0x1BA01477
* JLink Info: TPIU fitted.
* JLink Info: ETM fitted.
* JLink Info:   FPUnit: 6 code (BP) slots and 2 literal slots
* JLink Info: Found Cortex-M3 r1p1, Little endian.
ROMTableAddr = 0xE00FF003
* JLink Info: Found SWD-DP with ID 0x1BA01477
* JLink Info: TPIU fitted.
* JLink Info: ETM fitted.
* JLink Info:   FPUnit: 6 code (BP) slots and 2 literal slots
* JLink Info: Found Cortex-M3 r1p1, Little endian.
 
Target info:
------------
Device: STM32F103ZE
VTarget = 3.325V
State of Pins: 
TCK: 0, TDI: 1, TDO: 1, TMS: 1, TRES: 1, TRST: 1
Hardware-Breakpoints: 6
Software-Breakpoints: 8192
Watchpoints:          4
JTAG speed: 4000 kHz
 
Erase Failed!
Build target 'Target 1'
linking...
Program Size: Code=20036 RO-data=344 RW-data=168 ZI-data=21312  
FromELF: creating hex file...
".\OBJ\STM32F103.axf" - 0 Error(s), 0 Warning(s).
Load "C:\\Users\\jeqi\\Documents\\F103ZET6\\OBJ\\STM32F103.AXF" 
* JLink Info: Device "STM32F103ZE" selected (512 KB flash, 64 KB RAM).
Set JLink Project File to "C:\Users\jeqi\Documents\F103ZET6\JLinkSettings.ini"
 
JLink info:
------------
DLL: V4.40c, compiled Jan 24 2012 09:30:33
Firmware: J-Link ARM V8 compiled Nov 25 2013 19:20:08
Hardware: V8.00
S/N : 20100213 
Feature(s) : RDI,FlashDL,FlashBP,JFlash,GDBFULL 
 
* JLink Info: Found SWD-DP with ID 0x1BA01477
* JLink Info: TPIU fitted.
* JLink Info: ETM fitted.
* JLink Info:   FPUnit: 6 code (BP) slots and 2 literal slots
* JLink Info: Found Cortex-M3 r1p1, Little endian.
ROMTableAddr = 0xE00FF003
* JLink Info: Found SWD-DP with ID 0x1BA01477
* JLink Info: TPIU fitted.
* JLink Info: ETM fitted.
* JLink Info:   FPUnit: 6 code (BP) slots and 2 literal slots
* JLink Info: Found Cortex-M3 r1p1, Little endian.
 
Target info:
------------
Device: STM32F103ZE
VTarget = 3.325V
State of Pins: 
TCK: 0, TDI: 1, TDO: 1, TMS: 1, TRES: 1, TRST: 1
Hardware-Breakpoints: 6
Software-Breakpoints: 8192
Watchpoints:          4
JTAG speed: 4000 kHz
 
Erase Done.
Programming Done.
Verify OK.
Build target 'Target 1'
compiling croutine.c...
compiling event_groups.c...
compiling list.c...
compiling queue.c...
compiling tasks.c...
compiling port.c...
compiling timers.c...
compiling heap_2.c...
compiling core_cm3.c...
compiling system_stm32f10x.c...
compiling misc.c...
compiling stm32f10x_adc.c...
compiling stm32f10x_bkp.c...
compiling stm32f10x_can.c...
compiling stm32f10x_cec.c...
compiling stm32f10x_crc.c...
compiling stm32f10x_dac.c...
compiling stm32f10x_dbgmcu.c...
compiling stm32f10x_dma.c...
compiling stm32f10x_exti.c...
compiling stm32f10x_flash.c...
compiling stm32f10x_fsmc.c...
compiling stm32f10x_gpio.c...
compiling stm32f10x_i2c.c...
compiling stm32f10x_iwdg.c...
compiling stm32f10x_pwr.c...
compiling stm32f10x_rcc.c...
compiling stm32f10x_rtc.c...
compiling stm32f10x_sdio.c...
compiling stm32f10x_spi.c...
compiling stm32f10x_tim.c...
compiling stm32f10x_usart.c...
compiling stm32f10x_wwdg.c...
compiling stm32f10x_it.c...
compiling usart.c...
usr\usart.c(165): warning:  #223-D: function "strlen" declared implicitly
compiling GPIO.c...
compiling pwm.c...
compiling adc.c...
compiling dac.c...
compiling sim900a.c...
usr\sim900a.c(36): warning:  #767-D: conversion from pointer to smaller integer
usr\sim900a.c(38): warning:  #223-D: function "vTaskDelay" declared implicitly
usr\sim900a.c(46): warning:  #223-D: function "vTaskDelay" declared implicitly
compiling main.c...
usr\main.c(40): warning:  #550-D: variable "temp1" was set but never used
usr\main.c(40): warning:  #550-D: variable "temp2" was set but never used
usr\main.c(92): warning:  #111-D: statement is unreachable
compiling nvic.c...
compiling timer4.c...
compiling uart4.c...
usr\uart4.c(163): warning:  #223-D: function "vTaskDelay" declared implicitly
compiling usart2.c...
usr\usart2.c(137): warning:  #223-D: function "vTaskDelay" declared implicitly
compiling vPrintString.c...
compiling mb.c...
compiling mbascii.c...
compiling mbfunccoils.c...
compiling mbfuncdiag.c...
compiling mbfuncdisc.c...
compiling mbfuncholding.c...
compiling mbfuncinput.c...
compiling mbfuncother.c...
compiling mbutils.c...
compiling mbcrc.c...
compiling mbrtu.c...
freemodbus-v1.5.0\modbus\rtu\mbrtu.c(153): warning:  #550-D: variable "xFrameReceived" was set but never used
compiling mbtcp.c...
compiling portevent.c...
compiling portserial.c...
compiling porttimer.c...
freemodbus-v1.5.0\demo\STM32F103ZET6\port\porttimer.c(71): error:  #77-D: this declaration has no storage class or type specifier
freemodbus-v1.5.0\demo\STM32F103ZET6\port\porttimer.c(71): error:  #65: expected a ";"
freemodbus-v1.5.0\demo\STM32F103ZET6\port\porttimer.c(115): warning: At end of source:  #12-D: parsing restarts here after previous syntax error
freemodbus-v1.5.0\demo\STM32F103ZET6\port\porttimer.c(31): warning:  #177-D: function "prvvTIMERExpiredISR" was declared but never referenced
Target not created
Build target 'Target 1'
compiling porttimer.c...
freemodbus-v1.5.0\demo\STM32F103ZET6\port\porttimer.c(84): error:  #77-D: this declaration has no storage class or type specifier
freemodbus-v1.5.0\demo\STM32F103ZET6\port\porttimer.c(84): error:  #65: expected a ";"
freemodbus-v1.5.0\demo\STM32F103ZET6\port\porttimer.c(115): warning: At end of source:  #12-D: parsing restarts here after previous syntax error
freemodbus-v1.5.0\demo\STM32F103ZET6\port\porttimer.c(31): warning:  #177-D: function "prvvTIMERExpiredISR" was declared but never referenced
Target not created
Build target 'Target 1'
compiling porttimer.c...
linking...
.\OBJ\STM32F103.axf: Error: L6200E: Symbol TIM4_IRQHandler multiply defined (by porttimer.o and timer4.o).
Target not created
Build target 'Target 1'
compiling porttimer.c...
linking...
.\OBJ\STM32F103.axf: Error: L6218E: Undefined symbol __aeabi_assert (referred from mbascii.o).
.\OBJ\STM32F103.axf: Error: L6218E: Undefined symbol vMBPortTimersDisable (referred from mbascii.o).
.\OBJ\STM32F103.axf: Error: L6218E: Undefined symbol vMBPortTimersEnable (referred from mbascii.o).
.\OBJ\STM32F103.axf: Error: L6218E: Undefined symbol eMBRegCoilsCB (referred from mbfunccoils.o).
.\OBJ\STM32F103.axf: Error: L6218E: Undefined symbol eMBRegDiscreteCB (referred from mbfuncdisc.o).
.\OBJ\STM32F103.axf: Error: L6218E: Undefined symbol eMBRegHoldingCB (referred from mbfuncholding.o).
.\OBJ\STM32F103.axf: Error: L6218E: Undefined symbol eMBRegInputCB (referred from mbfuncinput.o).
Target not created
Build target 'Target 1'
linking...
.\OBJ\STM32F103.axf: Error: L6218E: Undefined symbol __aeabi_assert (referred from mbascii.o).
.\OBJ\STM32F103.axf: Error: L6218E: Undefined symbol vMBPortTimersDisable (referred from mbascii.o).
.\OBJ\STM32F103.axf: Error: L6218E: Undefined symbol vMBPortTimersEnable (referred from mbascii.o).
.\OBJ\STM32F103.axf: Error: L6218E: Undefined symbol eMBRegCoilsCB (referred from mbfunccoils.o).
.\OBJ\STM32F103.axf: Error: L6218E: Undefined symbol eMBRegDiscreteCB (referred from mbfuncdisc.o).
.\OBJ\STM32F103.axf: Error: L6218E: Undefined symbol eMBRegHoldingCB (referred from mbfuncholding.o).
.\OBJ\STM32F103.axf: Error: L6218E: Undefined symbol eMBRegInputCB (referred from mbfuncinput.o).
Target not created
Build target 'Target 1'
compiling mb.c...
compiling mbascii.c...
freemodbus-v1.5.0\modbus\ascii\mbascii.c(157): warning:  #223-D: function "assert" declared implicitly
freemodbus-v1.5.0\modbus\ascii\mbascii.c(228): warning:  #223-D: function "assert" declared implicitly
freemodbus-v1.5.0\modbus\ascii\mbascii.c(336): warning:  #223-D: function "assert" declared implicitly
freemodbus-v1.5.0\modbus\ascii\mbascii.c(424): warning:  #223-D: function "assert" declared implicitly
freemodbus-v1.5.0\modbus\ascii\mbascii.c(465): warning:  #223-D: function "assert" declared implicitly
compiling mbfunccoils.c...
compiling mbfuncdisc.c...
compiling mbfuncholding.c...
compiling mbfuncinput.c...
compiling mbfuncother.c...
compiling mbutils.c...
freemodbus-v1.5.0\modbus\functions\mbutils.c(56): warning:  #223-D: function "assert" declared implicitly
compiling mbcrc.c...
compiling mbrtu.c...
freemodbus-v1.5.0\modbus\rtu\mbrtu.c(157): warning:  #223-D: function "assert" declared implicitly
freemodbus-v1.5.0\modbus\rtu\mbrtu.c(153): warning:  #550-D: variable "xFrameReceived" was set but never used
freemodbus-v1.5.0\modbus\rtu\mbrtu.c(235): warning:  #223-D: function "assert" declared implicitly
freemodbus-v1.5.0\modbus\rtu\mbrtu.c(294): warning:  #223-D: function "assert" declared implicitly
freemodbus-v1.5.0\modbus\rtu\mbrtu.c(351): warning:  #223-D: function "assert" declared implicitly
compiling mbtcp.c...
compiling portevent.c...
compiling portserial.c...
compiling porttimer.c...
linking...
.\OBJ\STM32F103.axf: Error: L6218E: Undefined symbol assert (referred from mbascii.o).
.\OBJ\STM32F103.axf: Error: L6218E: Undefined symbol vMBPortTimersDisable (referred from mbascii.o).
.\OBJ\STM32F103.axf: Error: L6218E: Undefined symbol vMBPortTimersEnable (referred from mbascii.o).
.\OBJ\STM32F103.axf: Error: L6218E: Undefined symbol eMBRegCoilsCB (referred from mbfunccoils.o).
.\OBJ\STM32F103.axf: Error: L6218E: Undefined symbol eMBRegDiscreteCB (referred from mbfuncdisc.o).
.\OBJ\STM32F103.axf: Error: L6218E: Undefined symbol eMBRegHoldingCB (referred from mbfuncholding.o).
.\OBJ\STM32F103.axf: Error: L6218E: Undefined symbol eMBRegInputCB (referred from mbfuncinput.o).
Target not created
Build target 'Target 1'
compiling system_stm32f10x.c...
compiling misc.c...
compiling stm32f10x_adc.c...
compiling stm32f10x_bkp.c...
compiling stm32f10x_can.c...
compiling stm32f10x_cec.c...
compiling stm32f10x_crc.c...
compiling stm32f10x_dac.c...
compiling stm32f10x_dbgmcu.c...
compiling stm32f10x_dma.c...
compiling stm32f10x_exti.c...
compiling stm32f10x_flash.c...
compiling stm32f10x_fsmc.c...
compiling stm32f10x_gpio.c...
compiling stm32f10x_i2c.c...
compiling stm32f10x_iwdg.c...
compiling stm32f10x_pwr.c...
compiling stm32f10x_rcc.c...
compiling stm32f10x_rtc.c...
compiling stm32f10x_sdio.c...
compiling stm32f10x_spi.c...
compiling stm32f10x_tim.c...
compiling stm32f10x_usart.c...
compiling stm32f10x_wwdg.c...
compiling stm32f10x_it.c...
compiling usart.c...
usr\usart.c(165): warning:  #223-D: function "strlen" declared implicitly
compiling GPIO.c...
compiling pwm.c...
compiling adc.c...
compiling dac.c...
compiling sim900a.c...
usr\sim900a.c(36): warning:  #767-D: conversion from pointer to smaller integer
usr\sim900a.c(38): warning:  #223-D: function "vTaskDelay" declared implicitly
usr\sim900a.c(46): warning:  #223-D: function "vTaskDelay" declared implicitly
compiling main.c...
usr\main.c(40): warning:  #550-D: variable "temp1" was set but never used
usr\main.c(40): warning:  #550-D: variable "temp2" was set but never used
usr\main.c(92): warning:  #111-D: statement is unreachable
compiling nvic.c...
compiling timer4.c...
compiling uart4.c...
usr\uart4.c(163): warning:  #223-D: function "vTaskDelay" declared implicitly
compiling usart2.c...
usr\usart2.c(137): warning:  #223-D: function "vTaskDelay" declared implicitly
compiling mb.c...
compiling mbascii.c...
compiling mbfunccoils.c...
compiling mbfuncdisc.c...
compiling mbfuncholding.c...
compiling mbfuncinput.c...
compiling mbfuncother.c...
compiling mbutils.c...
compiling mbcrc.c...
compiling mbrtu.c...
freemodbus-v1.5.0\modbus\rtu\mbrtu.c(153): warning:  #550-D: variable "xFrameReceived" was set but never used
compiling mbtcp.c...
compiling portevent.c...
compiling portserial.c...
.\usr\stm32f10x_conf.h(77): warning:  #47-D: incompatible redefinition of macro "assert" (declared at line 67 of "C:\Keil\ARM\RV31\Inc\assert.h")
compiling porttimer.c...
.\usr\stm32f10x_conf.h(77): warning:  #47-D: incompatible redefinition of macro "assert" (declared at line 67 of "C:\Keil\ARM\RV31\Inc\assert.h")
linking...
.\OBJ\STM32F103.axf: Error: L6218E: Undefined symbol __aeabi_assert (referred from mbascii.o).
.\OBJ\STM32F103.axf: Error: L6218E: Undefined symbol vMBPortTimersDisable (referred from mbascii.o).
.\OBJ\STM32F103.axf: Error: L6218E: Undefined symbol vMBPortTimersEnable (referred from mbascii.o).
.\OBJ\STM32F103.axf: Error: L6218E: Undefined symbol eMBRegCoilsCB (referred from mbfunccoils.o).
.\OBJ\STM32F103.axf: Error: L6218E: Undefined symbol eMBRegDiscreteCB (referred from mbfuncdisc.o).
.\OBJ\STM32F103.axf: Error: L6218E: Undefined symbol eMBRegHoldingCB (referred from mbfuncholding.o).
.\OBJ\STM32F103.axf: Error: L6218E: Undefined symbol eMBRegInputCB (referred from mbfuncinput.o).
Target not created
Build target 'Target 1'
compiling system_stm32f10x.c...
compiling misc.c...
compiling stm32f10x_adc.c...
compiling stm32f10x_bkp.c...
compiling stm32f10x_can.c...
compiling stm32f10x_cec.c...
compiling stm32f10x_crc.c...
compiling stm32f10x_dac.c...
compiling stm32f10x_dbgmcu.c...
compiling stm32f10x_dma.c...
compiling stm32f10x_exti.c...
compiling stm32f10x_flash.c...
compiling stm32f10x_fsmc.c...
compiling stm32f10x_gpio.c...
compiling stm32f10x_i2c.c...
compiling stm32f10x_iwdg.c...
compiling stm32f10x_pwr.c...
compiling stm32f10x_rcc.c...
compiling stm32f10x_rtc.c...
compiling stm32f10x_sdio.c...
compiling stm32f10x_spi.c...
compiling stm32f10x_tim.c...
compiling stm32f10x_usart.c...
compiling stm32f10x_wwdg.c...
compiling stm32f10x_it.c...
compiling usart.c...
usr\usart.c(165): warning:  #223-D: function "strlen" declared implicitly
compiling GPIO.c...
compiling pwm.c...
compiling adc.c...
compiling dac.c...
compiling sim900a.c...
usr\sim900a.c(36): warning:  #767-D: conversion from pointer to smaller integer
usr\sim900a.c(38): warning:  #223-D: function "vTaskDelay" declared implicitly
usr\sim900a.c(46): warning:  #223-D: function "vTaskDelay" declared implicitly
compiling main.c...
usr\main.c(40): warning:  #550-D: variable "temp1" was set but never used
usr\main.c(40): warning:  #550-D: variable "temp2" was set but never used
usr\main.c(92): warning:  #111-D: statement is unreachable
compiling nvic.c...
compiling timer4.c...
compiling uart4.c...
usr\uart4.c(163): warning:  #223-D: function "vTaskDelay" declared implicitly
compiling usart2.c...
usr\usart2.c(137): warning:  #223-D: function "vTaskDelay" declared implicitly
compiling portserial.c...
compiling porttimer.c...
linking...
.\OBJ\STM32F103.axf: Error: L6218E: Undefined symbol __aeabi_assert (referred from mbascii.o).
.\OBJ\STM32F103.axf: Error: L6218E: Undefined symbol vMBPortTimersDisable (referred from mbascii.o).
.\OBJ\STM32F103.axf: Error: L6218E: Undefined symbol vMBPortTimersEnable (referred from mbascii.o).
.\OBJ\STM32F103.axf: Error: L6218E: Undefined symbol eMBRegCoilsCB (referred from mbfunccoils.o).
.\OBJ\STM32F103.axf: Error: L6218E: Undefined symbol eMBRegDiscreteCB (referred from mbfuncdisc.o).
.\OBJ\STM32F103.axf: Error: L6218E: Undefined symbol eMBRegHoldingCB (referred from mbfuncholding.o).
.\OBJ\STM32F103.axf: Error: L6218E: Undefined symbol eMBRegInputCB (referred from mbfuncinput.o).
Target not created
Build target 'Target 1'
compiling mbascii.c...
freemodbus-v1.5.0\modbus\ascii\mbascii.c(157): warning:  #223-D: function "assert_param" declared implicitly
freemodbus-v1.5.0\modbus\ascii\mbascii.c(228): warning:  #223-D: function "assert_param" declared implicitly
freemodbus-v1.5.0\modbus\ascii\mbascii.c(336): warning:  #223-D: function "assert_param" declared implicitly
freemodbus-v1.5.0\modbus\ascii\mbascii.c(424): warning:  #223-D: function "assert_param" declared implicitly
freemodbus-v1.5.0\modbus\ascii\mbascii.c(465): warning:  #223-D: function "assert_param" declared implicitly
linking...
.\OBJ\STM32F103.axf: Error: L6218E: Undefined symbol assert_param (referred from mbascii.o).
.\OBJ\STM32F103.axf: Error: L6218E: Undefined symbol vMBPortTimersDisable (referred from mbascii.o).
.\OBJ\STM32F103.axf: Error: L6218E: Undefined symbol vMBPortTimersEnable (referred from mbascii.o).
.\OBJ\STM32F103.axf: Error: L6218E: Undefined symbol eMBRegCoilsCB (referred from mbfunccoils.o).
.\OBJ\STM32F103.axf: Error: L6218E: Undefined symbol eMBRegDiscreteCB (referred from mbfuncdisc.o).
.\OBJ\STM32F103.axf: Error: L6218E: Undefined symbol eMBRegHoldingCB (referred from mbfuncholding.o).
.\OBJ\STM32F103.axf: Error: L6218E: Undefined symbol eMBRegInputCB (referred from mbfuncinput.o).
.\OBJ\STM32F103.axf: Error: L6218E: Undefined symbol __aeabi_assert (referred from mbutils.o).
Target not created
Build target 'Target 1'
linking...
.\OBJ\STM32F103.axf: Error: L6218E: Undefined symbol assert_param (referred from mbascii.o).
.\OBJ\STM32F103.axf: Error: L6218E: Undefined symbol vMBPortTimersDisable (referred from mbascii.o).
.\OBJ\STM32F103.axf: Error: L6218E: Undefined symbol vMBPortTimersEnable (referred from mbascii.o).
.\OBJ\STM32F103.axf: Error: L6218E: Undefined symbol eMBRegCoilsCB (referred from mbfunccoils.o).
.\OBJ\STM32F103.axf: Error: L6218E: Undefined symbol eMBRegDiscreteCB (referred from mbfuncdisc.o).
.\OBJ\STM32F103.axf: Error: L6218E: Undefined symbol eMBRegHoldingCB (referred from mbfuncholding.o).
.\OBJ\STM32F103.axf: Error: L6218E: Undefined symbol eMBRegInputCB (referred from mbfuncinput.o).
.\OBJ\STM32F103.axf: Error: L6218E: Undefined symbol __aeabi_assert (referred from mbutils.o).
Target not created
Build target 'Target 1'
compiling mbascii.c...
freemodbus-v1.5.0\modbus\ascii\mbascii.c(157): warning:  #223-D: function "assert_param" declared implicitly
freemodbus-v1.5.0\modbus\ascii\mbascii.c(228): warning:  #223-D: function "assert_param" declared implicitly
freemodbus-v1.5.0\modbus\ascii\mbascii.c(336): warning:  #223-D: function "assert_param" declared implicitly
freemodbus-v1.5.0\modbus\ascii\mbascii.c(424): warning:  #223-D: function "assert_param" declared implicitly
freemodbus-v1.5.0\modbus\ascii\mbascii.c(465): warning:  #223-D: function "assert_param" declared implicitly
linking...
.\OBJ\STM32F103.axf: Error: L6218E: Undefined symbol assert_param (referred from mbascii.o).
.\OBJ\STM32F103.axf: Error: L6218E: Undefined symbol vMBPortTimersDisable (referred from mbascii.o).
.\OBJ\STM32F103.axf: Error: L6218E: Undefined symbol vMBPortTimersEnable (referred from mbascii.o).
.\OBJ\STM32F103.axf: Error: L6218E: Undefined symbol eMBRegCoilsCB (referred from mbfunccoils.o).
.\OBJ\STM32F103.axf: Error: L6218E: Undefined symbol eMBRegDiscreteCB (referred from mbfuncdisc.o).
.\OBJ\STM32F103.axf: Error: L6218E: Undefined symbol eMBRegHoldingCB (referred from mbfuncholding.o).
.\OBJ\STM32F103.axf: Error: L6218E: Undefined symbol eMBRegInputCB (referred from mbfuncinput.o).
.\OBJ\STM32F103.axf: Error: L6218E: Undefined symbol __aeabi_assert (referred from mbutils.o).
Target not created
Build target 'Target 1'
linking...
.\OBJ\STM32F103.axf: Error: L6218E: Undefined symbol assert_param (referred from mbascii.o).
.\OBJ\STM32F103.axf: Error: L6218E: Undefined symbol vMBPortTimersDisable (referred from mbascii.o).
.\OBJ\STM32F103.axf: Error: L6218E: Undefined symbol vMBPortTimersEnable (referred from mbascii.o).
.\OBJ\STM32F103.axf: Error: L6218E: Undefined symbol eMBRegCoilsCB (referred from mbfunccoils.o).
.\OBJ\STM32F103.axf: Error: L6218E: Undefined symbol eMBRegDiscreteCB (referred from mbfuncdisc.o).
.\OBJ\STM32F103.axf: Error: L6218E: Undefined symbol eMBRegHoldingCB (referred from mbfuncholding.o).
.\OBJ\STM32F103.axf: Error: L6218E: Undefined symbol eMBRegInputCB (referred from mbfuncinput.o).
.\OBJ\STM32F103.axf: Error: L6218E: Undefined symbol __aeabi_assert (referred from mbutils.o).
Target not created
Build target 'Target 1'
compiling mbascii.c...
linking...
.\OBJ\STM32F103.axf: Error: L6218E: Undefined symbol __aeabi_assert (referred from mbascii.o).
.\OBJ\STM32F103.axf: Error: L6218E: Undefined symbol vMBPortTimersDisable (referred from mbascii.o).
.\OBJ\STM32F103.axf: Error: L6218E: Undefined symbol vMBPortTimersEnable (referred from mbascii.o).
.\OBJ\STM32F103.axf: Error: L6218E: Undefined symbol eMBRegCoilsCB (referred from mbfunccoils.o).
.\OBJ\STM32F103.axf: Error: L6218E: Undefined symbol eMBRegDiscreteCB (referred from mbfuncdisc.o).
.\OBJ\STM32F103.axf: Error: L6218E: Undefined symbol eMBRegHoldingCB (referred from mbfuncholding.o).
.\OBJ\STM32F103.axf: Error: L6218E: Undefined symbol eMBRegInputCB (referred from mbfuncinput.o).
Target not created
Build target 'Target 1'
compiling croutine.c...
compiling event_groups.c...
compiling list.c...
compiling queue.c...
compiling tasks.c...
compiling port.c...
compiling timers.c...
compiling heap_2.c...
compiling core_cm3.c...
compiling system_stm32f10x.c...
compiling misc.c...
compiling stm32f10x_adc.c...
compiling stm32f10x_bkp.c...
compiling stm32f10x_can.c...
compiling stm32f10x_cec.c...
compiling stm32f10x_crc.c...
compiling stm32f10x_dac.c...
compiling stm32f10x_dbgmcu.c...
compiling stm32f10x_dma.c...
compiling stm32f10x_exti.c...
compiling stm32f10x_flash.c...
compiling stm32f10x_fsmc.c...
compiling stm32f10x_gpio.c...
compiling stm32f10x_i2c.c...
compiling stm32f10x_iwdg.c...
compiling stm32f10x_pwr.c...
compiling stm32f10x_rcc.c...
compiling stm32f10x_rtc.c...
compiling stm32f10x_sdio.c...
compiling stm32f10x_spi.c...
compiling stm32f10x_tim.c...
compiling stm32f10x_usart.c...
compiling stm32f10x_wwdg.c...
compiling stm32f10x_it.c...
compiling usart.c...
usr\usart.c(165): warning:  #223-D: function "strlen" declared implicitly
compiling GPIO.c...
compiling pwm.c...
compiling adc.c...
compiling dac.c...
compiling sim900a.c...
usr\sim900a.c(36): warning:  #767-D: conversion from pointer to smaller integer
usr\sim900a.c(38): warning:  #223-D: function "vTaskDelay" declared implicitly
usr\sim900a.c(46): warning:  #223-D: function "vTaskDelay" declared implicitly
compiling main.c...
usr\main.c(40): warning:  #550-D: variable "temp1" was set but never used
usr\main.c(40): warning:  #550-D: variable "temp2" was set but never used
usr\main.c(92): warning:  #111-D: statement is unreachable
compiling nvic.c...
compiling timer4.c...
compiling uart4.c...
usr\uart4.c(163): warning:  #223-D: function "vTaskDelay" declared implicitly
compiling usart2.c...
usr\usart2.c(137): warning:  #223-D: function "vTaskDelay" declared implicitly
compiling vPrintString.c...
compiling mb.c...
compiling mbascii.c...
compiling mbfunccoils.c...
compiling mbfuncdiag.c...
compiling mbfuncdisc.c...
compiling mbfuncholding.c...
compiling mbfuncinput.c...
compiling mbfuncother.c...
compiling mbutils.c...
compiling mbcrc.c...
compiling mbrtu.c...
freemodbus-v1.5.0\modbus\rtu\mbrtu.c(153): warning:  #550-D: variable "xFrameReceived" was set but never used
compiling mbtcp.c...
compiling portevent.c...
compiling portserial.c...
compiling porttimer.c...
linking...
.\OBJ\STM32F103.axf: Error: L6218E: Undefined symbol assert_failed (referred from misc.o).
.\OBJ\STM32F103.axf: Error: L6218E: Undefined symbol __aeabi_assert (referred from mbascii.o).
.\OBJ\STM32F103.axf: Error: L6218E: Undefined symbol vMBPortTimersDisable (referred from mbascii.o).
.\OBJ\STM32F103.axf: Error: L6218E: Undefined symbol vMBPortTimersEnable (referred from mbascii.o).
.\OBJ\STM32F103.axf: Error: L6218E: Undefined symbol eMBRegCoilsCB (referred from mbfunccoils.o).
.\OBJ\STM32F103.axf: Error: L6218E: Undefined symbol eMBRegDiscreteCB (referred from mbfuncdisc.o).
.\OBJ\STM32F103.axf: Error: L6218E: Undefined symbol eMBRegHoldingCB (referred from mbfuncholding.o).
.\OBJ\STM32F103.axf: Error: L6218E: Undefined symbol eMBRegInputCB (referred from mbfuncinput.o).
Target not created
Build target 'Target 1'
compiling croutine.c...
compiling event_groups.c...
compiling list.c...
compiling queue.c...
compiling tasks.c...
compiling port.c...
compiling timers.c...
compiling heap_2.c...
compiling core_cm3.c...
compiling system_stm32f10x.c...
compiling misc.c...
compiling stm32f10x_adc.c...
compiling stm32f10x_bkp.c...
compiling stm32f10x_can.c...
compiling stm32f10x_cec.c...
compiling stm32f10x_crc.c...
compiling stm32f10x_dac.c...
compiling stm32f10x_dbgmcu.c...
compiling stm32f10x_dma.c...
compiling stm32f10x_exti.c...
compiling stm32f10x_flash.c...
compiling stm32f10x_fsmc.c...
compiling stm32f10x_gpio.c...
compiling stm32f10x_i2c.c...
compiling stm32f10x_iwdg.c...
compiling stm32f10x_pwr.c...
compiling stm32f10x_rcc.c...
compiling stm32f10x_rtc.c...
compiling stm32f10x_sdio.c...
compiling stm32f10x_spi.c...
compiling stm32f10x_tim.c...
compiling stm32f10x_usart.c...
compiling stm32f10x_wwdg.c...
compiling stm32f10x_it.c...
compiling usart.c...
usr\usart.c(165): warning:  #223-D: function "strlen" declared implicitly
compiling GPIO.c...
compiling pwm.c...
compiling adc.c...
compiling dac.c...
compiling sim900a.c...
usr\sim900a.c(36): warning:  #767-D: conversion from pointer to smaller integer
usr\sim900a.c(38): warning:  #223-D: function "vTaskDelay" declared implicitly
usr\sim900a.c(46): warning:  #223-D: function "vTaskDelay" declared implicitly
compiling main.c...
usr\main.c(40): warning:  #550-D: variable "temp1" was set but never used
usr\main.c(40): warning:  #550-D: variable "temp2" was set but never used
usr\main.c(92): warning:  #111-D: statement is unreachable
compiling nvic.c...
compiling timer4.c...
compiling uart4.c...
usr\uart4.c(163): warning:  #223-D: function "vTaskDelay" declared implicitly
compiling usart2.c...
usr\usart2.c(137): warning:  #223-D: function "vTaskDelay" declared implicitly
compiling vPrintString.c...
compiling mb.c...
compiling mbascii.c...
compiling mbfunccoils.c...
compiling mbfuncdiag.c...
compiling mbfuncdisc.c...
compiling mbfuncholding.c...
compiling mbfuncinput.c...
compiling mbfuncother.c...
compiling mbutils.c...
compiling mbcrc.c...
compiling mbrtu.c...
freemodbus-v1.5.0\modbus\rtu\mbrtu.c(153): warning:  #550-D: variable "xFrameReceived" was set but never used
compiling mbtcp.c...
compiling portevent.c...
compiling portserial.c...
compiling porttimer.c...
linking...
.\OBJ\STM32F103.axf: Error: L6218E: Undefined symbol __aeabi_assert (referred from mbascii.o).
.\OBJ\STM32F103.axf: Error: L6218E: Undefined symbol vMBPortTimersDisable (referred from mbascii.o).
.\OBJ\STM32F103.axf: Error: L6218E: Undefined symbol vMBPortTimersEnable (referred from mbascii.o).
.\OBJ\STM32F103.axf: Error: L6218E: Undefined symbol eMBRegCoilsCB (referred from mbfunccoils.o).
.\OBJ\STM32F103.axf: Error: L6218E: Undefined symbol eMBRegDiscreteCB (referred from mbfuncdisc.o).
.\OBJ\STM32F103.axf: Error: L6218E: Undefined symbol eMBRegHoldingCB (referred from mbfuncholding.o).
.\OBJ\STM32F103.axf: Error: L6218E: Undefined symbol eMBRegInputCB (referred from mbfuncinput.o).
Target not created
Build target 'Target 1'
compiling mbascii.c...
linking...
.\OBJ\STM32F103.axf: Error: L6218E: Undefined symbol __aeabi_assert (referred from mbascii.o).
.\OBJ\STM32F103.axf: Error: L6218E: Undefined symbol vMBPortTimersDisable (referred from mbascii.o).
.\OBJ\STM32F103.axf: Error: L6218E: Undefined symbol vMBPortTimersEnable (referred from mbascii.o).
.\OBJ\STM32F103.axf: Error: L6218E: Undefined symbol eMBRegCoilsCB (referred from mbfunccoils.o).
.\OBJ\STM32F103.axf: Error: L6218E: Undefined symbol eMBRegDiscreteCB (referred from mbfuncdisc.o).
.\OBJ\STM32F103.axf: Error: L6218E: Undefined symbol eMBRegHoldingCB (referred from mbfuncholding.o).
.\OBJ\STM32F103.axf: Error: L6218E: Undefined symbol eMBRegInputCB (referred from mbfuncinput.o).
Target not created
Build target 'Target 1'
compiling mbascii.c...
linking...
.\OBJ\STM32F103.axf: Error: L6218E: Undefined symbol vMBPortTimersDisable (referred from mbascii.o).
.\OBJ\STM32F103.axf: Error: L6218E: Undefined symbol vMBPortTimersEnable (referred from mbascii.o).
.\OBJ\STM32F103.axf: Error: L6218E: Undefined symbol eMBRegCoilsCB (referred from mbfunccoils.o).
.\OBJ\STM32F103.axf: Error: L6218E: Undefined symbol eMBRegDiscreteCB (referred from mbfuncdisc.o).
.\OBJ\STM32F103.axf: Error: L6218E: Undefined symbol eMBRegHoldingCB (referred from mbfuncholding.o).
.\OBJ\STM32F103.axf: Error: L6218E: Undefined symbol eMBRegInputCB (referred from mbfuncinput.o).
.\OBJ\STM32F103.axf: Error: L6218E: Undefined symbol __aeabi_assert (referred from mbutils.o).
Target not created
Build target 'Target 1'
compiling mbutils.c...
linking...
.\OBJ\STM32F103.axf: Error: L6218E: Undefined symbol vMBPortTimersDisable (referred from mbascii.o).
.\OBJ\STM32F103.axf: Error: L6218E: Undefined symbol vMBPortTimersEnable (referred from mbascii.o).
.\OBJ\STM32F103.axf: Error: L6218E: Undefined symbol eMBRegCoilsCB (referred from mbfunccoils.o).
.\OBJ\STM32F103.axf: Error: L6218E: Undefined symbol eMBRegDiscreteCB (referred from mbfuncdisc.o).
.\OBJ\STM32F103.axf: Error: L6218E: Undefined symbol eMBRegHoldingCB (referred from mbfuncholding.o).
.\OBJ\STM32F103.axf: Error: L6218E: Undefined symbol eMBRegInputCB (referred from mbfuncinput.o).
.\OBJ\STM32F103.axf: Error: L6218E: Undefined symbol __aeabi_assert (referred from mbrtu.o).
Target not created
Build target 'Target 1'
compiling mbrtu.c...
freemodbus-v1.5.0\modbus\rtu\mbrtu.c(153): warning:  #550-D: variable "xFrameReceived" was set but never used
freemodbus-v1.5.0\modbus\rtu\mbrtu.c(352): error:  #65: expected a ";"
Target not created
Build target 'Target 1'
compiling mbrtu.c...
freemodbus-v1.5.0\modbus\rtu\mbrtu.c(153): warning:  #550-D: variable "xFrameReceived" was set but never used
freemodbus-v1.5.0\modbus\rtu\mbrtu.c(353): warning:  #127-D: expected a statement
linking...
.\OBJ\STM32F103.axf: Error: L6218E: Undefined symbol vMBPortTimersDisable (referred from mbascii.o).
.\OBJ\STM32F103.axf: Error: L6218E: Undefined symbol vMBPortTimersEnable (referred from mbascii.o).
.\OBJ\STM32F103.axf: Error: L6218E: Undefined symbol eMBRegCoilsCB (referred from mbfunccoils.o).
.\OBJ\STM32F103.axf: Error: L6218E: Undefined symbol eMBRegDiscreteCB (referred from mbfuncdisc.o).
.\OBJ\STM32F103.axf: Error: L6218E: Undefined symbol eMBRegHoldingCB (referred from mbfuncholding.o).
.\OBJ\STM32F103.axf: Error: L6218E: Undefined symbol eMBRegInputCB (referred from mbfuncinput.o).
Target not created
Build target 'Target 1'
compiling mb.c...
.\freemodbus-v1.5.0\demo\STM32F103ZET6\port\port.h(55): warning:  #1295-D: Deprecated declaration vMBPortTimersDisable - give arg types
compiling mbascii.c...
.\freemodbus-v1.5.0\demo\STM32F103ZET6\port\port.h(55): warning:  #1295-D: Deprecated declaration vMBPortTimersDisable - give arg types
compiling mbfunccoils.c...
.\freemodbus-v1.5.0\demo\STM32F103ZET6\port\port.h(55): warning:  #1295-D: Deprecated declaration vMBPortTimersDisable - give arg types
compiling mbfuncdisc.c...
.\freemodbus-v1.5.0\demo\STM32F103ZET6\port\port.h(55): warning:  #1295-D: Deprecated declaration vMBPortTimersDisable - give arg types
compiling mbfuncholding.c...
.\freemodbus-v1.5.0\demo\STM32F103ZET6\port\port.h(55): warning:  #1295-D: Deprecated declaration vMBPortTimersDisable - give arg types
compiling mbfuncinput.c...
.\freemodbus-v1.5.0\demo\STM32F103ZET6\port\port.h(55): warning:  #1295-D: Deprecated declaration vMBPortTimersDisable - give arg types
compiling mbfuncother.c...
.\freemodbus-v1.5.0\demo\STM32F103ZET6\port\port.h(55): warning:  #1295-D: Deprecated declaration vMBPortTimersDisable - give arg types
compiling mbutils.c...
.\freemodbus-v1.5.0\demo\STM32F103ZET6\port\port.h(55): warning:  #1295-D: Deprecated declaration vMBPortTimersDisable - give arg types
compiling mbcrc.c...
.\freemodbus-v1.5.0\demo\STM32F103ZET6\port\port.h(55): warning:  #1295-D: Deprecated declaration vMBPortTimersDisable - give arg types
compiling mbrtu.c...
.\freemodbus-v1.5.0\demo\STM32F103ZET6\port\port.h(55): warning:  #1295-D: Deprecated declaration vMBPortTimersDisable - give arg types
freemodbus-v1.5.0\modbus\rtu\mbrtu.c(153): warning:  #550-D: variable "xFrameReceived" was set but never used
freemodbus-v1.5.0\modbus\rtu\mbrtu.c(353): warning:  #127-D: expected a statement
compiling mbtcp.c...
.\freemodbus-v1.5.0\demo\STM32F103ZET6\port\port.h(55): warning:  #1295-D: Deprecated declaration vMBPortTimersDisable - give arg types
compiling portevent.c...
.\freemodbus-v1.5.0\demo\STM32F103ZET6\port\port.h(55): warning:  #1295-D: Deprecated declaration vMBPortTimersDisable - give arg types
compiling portserial.c...
freemodbus-v1.5.0\demo\STM32F103ZET6\port\port.h(55): warning:  #1295-D: Deprecated declaration vMBPortTimersDisable - give arg types
compiling porttimer.c...
freemodbus-v1.5.0\demo\STM32F103ZET6\port\port.h(55): warning:  #1295-D: Deprecated declaration vMBPortTimersDisable - give arg types
linking...
.\OBJ\STM32F103.axf: Error: L6218E: Undefined symbol vMBPortTimersDisable (referred from mbascii.o).
.\OBJ\STM32F103.axf: Error: L6218E: Undefined symbol vMBPortTimersEnable (referred from mbascii.o).
.\OBJ\STM32F103.axf: Error: L6218E: Undefined symbol eMBRegCoilsCB (referred from mbfunccoils.o).
.\OBJ\STM32F103.axf: Error: L6218E: Undefined symbol eMBRegDiscreteCB (referred from mbfuncdisc.o).
.\OBJ\STM32F103.axf: Error: L6218E: Undefined symbol eMBRegHoldingCB (referred from mbfuncholding.o).
.\OBJ\STM32F103.axf: Error: L6218E: Undefined symbol eMBRegInputCB (referred from mbfuncinput.o).
Target not created
Build target 'Target 1'
compiling mb.c...
compiling mbascii.c...
compiling mbfunccoils.c...
compiling mbfuncdisc.c...
compiling mbfuncholding.c...
compiling mbfuncinput.c...
compiling mbfuncother.c...
compiling mbutils.c...
compiling mbcrc.c...
compiling mbrtu.c...
freemodbus-v1.5.0\modbus\rtu\mbrtu.c(153): warning:  #550-D: variable "xFrameReceived" was set but never used
freemodbus-v1.5.0\modbus\rtu\mbrtu.c(353): warning:  #127-D: expected a statement
compiling mbtcp.c...
compiling portevent.c...
compiling portserial.c...
compiling porttimer.c...
linking...
.\OBJ\STM32F103.axf: Error: L6218E: Undefined symbol vMBPortTimersDisable (referred from mbascii.o).
.\OBJ\STM32F103.axf: Error: L6218E: Undefined symbol vMBPortTimersEnable (referred from mbascii.o).
.\OBJ\STM32F103.axf: Error: L6218E: Undefined symbol eMBRegCoilsCB (referred from mbfunccoils.o).
.\OBJ\STM32F103.axf: Error: L6218E: Undefined symbol eMBRegDiscreteCB (referred from mbfuncdisc.o).
.\OBJ\STM32F103.axf: Error: L6218E: Undefined symbol eMBRegHoldingCB (referred from mbfuncholding.o).
.\OBJ\STM32F103.axf: Error: L6218E: Undefined symbol eMBRegInputCB (referred from mbfuncinput.o).
Target not created
Build target 'Target 1'
compiling mb.c...
.\freemodbus-v1.5.0\demo\STM32F103ZET6\port\port.h(54): warning:  #1295-D: Deprecated declaration vMBPortTimersDisable - give arg types
compiling mbascii.c...
.\freemodbus-v1.5.0\demo\STM32F103ZET6\port\port.h(54): warning:  #1295-D: Deprecated declaration vMBPortTimersDisable - give arg types
compiling mbfunccoils.c...
.\freemodbus-v1.5.0\demo\STM32F103ZET6\port\port.h(54): warning:  #1295-D: Deprecated declaration vMBPortTimersDisable - give arg types
compiling mbfuncdisc.c...
.\freemodbus-v1.5.0\demo\STM32F103ZET6\port\port.h(54): warning:  #1295-D: Deprecated declaration vMBPortTimersDisable - give arg types
compiling mbfuncholding.c...
.\freemodbus-v1.5.0\demo\STM32F103ZET6\port\port.h(54): warning:  #1295-D: Deprecated declaration vMBPortTimersDisable - give arg types
compiling mbfuncinput.c...
.\freemodbus-v1.5.0\demo\STM32F103ZET6\port\port.h(54): warning:  #1295-D: Deprecated declaration vMBPortTimersDisable - give arg types
compiling mbfuncother.c...
.\freemodbus-v1.5.0\demo\STM32F103ZET6\port\port.h(54): warning:  #1295-D: Deprecated declaration vMBPortTimersDisable - give arg types
compiling mbutils.c...
.\freemodbus-v1.5.0\demo\STM32F103ZET6\port\port.h(54): warning:  #1295-D: Deprecated declaration vMBPortTimersDisable - give arg types
compiling mbcrc.c...
.\freemodbus-v1.5.0\demo\STM32F103ZET6\port\port.h(54): warning:  #1295-D: Deprecated declaration vMBPortTimersDisable - give arg types
compiling mbrtu.c...
.\freemodbus-v1.5.0\demo\STM32F103ZET6\port\port.h(54): warning:  #1295-D: Deprecated declaration vMBPortTimersDisable - give arg types
freemodbus-v1.5.0\modbus\rtu\mbrtu.c(153): warning:  #550-D: variable "xFrameReceived" was set but never used
freemodbus-v1.5.0\modbus\rtu\mbrtu.c(353): warning:  #127-D: expected a statement
compiling mbtcp.c...
.\freemodbus-v1.5.0\demo\STM32F103ZET6\port\port.h(54): warning:  #1295-D: Deprecated declaration vMBPortTimersDisable - give arg types
compiling portevent.c...
.\freemodbus-v1.5.0\demo\STM32F103ZET6\port\port.h(54): warning:  #1295-D: Deprecated declaration vMBPortTimersDisable - give arg types
compiling portserial.c...
freemodbus-v1.5.0\demo\STM32F103ZET6\port\port.h(54): warning:  #1295-D: Deprecated declaration vMBPortTimersDisable - give arg types
compiling porttimer.c...
freemodbus-v1.5.0\demo\STM32F103ZET6\port\port.h(54): warning:  #1295-D: Deprecated declaration vMBPortTimersDisable - give arg types
linking...
.\OBJ\STM32F103.axf: Error: L6218E: Undefined symbol vMBPortTimersDisable (referred from mbascii.o).
.\OBJ\STM32F103.axf: Error: L6218E: Undefined symbol vMBPortTimersEnable (referred from mbascii.o).
.\OBJ\STM32F103.axf: Error: L6218E: Undefined symbol eMBRegCoilsCB (referred from mbfunccoils.o).
.\OBJ\STM32F103.axf: Error: L6218E: Undefined symbol eMBRegDiscreteCB (referred from mbfuncdisc.o).
.\OBJ\STM32F103.axf: Error: L6218E: Undefined symbol eMBRegHoldingCB (referred from mbfuncholding.o).
.\OBJ\STM32F103.axf: Error: L6218E: Undefined symbol eMBRegInputCB (referred from mbfuncinput.o).
Target not created
Build target 'Target 1'
compiling mb.c...
compiling mbascii.c...
compiling mbfunccoils.c...
compiling mbfuncdisc.c...
compiling mbfuncholding.c...
compiling mbfuncinput.c...
compiling mbfuncother.c...
compiling mbutils.c...
compiling mbcrc.c...
compiling mbrtu.c...
freemodbus-v1.5.0\modbus\rtu\mbrtu.c(153): warning:  #550-D: variable "xFrameReceived" was set but never used
freemodbus-v1.5.0\modbus\rtu\mbrtu.c(353): warning:  #127-D: expected a statement
compiling mbtcp.c...
compiling portevent.c...
compiling portserial.c...
compiling porttimer.c...
linking...
.\OBJ\STM32F103.axf: Error: L6218E: Undefined symbol vMBPortTimersDisable (referred from mbascii.o).
.\OBJ\STM32F103.axf: Error: L6218E: Undefined symbol vMBPortTimersEnable (referred from mbascii.o).
.\OBJ\STM32F103.axf: Error: L6218E: Undefined symbol eMBRegCoilsCB (referred from mbfunccoils.o).
.\OBJ\STM32F103.axf: Error: L6218E: Undefined symbol eMBRegDiscreteCB (referred from mbfuncdisc.o).
.\OBJ\STM32F103.axf: Error: L6218E: Undefined symbol eMBRegHoldingCB (referred from mbfuncholding.o).
.\OBJ\STM32F103.axf: Error: L6218E: Undefined symbol eMBRegInputCB (referred from mbfuncinput.o).
Target not created
Build target 'Target 1'
compiling porttimer.c...
linking...
.\OBJ\STM32F103.axf: Error: L6218E: Undefined symbol vMBPortTimersEnable (referred from mbascii.o).
.\OBJ\STM32F103.axf: Error: L6218E: Undefined symbol eMBRegCoilsCB (referred from mbfunccoils.o).
.\OBJ\STM32F103.axf: Error: L6218E: Undefined symbol eMBRegDiscreteCB (referred from mbfuncdisc.o).
.\OBJ\STM32F103.axf: Error: L6218E: Undefined symbol eMBRegHoldingCB (referred from mbfuncholding.o).
.\OBJ\STM32F103.axf: Error: L6218E: Undefined symbol eMBRegInputCB (referred from mbfuncinput.o).
Target not created
Build target 'Target 1'
compiling mb.c...
.\freemodbus-v1.5.0\demo\STM32F103ZET6\port\port.h(54): warning:  #1295-D: Deprecated declaration vMBPortTimersDisable - give arg types
compiling mbascii.c...
.\freemodbus-v1.5.0\demo\STM32F103ZET6\port\port.h(54): warning:  #1295-D: Deprecated declaration vMBPortTimersDisable - give arg types
compiling mbfunccoils.c...
.\freemodbus-v1.5.0\demo\STM32F103ZET6\port\port.h(54): warning:  #1295-D: Deprecated declaration vMBPortTimersDisable - give arg types
compiling mbfuncdisc.c...
.\freemodbus-v1.5.0\demo\STM32F103ZET6\port\port.h(54): warning:  #1295-D: Deprecated declaration vMBPortTimersDisable - give arg types
compiling mbfuncholding.c...
.\freemodbus-v1.5.0\demo\STM32F103ZET6\port\port.h(54): warning:  #1295-D: Deprecated declaration vMBPortTimersDisable - give arg types
compiling mbfuncinput.c...
.\freemodbus-v1.5.0\demo\STM32F103ZET6\port\port.h(54): warning:  #1295-D: Deprecated declaration vMBPortTimersDisable - give arg types
compiling mbfuncother.c...
.\freemodbus-v1.5.0\demo\STM32F103ZET6\port\port.h(54): warning:  #1295-D: Deprecated declaration vMBPortTimersDisable - give arg types
compiling mbutils.c...
.\freemodbus-v1.5.0\demo\STM32F103ZET6\port\port.h(54): warning:  #1295-D: Deprecated declaration vMBPortTimersDisable - give arg types
compiling mbcrc.c...
.\freemodbus-v1.5.0\demo\STM32F103ZET6\port\port.h(54): warning:  #1295-D: Deprecated declaration vMBPortTimersDisable - give arg types
compiling mbrtu.c...
.\freemodbus-v1.5.0\demo\STM32F103ZET6\port\port.h(54): warning:  #1295-D: Deprecated declaration vMBPortTimersDisable - give arg types
freemodbus-v1.5.0\modbus\rtu\mbrtu.c(153): warning:  #550-D: variable "xFrameReceived" was set but never used
freemodbus-v1.5.0\modbus\rtu\mbrtu.c(353): warning:  #127-D: expected a statement
compiling mbtcp.c...
.\freemodbus-v1.5.0\demo\STM32F103ZET6\port\port.h(54): warning:  #1295-D: Deprecated declaration vMBPortTimersDisable - give arg types
compiling portevent.c...
.\freemodbus-v1.5.0\demo\STM32F103ZET6\port\port.h(54): warning:  #1295-D: Deprecated declaration vMBPortTimersDisable - give arg types
compiling portserial.c...
freemodbus-v1.5.0\demo\STM32F103ZET6\port\port.h(54): warning:  #1295-D: Deprecated declaration vMBPortTimersDisable - give arg types
compiling porttimer.c...
freemodbus-v1.5.0\demo\STM32F103ZET6\port\port.h(54): warning:  #1295-D: Deprecated declaration vMBPortTimersDisable - give arg types
linking...
.\OBJ\STM32F103.axf: Error: L6218E: Undefined symbol vMBPortTimersEnable (referred from mbascii.o).
.\OBJ\STM32F103.axf: Error: L6218E: Undefined symbol eMBRegCoilsCB (referred from mbfunccoils.o).
.\OBJ\STM32F103.axf: Error: L6218E: Undefined symbol eMBRegDiscreteCB (referred from mbfuncdisc.o).
.\OBJ\STM32F103.axf: Error: L6218E: Undefined symbol eMBRegHoldingCB (referred from mbfuncholding.o).
.\OBJ\STM32F103.axf: Error: L6218E: Undefined symbol eMBRegInputCB (referred from mbfuncinput.o).
Target not created
Build target 'Target 1'
compiling mb.c...
.\freemodbus-v1.5.0\demo\STM32F103ZET6\port\port.h(53): warning:  #1295-D: Deprecated declaration vMBPortTimersDisable - give arg types
compiling mbascii.c...
.\freemodbus-v1.5.0\demo\STM32F103ZET6\port\port.h(53): warning:  #1295-D: Deprecated declaration vMBPortTimersDisable - give arg types
compiling mbfunccoils.c...
.\freemodbus-v1.5.0\demo\STM32F103ZET6\port\port.h(53): warning:  #1295-D: Deprecated declaration vMBPortTimersDisable - give arg types
compiling mbfuncdisc.c...
.\freemodbus-v1.5.0\demo\STM32F103ZET6\port\port.h(53): warning:  #1295-D: Deprecated declaration vMBPortTimersDisable - give arg types
compiling mbfuncholding.c...
.\freemodbus-v1.5.0\demo\STM32F103ZET6\port\port.h(53): warning:  #1295-D: Deprecated declaration vMBPortTimersDisable - give arg types
compiling mbfuncinput.c...
.\freemodbus-v1.5.0\demo\STM32F103ZET6\port\port.h(53): warning:  #1295-D: Deprecated declaration vMBPortTimersDisable - give arg types
compiling mbfuncother.c...
.\freemodbus-v1.5.0\demo\STM32F103ZET6\port\port.h(53): warning:  #1295-D: Deprecated declaration vMBPortTimersDisable - give arg types
compiling mbutils.c...
.\freemodbus-v1.5.0\demo\STM32F103ZET6\port\port.h(53): warning:  #1295-D: Deprecated declaration vMBPortTimersDisable - give arg types
compiling mbcrc.c...
.\freemodbus-v1.5.0\demo\STM32F103ZET6\port\port.h(53): warning:  #1295-D: Deprecated declaration vMBPortTimersDisable - give arg types
compiling mbrtu.c...
.\freemodbus-v1.5.0\demo\STM32F103ZET6\port\port.h(53): warning:  #1295-D: Deprecated declaration vMBPortTimersDisable - give arg types
freemodbus-v1.5.0\modbus\rtu\mbrtu.c(153): warning:  #550-D: variable "xFrameReceived" was set but never used
freemodbus-v1.5.0\modbus\rtu\mbrtu.c(353): warning:  #127-D: expected a statement
compiling mbtcp.c...
.\freemodbus-v1.5.0\demo\STM32F103ZET6\port\port.h(53): warning:  #1295-D: Deprecated declaration vMBPortTimersDisable - give arg types
compiling portevent.c...
.\freemodbus-v1.5.0\demo\STM32F103ZET6\port\port.h(53): warning:  #1295-D: Deprecated declaration vMBPortTimersDisable - give arg types
compiling portserial.c...
freemodbus-v1.5.0\demo\STM32F103ZET6\port\port.h(53): warning:  #1295-D: Deprecated declaration vMBPortTimersDisable - give arg types
compiling porttimer.c...
freemodbus-v1.5.0\demo\STM32F103ZET6\port\port.h(53): warning:  #1295-D: Deprecated declaration vMBPortTimersDisable - give arg types
linking...
.\OBJ\STM32F103.axf: Error: L6218E: Undefined symbol vMBPortTimersEnable (referred from mbascii.o).
.\OBJ\STM32F103.axf: Error: L6218E: Undefined symbol eMBRegCoilsCB (referred from mbfunccoils.o).
.\OBJ\STM32F103.axf: Error: L6218E: Undefined symbol eMBRegDiscreteCB (referred from mbfuncdisc.o).
.\OBJ\STM32F103.axf: Error: L6218E: Undefined symbol eMBRegHoldingCB (referred from mbfuncholding.o).
.\OBJ\STM32F103.axf: Error: L6218E: Undefined symbol eMBRegInputCB (referred from mbfuncinput.o).
Target not created
Build target 'Target 1'
compiling mb.c...
compiling mbascii.c...
compiling mbfunccoils.c...
compiling mbfuncdisc.c...
compiling mbfuncholding.c...
compiling mbfuncinput.c...
compiling mbfuncother.c...
compiling mbutils.c...
compiling mbcrc.c...
compiling mbrtu.c...
freemodbus-v1.5.0\modbus\rtu\mbrtu.c(153): warning:  #550-D: variable "xFrameReceived" was set but never used
freemodbus-v1.5.0\modbus\rtu\mbrtu.c(353): warning:  #127-D: expected a statement
compiling mbtcp.c...
compiling portevent.c...
compiling portserial.c...
compiling porttimer.c...
linking...
.\OBJ\STM32F103.axf: Error: L6218E: Undefined symbol vMBPortTimersEnable (referred from mbascii.o).
.\OBJ\STM32F103.axf: Error: L6218E: Undefined symbol eMBRegCoilsCB (referred from mbfunccoils.o).
.\OBJ\STM32F103.axf: Error: L6218E: Undefined symbol eMBRegDiscreteCB (referred from mbfuncdisc.o).
.\OBJ\STM32F103.axf: Error: L6218E: Undefined symbol eMBRegHoldingCB (referred from mbfuncholding.o).
.\OBJ\STM32F103.axf: Error: L6218E: Undefined symbol eMBRegInputCB (referred from mbfuncinput.o).
Target not created
Build target 'Target 1'
compiling mb.c...
compiling mbascii.c...
compiling mbfunccoils.c...
compiling mbfuncdisc.c...
compiling mbfuncholding.c...
compiling mbfuncinput.c...
compiling mbfuncother.c...
compiling mbutils.c...
compiling mbcrc.c...
compiling mbrtu.c...
freemodbus-v1.5.0\modbus\rtu\mbrtu.c(153): warning:  #550-D: variable "xFrameReceived" was set but never used
freemodbus-v1.5.0\modbus\rtu\mbrtu.c(353): warning:  #127-D: expected a statement
compiling mbtcp.c...
compiling portevent.c...
compiling portserial.c...
compiling porttimer.c...
linking...
.\OBJ\STM32F103.axf: Error: L6218E: Undefined symbol eMBRegCoilsCB (referred from mbfunccoils.o).
.\OBJ\STM32F103.axf: Error: L6218E: Undefined symbol eMBRegDiscreteCB (referred from mbfuncdisc.o).
.\OBJ\STM32F103.axf: Error: L6218E: Undefined symbol eMBRegHoldingCB (referred from mbfuncholding.o).
.\OBJ\STM32F103.axf: Error: L6218E: Undefined symbol eMBRegInputCB (referred from mbfuncinput.o).
Target not created
