<html>
<body>
<pre>
<h1>µVision Build Log</h1>
<h2>Project:</h2>
C:\Users\jeqi\Documents\stm32f103zet6\STM32F103.uvproj
Project File Date:  08/14/2014

<h2>Output:</h2>
Build target 'Target 1'
compiling main.c...
usr\main.c(73): warning:  #111-D: statement is unreachable
        vTaskDelete(NULL);
usr\main.c(95): warning:  #111-D: statement is unreachable
        vTaskDelete(NULL);
usr\main.c(100): warning:  #550-D: variable "temp1" was set but never used
        uint16_t temp1,temp2;
usr\main.c(100): warning:  #550-D: variable "temp2" was set but never used
        uint16_t temp1,temp2;
usr\main.c: 4 warnings, 0 errors
linking...
Program Size: Code=16616 RO-data=336 RW-data=160 ZI-data=18832  
FromELF: creating hex file...
".\OBJ\STM32F103.axf" - 0 Error(s), 4 Warning(s).
Load "C:\\Users\\jeqi\\Documents\\stm32f103zet6\\OBJ\\STM32F103.axf" 
Set JLink Project File to "C:\Users\jeqi\Documents\stm32f103zet6\JLinkSettings.ini"
* JLink Info: Device "STM32F103ZE" selected (512 KB flash, 64 KB RAM).
 
JLink info:
------------
DLL: V4.80g, compiled Feb 13 2014 20:50:02
Firmware: J-Link ARM V8 compiled Nov 25 2013 19:20:08
Hardware: V8.00
S/N : 20100213 
Feature(s) : RDI,FlashDL,FlashBP,JFlash,GDBFULL 
 
* JLink Info: Found SWD-DP with ID 0x1BA01477
* JLink Info: Found SWD-DP with ID 0x1BA01477
* JLink Info: Found Cortex-M3 r1p1, Little endian.
* JLink Info: FPUnit: 6 code (BP) slots and 2 literal slots
* JLink Info: TPIU fitted.
* JLink Info: ETM fitted.
ROMTableAddr = 0xE00FF003
 
Target info:
------------
Device: STM32F103ZE
VTarget = 3.332V
State of Pins: 
TCK: 0, TDI: 1, TDO: 1, TMS: 1, TRES: 1, TRST: 1
Hardware-Breakpoints: 6
Software-Breakpoints: 8192
Watchpoints:          4
JTAG speed: 4000 kHz
 
Erase Done.
Programming Done.
Verify OK.
a=160 ZI-data=18832  
FromELF: creating hex file...
".\OBJ\STM32F103.axf" - 0 Error(s), 4 Warning(s).
Load "C:\\Users\\jeqi\\Documents\\stm32f103zet6\\OBJ\\STM32F103.axf" 
Set JLink Project File to "C:\Users\jeqi\Documents\stm32f103zet6\JLinkSettings.ini"
* JLink Info: Device "STM32F103ZE" selected (512 KB flash, 64 KB RAM).
 
JLink info:
------------
DLL: V4.80g, compiled Feb 13 2014 20:50:02
Firmware: J-Link ARM V8 compiled Nov 25 2013 19:20:08
Hardware: V8.00
S/N : 20100213 
Feature(s) : RDI,FlashDL,FlashBP,JFlash,GDBFULL 
 
* JLink Info: Found SWD-DP with ID 0x1BA01477
* JLink Info: Found SWD-DP with ID 0x1BA01477
* JLink Info: Found Cortex-M3 r1p1, Little endian.
* JLink Info: FPUnit: 6 code (BP) slots and 2 literal slots
* JLink Info: TPIU fitted.
* JLink Info: ETM fitted.
ROMTableAddr = 0xE00FF003
 
Target info:
------------
Device: STM32F103ZE
VTarget = 3.332V
State of Pins: 
TCK: 0, TDI: 1, TDO: 1, TMS: 1, TRES: 1, TRST: 1
Hardware-Breakpoints: 6
Software-Breakpoints: 8192
Watchpoints:          4
JTAG speed: 4000 kHz
 
Erase Done.
Programming Done.
Verify OK.
