<html>
<body>
<pre>
<h1>µVision Build Log</h1>
<h2>Project:</h2>
C:\Users\jeqi\Documents\F103ZET6\STM32F103.uvproj
Project File Date:  08/20/2014

<h2>Output:</h2>
Build target 'Target 1'
compiling croutine.c...
compiling event_groups.c...
compiling list.c...
compiling queue.c...
compiling tasks.c...
compiling port.c...
compiling timers.c...
compiling heap_2.c...
compiling core_cm3.c...
compiling system_stm32f10x.c...
compiling misc.c...
compiling stm32f10x_adc.c...
compiling stm32f10x_bkp.c...
compiling stm32f10x_can.c...
compiling stm32f10x_cec.c...
compiling stm32f10x_crc.c...
compiling stm32f10x_dac.c...
compiling stm32f10x_dbgmcu.c...
compiling stm32f10x_dma.c...
compiling stm32f10x_exti.c...
compiling stm32f10x_flash.c...
compiling stm32f10x_fsmc.c...
compiling stm32f10x_gpio.c...
compiling stm32f10x_i2c.c...
compiling stm32f10x_iwdg.c...
compiling stm32f10x_pwr.c...
compiling stm32f10x_rcc.c...
compiling stm32f10x_rtc.c...
compiling stm32f10x_sdio.c...
compiling stm32f10x_spi.c...
compiling stm32f10x_tim.c...
compiling stm32f10x_usart.c...
compiling stm32f10x_wwdg.c...
assembling startup_stm32f10x_hd_rtos.s...
compiling main.c...
usr\main.c(77): warning:  #111-D: statement is unreachable
        vTaskDelete(NULL);
usr\main.c(99): warning:  #111-D: statement is unreachable
        vTaskDelete(NULL);
usr\main.c(105): warning:  #550-D: variable "temp1" was set but never used
        uint16_t temp1,temp2;
usr\main.c(105): warning:  #550-D: variable "temp2" was set but never used
        uint16_t temp1,temp2;
usr\main.c: 4 warnings, 0 errors
compiling stm32f10x_it.c...
compiling usart.c...
compiling vPrintString.c...
compiling GPIO.c...
compiling pwm.c...
compiling adc.c...
compiling dac.c...
compiling usart2.c...
usr\usart2.c(137): warning:  #223-D: function "vTaskDelay" declared implicitly
                vTaskDelay(1/portTICK_RATE_MS); //check if tx finished
usr\usart2.c: 1 warning, 0 errors
compiling uart4.c...
usr\uart4.c(136): warning:  #223-D: function "vTaskDelay" declared implicitly
                vTaskDelay(1/portTICK_RATE_MS); //check if tx finished
usr\uart4.c: 1 warning, 0 errors
linking...
Program Size: Code=22532 RO-data=336 RW-data=160 ZI-data=21256  
FromELF: creating hex file...
".\OBJ\STM32F103.axf" - 0 Error(s), 6 Warning(s).
Load "C:\\Users\\jeqi\\Documents\\F103ZET6\\OBJ\\STM32F103.axf" 
Set JLink Project File to "C:\Users\jeqi\Documents\F103ZET6\JLinkSettings.ini"
* JLink Info: Device "STM32F103ZE" selected (512 KB flash, 64 KB RAM).
 
JLink info:
------------
DLL: V4.80g, compiled Feb 13 2014 20:50:02
Firmware: J-Link ARM V8 compiled Jan 31 2018 18:34:52
Hardware: V8.00
S/N : 20080643 
Feature(s) : RDI,FlashDL,FlashBP,JFlash,GDBFull 
 
* JLink Info: Found SWD-DP with ID 0x1BA01477
* JLink Info: Found SWD-DP with ID 0x1BA01477
* JLink Info: Found Cortex-M3 r1p1, Little endian.
* JLink Info: FPUnit: 6 code (BP) slots and 2 literal slots
* JLink Info: TPIU fitted.
* JLink Info: ETM fitted.
ROMTableAddr = 0xE00FF003
 
Target info:
------------
Device: STM32F103ZE
VTarget = 3.377V
State of Pins: 
TCK: 0, TDI: 1, TDO: 1, TMS: 0, TRES: 1, TRST: 1
Hardware-Breakpoints: 6
Software-Breakpoints: 8192
Watchpoints:          4
JTAG speed: 4000 kHz
 
Erase Done.
Programming Done.
Verify OK.
</pre>
</body>
</html>
